Component: ARM Compiler 5.05 update 1 (build 106) Tool: armlink [4d0efa]

==============================================================================

Section Cross References

    main.o(.text) refers to _printf_percent.o(.ARM.Collect$$_printf_percent$$00000000) for _printf_percent
    main.o(.text) refers to _printf_f.o(.ARM.Collect$$_printf_percent$$00000003) for _printf_f
    main.o(.text) refers to printf1.o(x$fpl$printf1) for _printf_fp_dec
    main.o(.text) refers to bsp.o(.text) for BSP_Init
    main.o(.text) refers to gimbaltask.o(.text) for Fire_Moter_Init
    main.o(.text) refers to dbustask.o(.text) for RemoteSelfCheck
    main.o(.text) refers to noretval__2printf.o(.text) for __2printf
    main.o(.text) refers to f2d.o(x$fpl$f2d) for __aeabi_f2d
    main.o(.text) refers to delay.o(.text) for delay_ms
    main.o(.text) refers to iwdg.o(.data) for Dog
    main.o(.text) refers to imu.o(.bss) for mydata
    my_api.o(.text) refers to cmtask.o(.text) for CM_Motor_Pidparams_init
    my_api.o(.text) refers to dbustask.o(.text) for GetInputMode
    my_api.o(.text) refers to cantask.o(.text) for Set_Gimbal_Current
    my_api.o(.text) refers to gimbaltask.o(.text) for PitchControl_Position
    my_api.o(.text) refers to my_api.o(.data) for workState
    my_api.o(.text) refers to imu.o(.bss) for mydata
    my_api.o(.text) refers to pid_modify.o(.bss) for CAN1_Motor_PID
    my_api.o(.data) refers to cmtask.o(.text) for CMControlCalc
    my_api.o(.data) refers to gimbaltask.o(.text) for YawControlCalc
    dbustask.o(.text) refers to gimbaltask.o(.text) for Set_Fire_Fre
    dbustask.o(.text) refers to my_api.o(.text) for GetWorkState
    dbustask.o(.text) refers to dbustask.o(.data) for inputmode
    dbustask.o(.text) refers to bsp.o(.data) for Bsp
    dbustask.o(.text) refers to iwdg.o(.data) for Dog
    dbustask.o(.text) refers to iwdg.o(.bss) for global_cout
    dbustask.o(.text) refers to dbus.o(.bss) for sbus_rx_buffer
    dbustask.o(.text) refers to imu.o(.bss) for mydata
    dbustask.o(.text) refers to stm32f4xx_dma.o(.text) for DMA_GetFlagStatus
    cantask.o(.text) refers to stm32f4xx_can.o(.text) for CAN_Receive
    cantask.o(.text) refers to cantask.o(.data) for new_data_p
    cantask.o(.text) refers to iwdg.o(.bss) for global_cout
    cantask.o(.text) refers to pid_modify.o(.bss) for CAN1_Motor_PID
    cantask.o(.text) refers to my_api.o(.data) for workState
    cantask.o(.text) refers to imu.o(.bss) for mydata
    remotetask.o(.text) refers to imu.o(.bss) for mydata
    pid.o(.text) refers to pid.o(.data) for Error_Last
    pid.o(.data) refers to pid.o(.text) for IncrementalPidCalc
    gimbaltask.o(.text) refers to pid_modify.o(.text) for PID_struct_init
    gimbaltask.o(.text) refers to pid.o(.text) for constrain
    gimbaltask.o(.text) refers to my_api.o(.text) for GetWorkState
    gimbaltask.o(.text) refers to pid_modify.o(.bss) for CAN1_Motor_PID
    gimbaltask.o(.text) refers to imu.o(.bss) for mydata
    gimbaltask.o(.text) refers to gimbaltask.o(.data) for Encoder_E
    gimbaltask.o(.text) refers to my_api.o(.data) for workState
    gimbaltask.o(.text) refers to bsp.o(.data) for Bsp
    gimbaltask.o(.text) refers to referee.o(.bss) for Referee_date1
    cmtask.o(.text) refers to pid_modify.o(.text) for PID_struct_init
    cmtask.o(.text) refers to my_api.o(.text) for GetWorkState
    cmtask.o(.text) refers to cantask.o(.text) for Set_CM_Speed
    cmtask.o(.text) refers to pid_modify.o(.bss) for CAN2_Motor_PID
    cmtask.o(.text) refers to my_api.o(.data) for CmCotrol
    cmtask.o(.text) refers to referee.o(.data) for g_Referee_flag
    cmtask.o(.text) refers to referee.o(.bss) for power
    bsp.o(.text) refers to pwm.o(.text) for PwmConfig
    bsp.o(.text) refers to led.o(.text) for LEDConfig
    bsp.o(.text) refers to laser.o(.text) for LaserConfig
    bsp.o(.text) refers to beep.o(.text) for BeepConfig
    bsp.o(.text) refers to delay.o(.text) for DelayConfig
    bsp.o(.text) refers to usart.o(.text) for UsartConfig
    bsp.o(.text) refers to mpu6500_driver.o(.text) for MPU6500Config
    bsp.o(.text) refers to timer.o(.text) for TimConfig
    bsp.o(.text) refers to dbus.o(.text) for DbusConfig
    bsp.o(.text) refers to can1.o(.text) for CAN1Config
    bsp.o(.text) refers to can2.o(.text) for CAN2Config
    bsp.o(.text) refers to stmflash.o(.text) for StmflashRead
    bsp.o(.text) refers to imu_int.o(.text) for IMU_INT_Config
    bsp.o(.text) refers to referee.o(.text) for Referee_init
    bsp.o(.text) refers to stm32f4xx_gpio.o(.text) for GPIO_ResetBits
    bsp.o(.data) refers to bsp.o(.text) for OpenTheGreenLed
    led.o(.text) refers to stm32f4xx_rcc.o(.text) for RCC_AHB1PeriphClockCmd
    led.o(.text) refers to stm32f4xx_gpio.o(.text) for GPIO_Init
    laser.o(.text) refers to stm32f4xx_rcc.o(.text) for RCC_AHB1PeriphClockCmd
    laser.o(.text) refers to stm32f4xx_gpio.o(.text) for GPIO_Init
    beep.o(.text) refers to stm32f4xx_rcc.o(.text) for RCC_AHB1PeriphClockCmd
[...]
    PitchControlCalc                         0x080010c1   Thumb Code   430  gimbaltask.o(.text)
    FireControlLoop                          0x0800126f   Thumb Code    38  gimbaltask.o(.text)
    PitchControl_Position                    0x08001295   Thumb Code   236  gimbaltask.o(.text)
    FireControlLoop_New                      0x08001381   Thumb Code    36  gimbaltask.o(.text)
    Set_Fire_Fre                             0x080013a5   Thumb Code    96  gimbaltask.o(.text)
    Set_Fire_Speed                           0x08001405   Thumb Code    16  gimbaltask.o(.text)
    SetFireSpeddAndFre                       0x08001415   Thumb Code    24  gimbaltask.o(.text)
    Set_Fire_Mode                            0x0800142d   Thumb Code    78  gimbaltask.o(.text)
    Heat2SetFire                             0x0800147b   Thumb Code    42  gimbaltask.o(.text)
    Fire_Motor_Pidparams_init                0x080014c1   Thumb Code    52  cmtask.o(.text)
    CM_Motor_Pidparams_init                  0x080014f5   Thumb Code    52  cmtask.o(.text)
    CMControlCalc                            0x08001529   Thumb Code   338  cmtask.o(.text)
    Power_Limit                              0x0800167b   Thumb Code   262  cmtask.o(.text)
    Fire_speed_Control                       0x08001781   Thumb Code    72  cmtask.o(.text)
    abs_limit                                0x080017f5   Thumb Code    46  pid_modify.o(.text)
    pid_calc                                 0x08001865   Thumb Code   314  pid_modify.o(.text)
    PID_struct_init                          0x0800199f   Thumb Code    88  pid_modify.o(.text)
    BSP_Init                                 0x08001a05   Thumb Code    74  bsp.o(.text)
    OpenTheGreenLed                          0x08001a4f   Thumb Code    30  bsp.o(.text)
    OpenTheRedLed                            0x08001a6d   Thumb Code    26  bsp.o(.text)
    OpenTheLaser                             0x08001a87   Thumb Code    30  bsp.o(.text)
    OpenTheMagazine                          0x08001aa5   Thumb Code    18  bsp.o(.text)
    TurnOnTheShootMotor                      0x08001ab7   Thumb Code    24  bsp.o(.text)
    LEDConfig                                0x08001ae5   Thumb Code    62  led.o(.text)
    LaserConfig                              0x08001b2d   Thumb Code    50  laser.o(.text)
    BeepConfig                               0x08001b65   Thumb Code    48  beep.o(.text)
    USART1_Gpio_Config                       0x08001b99   Thumb Code    58  dbus.o(.text)
    USART1_Config                            0x08001bd3   Thumb Code    78  dbus.o(.text)
    DMA2NVIC_Config                          0x08001c21   Thumb Code    34  dbus.o(.text)
    DMA2_Config                              0x08001c43   Thumb Code   132  dbus.o(.text)
    DbusConfig                               0x08001cc7   Thumb Code    20  dbus.o(.text)
    _sys_exit                                0x08001cf1   Thumb Code     4  usart.o(.text)
    fputc                                    0x08001cf5   Thumb Code    24  usart.o(.text)
    USART6_Gpio_Config                       0x08001d0d   Thumb Code    70  usart.o(.text)
    USART3_Gpio_Config                       0x08001d53   Thumb Code    70  usart.o(.text)
    USART3_Config                            0x08001d99   Thumb Code    90  usart.o(.text)
    USART6_Config                            0x08001df3   Thumb Code    90  usart.o(.text)
    USARTxNVIC_Config                        0x08001e4d   Thumb Code    72  usart.o(.text)
    UsartConfig                              0x08001e95   Thumb Code    16  usart.o(.text)
    USART3_IRQHandler                        0x08001ea5   Thumb Code   102  usart.o(.text)
    USART6_IRQHandler                        0x08001f0b   Thumb Code   102  usart.o(.text)
    TIM2_Config                              0x08001f85   Thumb Code    60  timer.o(.text)
    TIM3_Config                              0x08001fc1   Thumb Code    66  timer.o(.text)
    TIM4_Config                              0x08002003   Thumb Code    66  timer.o(.text)
    TIMExNVIC_Config                         0x08002045   Thumb Code    70  timer.o(.text)
    TimConfig                                0x0800208b   Thumb Code    20  timer.o(.text)
    TIM2_IRQHandler                          0x0800209f   Thumb Code    30  timer.o(.text)
    Get_Time_Micros                          0x080020bd   Thumb Code     8  timer.o(.text)
    TIM3_IRQHandler                          0x080020c5   Thumb Code    20  timer.o(.text)
    TIM4_IRQHandler                          0x080020d9   Thumb Code    26  timer.o(.text)
    TIM1_PWM_Config                          0x080020fd   Thumb Code   252  pwm.o(.text)
    TIM12_PWM_Config                         0x080021f9   Thumb Code   182  pwm.o(.text)
    PwmConfig                                0x080022af   Thumb Code    12  pwm.o(.text)
    CAN1Config                               0x080023ed   Thumb Code    16  can1.o(.text)
    CAN2Config                               0x08002521   Thumb Code    16  can2.o(.text)
    DelayConfig                              0x08002539   Thumb Code    52  delay.o(.text)
    delay_us                                 0x0800256d   Thumb Code    72  delay.o(.text)
    delay_xms                                0x080025b5   Thumb Code    72  delay.o(.text)
    delay_ms                                 0x080025fd   Thumb Code    56  delay.o(.text)
    STMFLASH_ReadWord                        0x0800263d   Thumb Code     6  stmflash.o(.text)
    STMFLASH_GetFlashSector                  0x08002643   Thumb Code   116  stmflash.o(.text)
    STMFLASH_Write                           0x080026b7   Thumb Code   146  stmflash.o(.text)
    STMFLASH_Read                            0x08002749   Thumb Code    32  stmflash.o(.text)
    StmflashWrite                            0x08002769   Thumb Code     2  stmflash.o(.text)
    StmflashRead                             0x0800276b   Thumb Code     2  stmflash.o(.text)
    Referee_init                             0x0800279d   Thumb Code   322  referee.o(.text)
    bubble_sort                              0x080028df   Thumb Code   100  referee.o(.text)
    Get_CRC8_Check_Sum                       0x08002943   Thumb Code    30  referee.o(.text)
    Verify_CRC8_Check_Sum                    0x08002961   Thumb Code    46  referee.o(.text)
    USART2_IRQHandler                        0x08002b87   Thumb Code   160  referee.o(.text)
    Append_CRC8_Check_Sum                    0x08002c27   Thumb Code    36  referee.o(.text)
    invSqrt                                  0x08002c51   Thumb Code    56  imu.o(.text)
    IMU_getValues                            0x08002c89   Thumb Code   100  imu.o(.text)
    IMU_AHRSupdate                           0x08002ced   Thumb Code  1620  imu.o(.text)
    IMU_getYawPitchRoll                      0x08003341   Thumb Code   800  imu.o(.text)
    GetPitchYawGxGyGz                        0x08003661   Thumb Code    94  imu.o(.text)
    SPI5_Gpio_Config                         0x080036c5   Thumb Code   116  spi.o(.text)
    SPI5_Config                              0x08003739   Thumb Code   104  spi.o(.text)
    SPI5_SetSpeed                            0x080037a1   Thumb Code    36  spi.o(.text)
    SPIConfig                                0x080037c5   Thumb Code    18  spi.o(.text)
    SPI5_ReadWriteByte                       0x080037d7   Thumb Code    82  spi.o(.text)
    MPU6500_Write_Reg                        0x08003831   Thumb Code    50  mpu6500_driver.o(.text)
    MPU6500_Read_Reg                         0x08003863   Thumb Code    52  mpu6500_driver.o(.text)
    MPU6500_Read_Regs                        0x08003897   Thumb Code    30  mpu6500_driver.o(.text)
    IST8310_Init                             0x080039bb   Thumb Code   242  mpu6500_driver.o(.text)
    MPU6500_Set_Accel_Fsr                    0x08003aad   Thumb Code    16  mpu6500_driver.o(.text)
    MPU6500_Set_Gyro_Fsr                     0x08003abd   Thumb Code    16  mpu6500_driver.o(.text)
    MPU6500_DataSave                         0x08003acd   Thumb Code   534  mpu6500_driver.o(.text)
    MPU6500_GetMotion6                       0x08003ce3   Thumb Code   452  mpu6500_driver.o(.text)
    MPU6050_getlastMotion6                   0x08003ea7   Thumb Code    88  mpu6500_driver.o(.text)
    MPU6500_InitGyro_offset                  0x08003eff   Thumb Code   178  mpu6500_driver.o(.text)
    Correct_Data_For_GXYZ                    0x08003fb1   Thumb Code    42  mpu6500_driver.o(.text)
    MPU6500_Init                             0x08003fdb   Thumb Code    94  mpu6500_driver.o(.text)
    MPU6500Config                            0x08004039   Thumb Code    20  mpu6500_driver.o(.text)
    IMU_INT_Config                           0x08004117   Thumb Code    16  imu_int.o(.text)
    EXTI1_IRQHandler                         0x08004127   Thumb Code    24  imu_int.o(.text)
    NVIC_PriorityGroupConfig                 0x08004149   Thumb Code    10  misc.o(.text)
    NVIC_Init                                0x08004153   Thumb Code   106  misc.o(.text)
    NVIC_SetVectorTable                      0x080041bd   Thumb Code    14  misc.o(.text)
    NVIC_SystemLPConfig                      0x080041cb   Thumb Code    34  misc.o(.text)
    SysTick_CLKSourceConfig                  0x080041ed   Thumb Code    40  misc.o(.text)
    GPIO_DeInit                              0x08004229   Thumb Code   268  stm32f4xx_gpio.o(.text)
    GPIO_Init                                0x08004335   Thumb Code   144  stm32f4xx_gpio.o(.text)
    GPIO_StructInit                          0x080043c5   Thumb Code    18  stm32f4xx_gpio.o(.text)
    GPIO_PinLockConfig                       0x080043d7   Thumb Code    34  stm32f4xx_gpio.o(.text)
    GPIO_ReadInputDataBit                    0x080043f9   Thumb Code    18  stm32f4xx_gpio.o(.text)
    GPIO_ReadInputData                       0x0800440b   Thumb Code     8  stm32f4xx_gpio.o(.text)
    GPIO_ReadOutputDataBit                   0x08004413   Thumb Code    18  stm32f4xx_gpio.o(.text)
    GPIO_ReadOutputData                      0x08004425   Thumb Code     8  stm32f4xx_gpio.o(.text)
    GPIO_SetBits                             0x0800442d   Thumb Code     4  stm32f4xx_gpio.o(.text)
    GPIO_ResetBits                           0x08004431   Thumb Code     4  stm32f4xx_gpio.o(.text)
    GPIO_WriteBit                            0x08004435   Thumb Code    10  stm32f4xx_gpio.o(.text)
    GPIO_Write                               0x0800443f   Thumb Code     4  stm32f4xx_gpio.o(.text)
    GPIO_ToggleBits                          0x08004443   Thumb Code     8  stm32f4xx_gpio.o(.text)
    GPIO_PinAFConfig                         0x0800444b   Thumb Code    70  stm32f4xx_gpio.o(.text)
    RCC_DeInit                               0x080044bd   Thumb Code    82  stm32f4xx_rcc.o(.text)
    RCC_HSEConfig                            0x0800450f   Thumb Code    14  stm32f4xx_rcc.o(.text)
    RCC_GetFlagStatus                        0x0800451d   Thumb Code    60  stm32f4xx_rcc.o(.text)
    RCC_WaitForHSEStartUp                    0x08004559   Thumb Code    56  stm32f4xx_rcc.o(.text)
    RCC_AdjustHSICalibrationValue            0x08004591   Thumb Code    20  stm32f4xx_rcc.o(.text)
    RCC_HSICmd                               0x080045a5   Thumb Code     6  stm32f4xx_rcc.o(.text)
    RCC_LSEConfig                            0x080045ab   Thumb Code    46  stm32f4xx_rcc.o(.text)
    RCC_LSICmd                               0x080045d9   Thumb Code     6  stm32f4xx_rcc.o(.text)
    RCC_PLLConfig                            0x080045df   Thumb Code    32  stm32f4xx_rcc.o(.text)
    RCC_PLLCmd                               0x080045ff   Thumb Code     6  stm32f4xx_rcc.o(.text)
    RCC_PLLI2SConfig                         0x08004605   Thumb Code    20  stm32f4xx_rcc.o(.text)
    RCC_PLLI2SCmd                            0x08004619   Thumb Code     6  stm32f4xx_rcc.o(.text)
    RCC_PLLSAIConfig                         0x0800461f   Thumb Code    20  stm32f4xx_rcc.o(.text)
    RCC_PLLSAICmd                            0x08004633   Thumb Code     6  stm32f4xx_rcc.o(.text)
    RCC_ClockSecuritySystemCmd               0x08004639   Thumb Code     6  stm32f4xx_rcc.o(.text)
    RCC_MCO1Config                           0x0800463f   Thumb Code    28  stm32f4xx_rcc.o(.text)
    RCC_MCO2Config                           0x0800465b   Thumb Code    28  stm32f4xx_rcc.o(.text)
    RCC_SYSCLKConfig                         0x08004677   Thumb Code    20  stm32f4xx_rcc.o(.text)
    RCC_GetSYSCLKSource                      0x0800468b   Thumb Code    12  stm32f4xx_rcc.o(.text)
    RCC_HCLKConfig                           0x08004697   Thumb Code    20  stm32f4xx_rcc.o(.text)
    RCC_PCLK1Config                          0x080046ab   Thumb Code    20  stm32f4xx_rcc.o(.text)
    RCC_PCLK2Config                          0x080046bf   Thumb Code    22  stm32f4xx_rcc.o(.text)
    RCC_GetClocksFreq                        0x080046d5   Thumb Code   222  stm32f4xx_rcc.o(.text)
    RCC_RTCCLKConfig                         0x080047b3   Thumb Code    54  stm32f4xx_rcc.o(.text)
    RCC_RTCCLKCmd                            0x080047e9   Thumb Code     8  stm32f4xx_rcc.o(.text)
    RCC_BackupResetCmd                       0x080047f1   Thumb Code     8  stm32f4xx_rcc.o(.text)
    RCC_I2SCLKConfig                         0x080047f9   Thumb Code     6  stm32f4xx_rcc.o(.text)
    RCC_SAIPLLI2SClkDivConfig                0x080047ff   Thumb Code    26  stm32f4xx_rcc.o(.text)
    RCC_SAIPLLSAIClkDivConfig                0x08004819   Thumb Code    28  stm32f4xx_rcc.o(.text)
    RCC_SAIBlockACLKConfig                   0x08004835   Thumb Code    20  stm32f4xx_rcc.o(.text)
    RCC_SAIBlockBCLKConfig                   0x08004849   Thumb Code    20  stm32f4xx_rcc.o(.text)
    RCC_LTDCCLKDivConfig                     0x0800485d   Thumb Code    20  stm32f4xx_rcc.o(.text)
    RCC_TIMCLKPresConfig                     0x08004871   Thumb Code     6  stm32f4xx_rcc.o(.text)
    RCC_AHB1PeriphClockCmd                   0x08004877   Thumb Code    82  stm32f4xx_rcc.o(.text)
    RCC_AHB2PeriphClockCmd                   0x080048c9   Thumb Code    26  stm32f4xx_rcc.o(.text)
    RCC_AHB3PeriphClockCmd                   0x080048e3   Thumb Code    34  stm32f4xx_rcc.o(.text)
    RCC_APB1PeriphClockCmd                   0x08004905   Thumb Code    34  stm32f4xx_rcc.o(.text)
    RCC_APB2PeriphClockCmd                   0x08004927   Thumb Code    34  stm32f4xx_rcc.o(.text)
    RCC_AHB1PeriphResetCmd                   0x08004949   Thumb Code    34  stm32f4xx_rcc.o(.text)
    RCC_AHB2PeriphResetCmd                   0x0800496b   Thumb Code    34  stm32f4xx_rcc.o(.text)
    RCC_AHB3PeriphResetCmd                   0x0800498d   Thumb Code    34  stm32f4xx_rcc.o(.text)
    RCC_APB1PeriphResetCmd                   0x080049af   Thumb Code    34  stm32f4xx_rcc.o(.text)
    RCC_APB2PeriphResetCmd                   0x080049d1   Thumb Code    34  stm32f4xx_rcc.o(.text)
    RCC_AHB1PeriphClockLPModeCmd             0x080049f3   Thumb Code    34  stm32f4xx_rcc.o(.text)
    RCC_AHB2PeriphClockLPModeCmd             0x08004a15   Thumb Code    34  stm32f4xx_rcc.o(.text)
    RCC_AHB3PeriphClockLPModeCmd             0x08004a37   Thumb Code    34  stm32f4xx_rcc.o(.text)
    RCC_APB1PeriphClockLPModeCmd             0x08004a59   Thumb Code    34  stm32f4xx_rcc.o(.text)
    RCC_APB2PeriphClockLPModeCmd             0x08004a7b   Thumb Code    34  stm32f4xx_rcc.o(.text)
    RCC_LSEModeConfig                        0x08004a9d   Thumb Code    40  stm32f4xx_rcc.o(.text)
    RCC_ITConfig                             0x08004ac5   Thumb Code    34  stm32f4xx_rcc.o(.text)
    RCC_ClearFlag                            0x08004ae7   Thumb Code    18  stm32f4xx_rcc.o(.text)
    RCC_GetITStatus                          0x08004af9   Thumb Code    22  stm32f4xx_rcc.o(.text)
    RCC_ClearITPendingBit                    0x08004b0f   Thumb Code     8  stm32f4xx_rcc.o(.text)
    SYSCFG_DeInit                            0x08004b1d   Thumb Code    22  stm32f4xx_syscfg.o(.text)
    SYSCFG_MemoryRemapConfig                 0x08004b33   Thumb Code     6  stm32f4xx_syscfg.o(.text)
    SYSCFG_MemorySwappingBank                0x08004b39   Thumb Code     6  stm32f4xx_syscfg.o(.text)
    SYSCFG_EXTILineConfig                    0x08004b3f   Thumb Code    66  stm32f4xx_syscfg.o(.text)
    SYSCFG_ETH_MediaInterfaceConfig          0x08004b81   Thumb Code     8  stm32f4xx_syscfg.o(.text)
    SYSCFG_CompensationCellCmd               0x08004b89   Thumb Code     6  stm32f4xx_syscfg.o(.text)
    SYSCFG_GetCompensationCellStatus         0x08004b8f   Thumb Code    22  stm32f4xx_syscfg.o(.text)
    USART_DeInit                             0x08004bb1   Thumb Code   206  stm32f4xx_usart.o(.text)
    USART_Init                               0x08004c7f   Thumb Code   204  stm32f4xx_usart.o(.text)
    USART_StructInit                         0x08004d4b   Thumb Code    24  stm32f4xx_usart.o(.text)
    USART_ClockInit                          0x08004d63   Thumb Code    32  stm32f4xx_usart.o(.text)
    USART_ClockStructInit                    0x08004d83   Thumb Code    12  stm32f4xx_usart.o(.text)
    USART_Cmd                                0x08004d8f   Thumb Code    24  stm32f4xx_usart.o(.text)
    USART_SetPrescaler                       0x08004da7   Thumb Code    16  stm32f4xx_usart.o(.text)
    USART_OverSampling8Cmd                   0x08004db7   Thumb Code    22  stm32f4xx_usart.o(.text)
    USART_OneBitMethodCmd                    0x08004dcd   Thumb Code    24  stm32f4xx_usart.o(.text)
    USART_SendData                           0x08004de5   Thumb Code     8  stm32f4xx_usart.o(.text)
    USART_ReceiveData                        0x08004ded   Thumb Code    10  stm32f4xx_usart.o(.text)
    USART_SetAddress                         0x08004df7   Thumb Code    18  stm32f4xx_usart.o(.text)
    USART_ReceiverWakeUpCmd                  0x08004e09   Thumb Code    24  stm32f4xx_usart.o(.text)
    USART_WakeUpConfig                       0x08004e21   Thumb Code    18  stm32f4xx_usart.o(.text)
    USART_LINBreakDetectLengthConfig         0x08004e33   Thumb Code    18  stm32f4xx_usart.o(.text)
    USART_LINCmd                             0x08004e45   Thumb Code    24  stm32f4xx_usart.o(.text)
    USART_SendBreak                          0x08004e5d   Thumb Code    10  stm32f4xx_usart.o(.text)
    USART_HalfDuplexCmd                      0x08004e67   Thumb Code    24  stm32f4xx_usart.o(.text)
    USART_SetGuardTime                       0x08004e7f   Thumb Code    16  stm32f4xx_usart.o(.text)
    USART_SmartCardCmd                       0x08004e8f   Thumb Code    24  stm32f4xx_usart.o(.text)
    USART_SmartCardNACKCmd                   0x08004ea7   Thumb Code    24  stm32f4xx_usart.o(.text)
    USART_IrDAConfig                         0x08004ebf   Thumb Code    18  stm32f4xx_usart.o(.text)
    USART_IrDACmd                            0x08004ed1   Thumb Code    24  stm32f4xx_usart.o(.text)
    USART_DMACmd                             0x08004ee9   Thumb Code    18  stm32f4xx_usart.o(.text)
    USART_ITConfig                           0x08004efb   Thumb Code    74  stm32f4xx_usart.o(.text)
    USART_GetFlagStatus                      0x08004f45   Thumb Code    26  stm32f4xx_usart.o(.text)
    USART_ClearFlag                          0x08004f5f   Thumb Code    18  stm32f4xx_usart.o(.text)
    USART_GetITStatus                        0x08004f71   Thumb Code   118  stm32f4xx_usart.o(.text)
    USART_ClearITPendingBit                  0x08004fe7   Thumb Code    30  stm32f4xx_usart.o(.text)
    CAN_DeInit                               0x08005005   Thumb Code    50  stm32f4xx_can.o(.text)
    CAN_Init                                 0x08005037   Thumb Code   276  stm32f4xx_can.o(.text)
    CAN_FilterInit                           0x0800514b   Thumb Code   258  stm32f4xx_can.o(.text)
    CAN_StructInit                           0x0800524d   Thumb Code    32  stm32f4xx_can.o(.text)
    CAN_SlaveStartBank                       0x0800526d   Thumb Code    48  stm32f4xx_can.o(.text)
    CAN_DBGFreeze                            0x0800529d   Thumb Code    22  stm32f4xx_can.o(.text)
    CAN_TTComModeCmd                         0x080052b3   Thumb Code   118  stm32f4xx_can.o(.text)
    CAN_Transmit                             0x08005329   Thumb Code   304  stm32f4xx_can.o(.text)
    CAN_TransmitStatus                       0x08005459   Thumb Code   138  stm32f4xx_can.o(.text)
    CAN_CancelTransmit                       0x080054e3   Thumb Code    48  stm32f4xx_can.o(.text)
    CAN_Receive                              0x08005513   Thumb Code   240  stm32f4xx_can.o(.text)
    CAN_FIFORelease                          0x08005603   Thumb Code    22  stm32f4xx_can.o(.text)
    CAN_MessagePending                       0x08005619   Thumb Code    30  stm32f4xx_can.o(.text)
    CAN_OperatingModeRequest                 0x08005637   Thumb Code   162  stm32f4xx_can.o(.text)
    CAN_Sleep                                0x080056d9   Thumb Code    30  stm32f4xx_can.o(.text)
    CAN_WakeUp                               0x080056f7   Thumb Code    48  stm32f4xx_can.o(.text)
    CAN_GetLastErrorCode                     0x08005727   Thumb Code    12  stm32f4xx_can.o(.text)
    CAN_GetReceiveErrorCounter               0x08005733   Thumb Code    10  stm32f4xx_can.o(.text)
    CAN_GetLSBTransmitErrorCounter           0x0800573d   Thumb Code    12  stm32f4xx_can.o(.text)
    CAN_ITConfig                             0x08005749   Thumb Code    18  stm32f4xx_can.o(.text)
    CAN_GetFlagStatus                        0x0800575b   Thumb Code   120  stm32f4xx_can.o(.text)
    CAN_ClearFlag                            0x080057d3   Thumb Code    52  stm32f4xx_can.o(.text)
    CAN_GetITStatus                          0x08005819   Thumb Code   310  stm32f4xx_can.o(.text)
    CAN_ClearITPendingBit                    0x0800594f   Thumb Code   162  stm32f4xx_can.o(.text)
    DMA_DeInit                               0x080059f5   Thumb Code   324  stm32f4xx_dma.o(.text)
    DMA_Init                                 0x08005b39   Thumb Code    82  stm32f4xx_dma.o(.text)
    DMA_StructInit                           0x08005b8b   Thumb Code    34  stm32f4xx_dma.o(.text)
    DMA_Cmd                                  0x08005bad   Thumb Code    22  stm32f4xx_dma.o(.text)
    DMA_PeriphIncOffsetSizeConfig            0x08005bc3   Thumb Code    22  stm32f4xx_dma.o(.text)
    DMA_FlowControllerConfig                 0x08005bd9   Thumb Code    22  stm32f4xx_dma.o(.text)
    DMA_SetCurrDataCounter                   0x08005bef   Thumb Code     4  stm32f4xx_dma.o(.text)
    DMA_GetCurrDataCounter                   0x08005bf3   Thumb Code     8  stm32f4xx_dma.o(.text)
    DMA_DoubleBufferModeConfig               0x08005bfb   Thumb Code    24  stm32f4xx_dma.o(.text)
    DMA_DoubleBufferModeCmd                  0x08005c13   Thumb Code    22  stm32f4xx_dma.o(.text)
    DMA_MemoryTargetConfig                   0x08005c29   Thumb Code    10  stm32f4xx_dma.o(.text)
    DMA_GetCurrentMemoryTarget               0x08005c33   Thumb Code    20  stm32f4xx_dma.o(.text)
    DMA_GetCmdStatus                         0x08005c47   Thumb Code    20  stm32f4xx_dma.o(.text)
    DMA_GetFIFOStatus                        0x08005c5b   Thumb Code    12  stm32f4xx_dma.o(.text)
    DMA_GetFlagStatus                        0x08005c67   Thumb Code    56  stm32f4xx_dma.o(.text)
    DMA_ClearFlag                            0x08005c9f   Thumb Code    40  stm32f4xx_dma.o(.text)
    DMA_ITConfig                             0x08005cc7   Thumb Code    58  stm32f4xx_dma.o(.text)
    DMA_GetITStatus                          0x08005d01   Thumb Code    84  stm32f4xx_dma.o(.text)
    DMA_ClearITPendingBit                    0x08005d55   Thumb Code    40  stm32f4xx_dma.o(.text)
    TIM_DeInit                               0x08005d9d   Thumb Code   346  stm32f4xx_tim.o(.text)
    TIM_TimeBaseInit                         0x08005ef7   Thumb Code   104  stm32f4xx_tim.o(.text)
    TIM_TimeBaseStructInit                   0x08005f5f   Thumb Code    18  stm32f4xx_tim.o(.text)
    TIM_PrescalerConfig                      0x08005f71   Thumb Code     6  stm32f4xx_tim.o(.text)
    TIM_CounterModeConfig                    0x08005f77   Thumb Code    18  stm32f4xx_tim.o(.text)
    TIM_SetCounter                           0x08005f89   Thumb Code     4  stm32f4xx_tim.o(.text)
    TIM_SetAutoreload                        0x08005f8d   Thumb Code     4  stm32f4xx_tim.o(.text)
    TIM_GetCounter                           0x08005f91   Thumb Code     6  stm32f4xx_tim.o(.text)
    TIM_GetPrescaler                         0x08005f97   Thumb Code     6  stm32f4xx_tim.o(.text)
    TIM_UpdateDisableConfig                  0x08005f9d   Thumb Code    24  stm32f4xx_tim.o(.text)
    TIM_UpdateRequestConfig                  0x08005fb5   Thumb Code    24  stm32f4xx_tim.o(.text)
    TIM_ARRPreloadConfig                     0x08005fcd   Thumb Code    24  stm32f4xx_tim.o(.text)
    TIM_SelectOnePulseMode                   0x08005fe5   Thumb Code    18  stm32f4xx_tim.o(.text)
    TIM_SetClockDivision                     0x08005ff7   Thumb Code    18  stm32f4xx_tim.o(.text)
    TIM_Cmd                                  0x08006009   Thumb Code    24  stm32f4xx_tim.o(.text)
    TIM_OC1Init                              0x08006021   Thumb Code   114  stm32f4xx_tim.o(.text)
    TIM_OC2Init                              0x08006093   Thumb Code   154  stm32f4xx_tim.o(.text)
    TIM_OC3Init                              0x0800612d   Thumb Code   204  stm32f4xx_tim.o(.text)
    TIM_OC4Init                              0x080061f9   Thumb Code   112  stm32f4xx_tim.o(.text)
    TIM_OCStructInit                         0x08006269   Thumb Code    20  stm32f4xx_tim.o(.text)
    TIM_SelectOCxM                           0x0800627d   Thumb Code    86  stm32f4xx_tim.o(.text)
    TIM_SetCompare1                          0x080062d3   Thumb Code     4  stm32f4xx_tim.o(.text)
    TIM_SetCompare2                          0x080062d7   Thumb Code     4  stm32f4xx_tim.o(.text)
    TIM_SetCompare3                          0x080062db   Thumb Code     4  stm32f4xx_tim.o(.text)
    TIM_SetCompare4                          0x080062df   Thumb Code     4  stm32f4xx_tim.o(.text)
    TIM_ForcedOC1Config                      0x080062e3   Thumb Code    18  stm32f4xx_tim.o(.text)
    TIM_ForcedOC2Config                      0x080062f5   Thumb Code    26  stm32f4xx_tim.o(.text)
    TIM_ForcedOC3Config                      0x0800630f   Thumb Code    18  stm32f4xx_tim.o(.text)
    TIM_ForcedOC4Config                      0x08006321   Thumb Code    26  stm32f4xx_tim.o(.text)
    TIM_OC1PreloadConfig                     0x0800633b   Thumb Code    18  stm32f4xx_tim.o(.text)
    TIM_OC2PreloadConfig                     0x0800634d   Thumb Code    26  stm32f4xx_tim.o(.text)
    TIM_OC3PreloadConfig                     0x08006367   Thumb Code    18  stm32f4xx_tim.o(.text)
    TIM_OC4PreloadConfig                     0x08006379   Thumb Code    26  stm32f4xx_tim.o(.text)
    TIM_OC1FastConfig                        0x08006393   Thumb Code    18  stm32f4xx_tim.o(.text)
    TIM_OC2FastConfig                        0x080063a5   Thumb Code    26  stm32f4xx_tim.o(.text)
    TIM_OC3FastConfig                        0x080063bf   Thumb Code    18  stm32f4xx_tim.o(.text)
    TIM_OC4FastConfig                        0x080063d1   Thumb Code    26  stm32f4xx_tim.o(.text)
    TIM_ClearOC1Ref                          0x080063eb   Thumb Code    18  stm32f4xx_tim.o(.text)
    TIM_ClearOC2Ref                          0x080063fd   Thumb Code    24  stm32f4xx_tim.o(.text)
    TIM_ClearOC3Ref                          0x08006415   Thumb Code    18  stm32f4xx_tim.o(.text)
    TIM_ClearOC4Ref                          0x08006427   Thumb Code    24  stm32f4xx_tim.o(.text)
    TIM_OC1PolarityConfig                    0x0800643f   Thumb Code    18  stm32f4xx_tim.o(.text)
    TIM_OC1NPolarityConfig                   0x08006451   Thumb Code    18  stm32f4xx_tim.o(.text)
    TIM_OC2PolarityConfig                    0x08006463   Thumb Code    26  stm32f4xx_tim.o(.text)
    TIM_OC2NPolarityConfig                   0x0800647d   Thumb Code    26  stm32f4xx_tim.o(.text)
    TIM_OC3PolarityConfig                    0x08006497   Thumb Code    26  stm32f4xx_tim.o(.text)
    TIM_OC3NPolarityConfig                   0x080064b1   Thumb Code    26  stm32f4xx_tim.o(.text)
    TIM_OC4PolarityConfig                    0x080064cb   Thumb Code    26  stm32f4xx_tim.o(.text)
    TIM_CCxCmd                               0x080064e5   Thumb Code    30  stm32f4xx_tim.o(.text)
    TIM_CCxNCmd                              0x08006503   Thumb Code    30  stm32f4xx_tim.o(.text)
    TIM_SetIC4Prescaler                      0x08006521   Thumb Code    26  stm32f4xx_tim.o(.text)
    TIM_SetIC3Prescaler                      0x0800658b   Thumb Code    18  stm32f4xx_tim.o(.text)
    TIM_SetIC2Prescaler                      0x080065e5   Thumb Code    26  stm32f4xx_tim.o(.text)
    TIM_SetIC1Prescaler                      0x08006659   Thumb Code    18  stm32f4xx_tim.o(.text)
    TIM_ICInit                               0x080066a5   Thumb Code   110  stm32f4xx_tim.o(.text)
    TIM_ICStructInit                         0x08006713   Thumb Code    18  stm32f4xx_tim.o(.text)
    TIM_PWMIConfig                           0x08006725   Thumb Code   124  stm32f4xx_tim.o(.text)
    TIM_GetCapture1                          0x080067a1   Thumb Code     6  stm32f4xx_tim.o(.text)
    TIM_GetCapture2                          0x080067a7   Thumb Code     6  stm32f4xx_tim.o(.text)
    TIM_GetCapture3                          0x080067ad   Thumb Code     6  stm32f4xx_tim.o(.text)
    TIM_GetCapture4                          0x080067b3   Thumb Code     6  stm32f4xx_tim.o(.text)
    TIM_BDTRConfig                           0x080067b9   Thumb Code    32  stm32f4xx_tim.o(.text)
    TIM_BDTRStructInit                       0x080067d9   Thumb Code    18  stm32f4xx_tim.o(.text)
    TIM_CtrlPWMOutputs                       0x080067eb   Thumb Code    30  stm32f4xx_tim.o(.text)
    TIM_SelectCOM                            0x08006809   Thumb Code    24  stm32f4xx_tim.o(.text)
    TIM_CCPreloadControl                     0x08006821   Thumb Code    24  stm32f4xx_tim.o(.text)
    TIM_ITConfig                             0x08006839   Thumb Code    18  stm32f4xx_tim.o(.text)
    TIM_GenerateEvent                        0x0800684b   Thumb Code     4  stm32f4xx_tim.o(.text)
    TIM_GetFlagStatus                        0x0800684f   Thumb Code    18  stm32f4xx_tim.o(.text)
    TIM_ClearFlag                            0x08006861   Thumb Code     6  stm32f4xx_tim.o(.text)
    TIM_GetITStatus                          0x08006867   Thumb Code    34  stm32f4xx_tim.o(.text)
    TIM_ClearITPendingBit                    0x08006889   Thumb Code     6  stm32f4xx_tim.o(.text)
    TIM_DMAConfig                            0x0800688f   Thumb Code    10  stm32f4xx_tim.o(.text)
    TIM_DMACmd                               0x08006899   Thumb Code    18  stm32f4xx_tim.o(.text)
    TIM_SelectCCDMA                          0x080068ab   Thumb Code    24  stm32f4xx_tim.o(.text)
    TIM_InternalClockConfig                  0x080068c3   Thumb Code    12  stm32f4xx_tim.o(.text)
    TIM_SelectInputTrigger                   0x080068cf   Thumb Code    18  stm32f4xx_tim.o(.text)
    TIM_ITRxExternalClockConfig              0x080068e1   Thumb Code    24  stm32f4xx_tim.o(.text)
    TIM_TIxExternalClockConfig               0x080068f9   Thumb Code    62  stm32f4xx_tim.o(.text)
    TIM_ETRConfig                            0x08006937   Thumb Code    28  stm32f4xx_tim.o(.text)
    TIM_ETRClockMode1Config                  0x08006953   Thumb Code    54  stm32f4xx_tim.o(.text)
    TIM_ETRClockMode2Config                  0x08006989   Thumb Code    32  stm32f4xx_tim.o(.text)
    TIM_SelectOutputTrigger                  0x080069a9   Thumb Code    18  stm32f4xx_tim.o(.text)
    TIM_SelectSlaveMode                      0x080069bb   Thumb Code    18  stm32f4xx_tim.o(.text)
    TIM_SelectMasterSlaveMode                0x080069cd   Thumb Code    18  stm32f4xx_tim.o(.text)
    TIM_EncoderInterfaceConfig               0x080069df   Thumb Code    66  stm32f4xx_tim.o(.text)
    TIM_SelectHallSensor                     0x08006a21   Thumb Code    24  stm32f4xx_tim.o(.text)
    TIM_RemapConfig                          0x08006a39   Thumb Code     6  stm32f4xx_tim.o(.text)
    SPI_I2S_DeInit                           0x08006a41   Thumb Code   152  stm32f4xx_spi.o(.text)
    SPI_Init                                 0x08006ad9   Thumb Code    60  stm32f4xx_spi.o(.text)
    I2S_Init                                 0x08006b15   Thumb Code   396  stm32f4xx_spi.o(.text)
    SPI_StructInit                           0x08006ca1   Thumb Code    24  stm32f4xx_spi.o(.text)
    I2S_StructInit                           0x08006cb9   Thumb Code    20  stm32f4xx_spi.o(.text)
    SPI_Cmd                                  0x08006ccd   Thumb Code    24  stm32f4xx_spi.o(.text)
    I2S_Cmd                                  0x08006ce5   Thumb Code    24  stm32f4xx_spi.o(.text)
    SPI_DataSizeConfig                       0x08006cfd   Thumb Code    18  stm32f4xx_spi.o(.text)
    SPI_BiDirectionalLineConfig              0x08006d0f   Thumb Code    28  stm32f4xx_spi.o(.text)
    SPI_NSSInternalSoftwareConfig            0x08006d2b   Thumb Code    30  stm32f4xx_spi.o(.text)
    SPI_SSOutputCmd                          0x08006d49   Thumb Code    24  stm32f4xx_spi.o(.text)
    SPI_TIModeCmd                            0x08006d61   Thumb Code    14  stm32f4xx_spi.o(.text)
    I2S_FullDuplexConfig                     0x08006d6f   Thumb Code    80  stm32f4xx_spi.o(.text)
    SPI_I2S_ReceiveData                      0x08006dbf   Thumb Code     6  stm32f4xx_spi.o(.text)
    SPI_I2S_SendData                         0x08006dc5   Thumb Code     4  stm32f4xx_spi.o(.text)
    SPI_I2S_GetFlagStatus                    0x08006dc9   Thumb Code    18  stm32f4xx_spi.o(.text)
    SPI_TransmitReceive                      0x08006ddb   Thumb Code   156  stm32f4xx_spi.o(.text)
    SPI_CalculateCRC                         0x08006e77   Thumb Code    24  stm32f4xx_spi.o(.text)
    SPI_TransmitCRC                          0x08006e8f   Thumb Code    10  stm32f4xx_spi.o(.text)
    SPI_GetCRC                               0x08006e99   Thumb Code    16  stm32f4xx_spi.o(.text)
    SPI_GetCRCPolynomial                     0x08006ea9   Thumb Code     6  stm32f4xx_spi.o(.text)
    SPI_I2S_DMACmd                           0x08006eaf   Thumb Code    18  stm32f4xx_spi.o(.text)
    SPI_I2S_ITConfig                         0x08006ec1   Thumb Code    32  stm32f4xx_spi.o(.text)
    SPI_I2S_ClearFlag                        0x08006ee1   Thumb Code     6  stm32f4xx_spi.o(.text)
    SPI_I2S_GetITStatus                      0x08006ee7   Thumb Code    52  stm32f4xx_spi.o(.text)
    SPI_I2S_ClearITPendingBit                0x08006f1b   Thumb Code    20  stm32f4xx_spi.o(.text)
    FLASH_SetLatency                         0x08006f31   Thumb Code     6  stm32f4xx_flash.o(.text)
    FLASH_PrefetchBufferCmd                  0x08006f37   Thumb Code    30  stm32f4xx_flash.o(.text)
    FLASH_InstructionCacheCmd                0x08006f55   Thumb Code    30  stm32f4xx_flash.o(.text)
    FLASH_DataCacheCmd                       0x08006f73   Thumb Code    30  stm32f4xx_flash.o(.text)
    FLASH_InstructionCacheReset              0x08006f91   Thumb Code    14  stm32f4xx_flash.o(.text)
    FLASH_DataCacheReset                     0x08006f9f   Thumb Code    14  stm32f4xx_flash.o(.text)
    FLASH_Unlock                             0x08006fad   Thumb Code    26  stm32f4xx_flash.o(.text)
    FLASH_Lock                               0x08006fc7   Thumb Code    18  stm32f4xx_flash.o(.text)
    FLASH_GetStatus                          0x08006fd9   Thumb Code    90  stm32f4xx_flash.o(.text)
    FLASH_WaitForLastOperation               0x08007033   Thumb Code    34  stm32f4xx_flash.o(.text)
    FLASH_EraseSector                        0x08007055   Thumb Code   140  stm32f4xx_flash.o(.text)
    FLASH_EraseAllSectors                    0x080070e1   Thumb Code   118  stm32f4xx_flash.o(.text)
    FLASH_EraseAllBank1Sectors               0x08007157   Thumb Code   112  stm32f4xx_flash.o(.text)
    FLASH_EraseAllBank2Sectors               0x080071c7   Thumb Code   112  stm32f4xx_flash.o(.text)
    FLASH_ProgramDoubleWord                  0x08007237   Thumb Code    86  stm32f4xx_flash.o(.text)
    FLASH_ProgramWord                        0x0800728d   Thumb Code    82  stm32f4xx_flash.o(.text)
    FLASH_ProgramHalfWord                    0x080072df   Thumb Code    96  stm32f4xx_flash.o(.text)
    FLASH_ProgramByte                        0x0800733f   Thumb Code    70  stm32f4xx_flash.o(.text)
    FLASH_OB_Unlock                          0x08007385   Thumb Code    26  stm32f4xx_flash.o(.text)
    FLASH_OB_Lock                            0x0800739f   Thumb Code    18  stm32f4xx_flash.o(.text)
    FLASH_OB_WRPConfig                       0x080073b1   Thumb Code    54  stm32f4xx_flash.o(.text)
    FLASH_OB_WRP1Config                      0x080073e7   Thumb Code    54  stm32f4xx_flash.o(.text)
    FLASH_OB_PCROPSelectionConfig            0x0800741d   Thumb Code    24  stm32f4xx_flash.o(.text)
    FLASH_OB_PCROPConfig                     0x08007435   Thumb Code    54  stm32f4xx_flash.o(.text)
    FLASH_OB_PCROP1Config                    0x0800746b   Thumb Code    54  stm32f4xx_flash.o(.text)
    FLASH_OB_RDPConfig                       0x080074a1   Thumb Code    24  stm32f4xx_flash.o(.text)
    FLASH_OB_UserConfig                      0x080074b9   Thumb Code    46  stm32f4xx_flash.o(.text)
    FLASH_OB_BootConfig                      0x080074e7   Thumb Code    26  stm32f4xx_flash.o(.text)
    FLASH_OB_BORConfig                       0x08007501   Thumb Code    26  stm32f4xx_flash.o(.text)
    FLASH_OB_Launch                          0x0800751b   Thumb Code    30  stm32f4xx_flash.o(.text)
    FLASH_OB_GetUser                         0x08007539   Thumb Code    12  stm32f4xx_flash.o(.text)
    FLASH_OB_GetWRP                          0x08007545   Thumb Code     8  stm32f4xx_flash.o(.text)
    FLASH_OB_GetWRP1                         0x0800754d   Thumb Code     8  stm32f4xx_flash.o(.text)
    FLASH_OB_GetPCROP                        0x08007555   Thumb Code     8  stm32f4xx_flash.o(.text)
    FLASH_OB_GetPCROP1                       0x0800755d   Thumb Code     8  stm32f4xx_flash.o(.text)
    FLASH_OB_GetRDP                          0x08007565   Thumb Code    20  stm32f4xx_flash.o(.text)
    FLASH_OB_GetBOR                          0x08007579   Thumb Code    12  stm32f4xx_flash.o(.text)
    FLASH_ITConfig                           0x08007585   Thumb Code    26  stm32f4xx_flash.o(.text)
    FLASH_GetFlagStatus                      0x0800759f   Thumb Code    22  stm32f4xx_flash.o(.text)
    FLASH_ClearFlag                          0x080075b5   Thumb Code     8  stm32f4xx_flash.o(.text)
    NMI_Handler                              0x080075c9   Thumb Code     2  stm32f4xx_it.o(.text)
    HardFault_Handler                        0x080075cb   Thumb Code     4  stm32f4xx_it.o(.text)
    MemManage_Handler                        0x080075cf   Thumb Code     4  stm32f4xx_it.o(.text)
    BusFault_Handler                         0x080075d3   Thumb Code     4  stm32f4xx_it.o(.text)
    UsageFault_Handler                       0x080075d7   Thumb Code     4  stm32f4xx_it.o(.text)
    SVC_Handler                              0x080075db   Thumb Code     2  stm32f4xx_it.o(.text)
    DebugMon_Handler                         0x080075dd   Thumb Code     2  stm32f4xx_it.o(.text)
    PendSV_Handler                           0x080075df   Thumb Code     2  stm32f4xx_it.o(.text)
    SysTick_Handler                          0x080075e1   Thumb Code     2  stm32f4xx_it.o(.text)
    SystemInit                               0x080076f5   Thumb Code    88  system_stm32f4xx.o(.text)
    SystemCoreClockUpdate                    0x0800774d   Thumb Code   174  system_stm32f4xx.o(.text)
    EXTI_DeInit                              0x08007829   Thumb Code    28  stm32f4xx_exti.o(.text)
    EXTI_Init                                0x08007845   Thumb Code   142  stm32f4xx_exti.o(.text)
    EXTI_StructInit                          0x080078d3   Thumb Code    16  stm32f4xx_exti.o(.text)
    EXTI_GenerateSWInterrupt                 0x080078e3   Thumb Code    16  stm32f4xx_exti.o(.text)
    EXTI_GetFlagStatus                       0x080078f3   Thumb Code    22  stm32f4xx_exti.o(.text)
    EXTI_ClearFlag                           0x08007909   Thumb Code     8  stm32f4xx_exti.o(.text)
    EXTI_GetITStatus                         0x08007911   Thumb Code    22  stm32f4xx_exti.o(.text)
    EXTI_ClearITPendingBit                   0x08007927   Thumb Code     8  stm32f4xx_exti.o(.text)
    Reset_Handler                            0x08007939   Thumb Code     8  startup_stm32f427_437xx.o(.text)
    ADC_IRQHandler                           0x08007953   Thumb Code     0  startup_stm32f427_437xx.o(.text)
    CAN1_RX1_IRQHandler                      0x08007953   Thumb Code     0  startup_stm32f427_437xx.o(.text)
    CAN1_SCE_IRQHandler                      0x08007953   Thumb Code     0  startup_stm32f427_437xx.o(.text)
    CAN2_RX1_IRQHandler                      0x08007953   Thumb Code     0  startup_stm32f427_437xx.o(.text)
    CAN2_SCE_IRQHandler                      0x08007953   Thumb Code     0  startup_stm32f427_437xx.o(.text)
    CRYP_IRQHandler                          0x08007953   Thumb Code     0  startup_stm32f427_437xx.o(.text)
    DCMI_IRQHandler                          0x08007953   Thumb Code     0  startup_stm32f427_437xx.o(.text)
    DMA1_Stream0_IRQHandler                  0x08007953   Thumb Code     0  startup_stm32f427_437xx.o(.text)
    DMA1_Stream1_IRQHandler                  0x08007953   Thumb Code     0  startup_stm32f427_437xx.o(.text)
    DMA1_Stream2_IRQHandler                  0x08007953   Thumb Code     0  startup_stm32f427_437xx.o(.text)
    DMA1_Stream3_IRQHandler                  0x08007953   Thumb Code     0  startup_stm32f427_437xx.o(.text)
    DMA1_Stream4_IRQHandler                  0x08007953   Thumb Code     0  startup_stm32f427_437xx.o(.text)
    DMA1_Stream5_IRQHandler                  0x08007953   Thumb Code     0  startup_stm32f427_437xx.o(.text)
    DMA1_Stream6_IRQHandler                  0x08007953   Thumb Code     0  startup_stm32f427_437xx.o(.text)
    DMA1_Stream7_IRQHandler                  0x08007953   Thumb Code     0  startup_stm32f427_437xx.o(.text)
    DMA2D_IRQHandler                         0x08007953   Thumb Code     0  startup_stm32f427_437xx.o(.text)
    DMA2_Stream0_IRQHandler                  0x08007953   Thumb Code     0  startup_stm32f427_437xx.o(.text)
    DMA2_Stream1_IRQHandler                  0x08007953   Thumb Code     0  startup_stm32f427_437xx.o(.text)
    DMA2_Stream2_IRQHandler                  0x08007953   Thumb Code     0  startup_stm32f427_437xx.o(.text)
    DMA2_Stream3_IRQHandler                  0x08007953   Thumb Code     0  startup_stm32f427_437xx.o(.text)
    DMA2_Stream4_IRQHandler                  0x08007953   Thumb Code     0  startup_stm32f427_437xx.o(.text)
    DMA2_Stream6_IRQHandler                  0x08007953   Thumb Code     0  startup_stm32f427_437xx.o(.text)
    DMA2_Stream7_IRQHandler                  0x08007953   Thumb Code     0  startup_stm32f427_437xx.o(.text)
    ETH_IRQHandler                           0x08007953   Thumb Code     0  startup_stm32f427_437xx.o(.text)
    ETH_WKUP_IRQHandler                      0x08007953   Thumb Code     0  startup_stm32f427_437xx.o(.text)
    EXTI0_IRQHandler                         0x08007953   Thumb Code     0  startup_stm32f427_437xx.o(.text)
    EXTI15_10_IRQHandler                     0x08007953   Thumb Code     0  startup_stm32f427_437xx.o(.text)
    EXTI2_IRQHandler                         0x08007953   Thumb Code     0  startup_stm32f427_437xx.o(.text)
    EXTI3_IRQHandler                         0x08007953   Thumb Code     0  startup_stm32f427_437xx.o(.text)
    EXTI4_IRQHandler                         0x08007953   Thumb Code     0  startup_stm32f427_437xx.o(.text)
    EXTI9_5_IRQHandler                       0x08007953   Thumb Code     0  startup_stm32f427_437xx.o(.text)
    FLASH_IRQHandler                         0x08007953   Thumb Code     0  startup_stm32f427_437xx.o(.text)
    FMC_IRQHandler                           0x08007953   Thumb Code     0  startup_stm32f427_437xx.o(.text)
    FPU_IRQHandler                           0x08007953   Thumb Code     0  startup_stm32f427_437xx.o(.text)
    HASH_RNG_IRQHandler                      0x08007953   Thumb Code     0  startup_stm32f427_437xx.o(.text)
    I2C1_ER_IRQHandler                       0x08007953   Thumb Code     0  startup_stm32f427_437xx.o(.text)
    I2C1_EV_IRQHandler                       0x08007953   Thumb Code     0  startup_stm32f427_437xx.o(.text)
    I2C2_ER_IRQHandler                       0x08007953   Thumb Code     0  startup_stm32f427_437xx.o(.text)
    I2C2_EV_IRQHandler                       0x08007953   Thumb Code     0  startup_stm32f427_437xx.o(.text)
    I2C3_ER_IRQHandler                       0x08007953   Thumb Code     0  startup_stm32f427_437xx.o(.text)
    I2C3_EV_IRQHandler                       0x08007953   Thumb Code     0  startup_stm32f427_437xx.o(.text)
    OTG_FS_IRQHandler                        0x08007953   Thumb Code     0  startup_stm32f427_437xx.o(.text)
    OTG_FS_WKUP_IRQHandler                   0x08007953   Thumb Code     0  startup_stm32f427_437xx.o(.text)
    OTG_HS_EP1_IN_IRQHandler                 0x08007953   Thumb Code     0  startup_stm32f427_437xx.o(.text)
    OTG_HS_EP1_OUT_IRQHandler                0x08007953   Thumb Code     0  startup_stm32f427_437xx.o(.text)
    OTG_HS_IRQHandler                        0x08007953   Thumb Code     0  startup_stm32f427_437xx.o(.text)
    OTG_HS_WKUP_IRQHandler                   0x08007953   Thumb Code     0  startup_stm32f427_437xx.o(.text)
    PVD_IRQHandler                           0x08007953   Thumb Code     0  startup_stm32f427_437xx.o(.text)
    RCC_IRQHandler                           0x08007953   Thumb Code     0  startup_stm32f427_437xx.o(.text)
    RTC_Alarm_IRQHandler                     0x08007953   Thumb Code     0  startup_stm32f427_437xx.o(.text)
    RTC_WKUP_IRQHandler                      0x08007953   Thumb Code     0  startup_stm32f427_437xx.o(.text)
    SAI1_IRQHandler                          0x08007953   Thumb Code     0  startup_stm32f427_437xx.o(.text)
    SDIO_IRQHandler                          0x08007953   Thumb Code     0  startup_stm32f427_437xx.o(.text)
    SPI1_IRQHandler                          0x08007953   Thumb Code     0  startup_stm32f427_437xx.o(.text)
    SPI2_IRQHandler                          0x08007953   Thumb Code     0  startup_stm32f427_437xx.o(.text)
    SPI3_IRQHandler                          0x08007953   Thumb Code     0  startup_stm32f427_437xx.o(.text)
    SPI4_IRQHandler                          0x08007953   Thumb Code     0  startup_stm32f427_437xx.o(.text)
    SPI5_IRQHandler                          0x08007953   Thumb Code     0  startup_stm32f427_437xx.o(.text)
    SPI6_IRQHandler                          0x08007953   Thumb Code     0  startup_stm32f427_437xx.o(.text)
    TAMP_STAMP_IRQHandler                    0x08007953   Thumb Code     0  startup_stm32f427_437xx.o(.text)
    TIM1_BRK_TIM9_IRQHandler                 0x08007953   Thumb Code     0  startup_stm32f427_437xx.o(.text)
    TIM1_CC_IRQHandler                       0x08007953   Thumb Code     0  startup_stm32f427_437xx.o(.text)
    TIM1_TRG_COM_TIM11_IRQHandler            0x08007953   Thumb Code     0  startup_stm32f427_437xx.o(.text)
    TIM1_UP_TIM10_IRQHandler                 0x08007953   Thumb Code     0  startup_stm32f427_437xx.o(.text)
    TIM5_IRQHandler                          0x08007953   Thumb Code     0  startup_stm32f427_437xx.o(.text)
    TIM6_DAC_IRQHandler                      0x08007953   Thumb Code     0  startup_stm32f427_437xx.o(.text)
    TIM7_IRQHandler                          0x08007953   Thumb Code     0  startup_stm32f427_437xx.o(.text)
    TIM8_BRK_TIM12_IRQHandler                0x08007953   Thumb Code     0  startup_stm32f427_437xx.o(.text)
    TIM8_CC_IRQHandler                       0x08007953   Thumb Code     0  startup_stm32f427_437xx.o(.text)
    TIM8_TRG_COM_TIM14_IRQHandler            0x08007953   Thumb Code     0  startup_stm32f427_437xx.o(.text)
    TIM8_UP_TIM13_IRQHandler                 0x08007953   Thumb Code     0  startup_stm32f427_437xx.o(.text)
    UART4_IRQHandler                         0x08007953   Thumb Code     0  startup_stm32f427_437xx.o(.text)
    UART5_IRQHandler                         0x08007953   Thumb Code     0  startup_stm32f427_437xx.o(.text)
    UART7_IRQHandler                         0x08007953   Thumb Code     0  startup_stm32f427_437xx.o(.text)
    UART8_IRQHandler                         0x08007953   Thumb Code     0  startup_stm32f427_437xx.o(.text)
    USART1_IRQHandler                        0x08007953   Thumb Code     0  startup_stm32f427_437xx.o(.text)
    WWDG_IRQHandler                          0x08007953   Thumb Code     0  startup_stm32f427_437xx.o(.text)
    __user_initial_stackheap                 0x08007955   Thumb Code     0  startup_stm32f427_437xx.o(.text)
    __use_no_semihosting                     0x08007979   Thumb Code     2  use_no_semi_2.o(.text)
    __2printf                                0x0800797d   Thumb Code    20  noretval__2printf.o(.text)
    __printf                                 0x08007995   Thumb Code   104  __printf.o(.text)
    _printf_int_dec                          0x080079fd   Thumb Code   104  _printf_dec.o(.text)
    __aeabi_memcpy                           0x08007a75   Thumb Code     0  rt_memcpy_v6.o(.text)
    __rt_memcpy                              0x08007a75   Thumb Code   138  rt_memcpy_v6.o(.text)
    _memcpy_lastbytes                        0x08007adb   Thumb Code     0  rt_memcpy_v6.o(.text)
    __aeabi_memcpy4                          0x08007aff   Thumb Code     0  rt_memcpy_w.o(.text)
    __aeabi_memcpy8                          0x08007aff   Thumb Code     0  rt_memcpy_w.o(.text)
    __rt_memcpy_w                            0x08007aff   Thumb Code   100  rt_memcpy_w.o(.text)
    _memcpy_lastbytes_aligned                0x08007b47   Thumb Code     0  rt_memcpy_w.o(.text)
    __aeabi_memclr4                          0x08007b63   Thumb Code     0  rt_memclr_w.o(.text)
    __aeabi_memclr8                          0x08007b63   Thumb Code     0  rt_memclr_w.o(.text)
    __rt_memclr_w                            0x08007b63   Thumb Code    78  rt_memclr_w.o(.text)
    _memset_w                                0x08007b67   Thumb Code     0  rt_memclr_w.o(.text)
    __use_two_region_memory                  0x08007bb1   Thumb Code     2  heapauxi.o(.text)
    __rt_heap_escrow$2region                 0x08007bb3   Thumb Code     2  heapauxi.o(.text)
    __rt_heap_expand$2region                 0x08007bb5   Thumb Code     2  heapauxi.o(.text)
    __I$use$semihosting                      0x08007bb7   Thumb Code     0  use_no_semi.o(.text)
    __use_no_semihosting_swi                 0x08007bb7   Thumb Code     2  use_no_semi.o(.text)
    __read_errno                             0x08007bb9   Thumb Code    10  _rserrno.o(.text)
    __set_errno                              0x08007bc3   Thumb Code    12  _rserrno.o(.text)
    _printf_int_common                       0x08007bcf   Thumb Code   178  _printf_intcommon.o(.text)
    __lib_sel_fp_printf                      0x08007c81   Thumb Code     2  _printf_fp_dec.o(.text)
    _printf_fp_dec_real                      0x08007e2f   Thumb Code   620  _printf_fp_dec.o(.text)
    _printf_char_file                        0x0800809d   Thumb Code    32  _printf_char_file.o(.text)
    __rt_locale                              0x080080c1   Thumb Code     8  rt_locale_intlibspace.o(.text)
    __aeabi_errno_addr                       0x080080c9   Thumb Code     8  rt_errno_addr_intlibspace.o(.text)
    __errno$intlibspace                      0x080080c9   Thumb Code     0  rt_errno_addr_intlibspace.o(.text)
    __rt_errno_addr$intlibspace              0x080080c9   Thumb Code     0  rt_errno_addr_intlibspace.o(.text)
    _ll_udiv10                               0x080080d1   Thumb Code   138  lludiv10.o(.text)
    _printf_char_common                      0x08008167   Thumb Code    32  _printf_char_common.o(.text)
    _printf_fp_infnan                        0x0800818d   Thumb Code   112  _printf_fp_infnan.o(.text)
    _btod_etento                             0x0800820d   Thumb Code   216  bigflt0.o(.text)
    ferror                                   0x080082e9   Thumb Code     8  ferror.o(.text)
    __user_libspace                          0x080082f1   Thumb Code     8  libspace.o(.text)
    __user_perproc_libspace                  0x080082f1   Thumb Code     0  libspace.o(.text)
    __user_perthread_libspace                0x080082f1   Thumb Code     0  libspace.o(.text)
    __user_setup_stackheap                   0x080082f9   Thumb Code    74  sys_stackheap_outer.o(.text)
    exit                                     0x08008343   Thumb Code    12  exit.o(.text)
    strcmp                                   0x08008351   Thumb Code   128  strcmpv7m.o(.text)
    _btod_d2e                                0x080083d1   Thumb Code    62  btod.o(CL$$btod_d2e)
    _d2e_denorm_low                          0x0800840f   Thumb Code    70  btod.o(CL$$btod_d2e_denorm_low)
    _d2e_norm_op1                            0x08008455   Thumb Code    96  btod.o(CL$$btod_d2e_norm_op1)
    __btod_div_common                        0x080084b5   Thumb Code   696  btod.o(CL$$btod_div_common)
    _e2e                                     0x080087ed   Thumb Code   198  btod.o(CL$$btod_e2e)
    _btod_ediv                               0x080088b3   Thumb Code    40  btod.o(CL$$btod_ediv)
    _btod_emul                               0x080088db   Thumb Code    40  btod.o(CL$$btod_emul)
    __btod_mult_common                       0x08008903   Thumb Code   580  btod.o(CL$$btod_mult_common)
    __ARM_fpclassify                         0x08008b47   Thumb Code    48  fpclassify.o(i.__ARM_fpclassify)
    __hardfp_asin                            0x08008b79   Thumb Code   770  asin.o(i.__hardfp_asin)
    __hardfp_atan                            0x08008ed9   Thumb Code   622  atan.o(i.__hardfp_atan)
    __hardfp_atan2                           0x080091b1   Thumb Code   432  atan2.o(i.__hardfp_atan2)
    __hardfp_sqrt                            0x080093a1   Thumb Code   122  sqrt.o(i.__hardfp_sqrt)
    __kernel_poly                            0x0800941b   Thumb Code   248  poly.o(i.__kernel_poly)
    __mathlib_dbl_infnan                     0x08009513   Thumb Code    20  dunder.o(i.__mathlib_dbl_infnan)
    __mathlib_dbl_infnan2                    0x08009527   Thumb Code    20  dunder.o(i.__mathlib_dbl_infnan2)
    __mathlib_dbl_invalid                    0x08009541   Thumb Code    24  dunder.o(i.__mathlib_dbl_invalid)
    __mathlib_dbl_underflow                  0x08009561   Thumb Code    24  dunder.o(i.__mathlib_dbl_underflow)
    atan                                     0x08009581   Thumb Code    16  atan.o(i.atan)
    fabs                                     0x08009591   Thumb Code    24  fabs.o(i.fabs)
    sqrt                                     0x080095a9   Thumb Code   110  sqrt.o(i.sqrt)
    _get_lc_numeric                          0x08009619   Thumb Code    44  lc_numeric_c.o(locale$$code)
    __aeabi_dneg                             0x08009645   Thumb Code     0  basic.o(x$fpl$basic)
    _dneg                                    0x08009645   Thumb Code     6  basic.o(x$fpl$basic)
    __aeabi_fneg                             0x0800964b   Thumb Code     0  basic.o(x$fpl$basic)
    _fneg                                    0x0800964b   Thumb Code     6  basic.o(x$fpl$basic)
    _dabs                                    0x08009651   Thumb Code     6  basic.o(x$fpl$basic)
    _fabs                                    0x08009657   Thumb Code     6  basic.o(x$fpl$basic)
    __aeabi_d2f                              0x0800965d   Thumb Code     0  d2f.o(x$fpl$d2f)
    _d2f                                     0x0800965d   Thumb Code    98  d2f.o(x$fpl$d2f)
    __aeabi_dadd                             0x080096c1   Thumb Code     0  daddsub_clz.o(x$fpl$dadd)
    _dadd                                    0x080096c1   Thumb Code   332  daddsub_clz.o(x$fpl$dadd)
    __aeabi_ddiv                             0x08009811   Thumb Code     0  ddiv.o(x$fpl$ddiv)
    _ddiv                                    0x08009811   Thumb Code   552  ddiv.o(x$fpl$ddiv)
    __aeabi_dmul                             0x08009ac1   Thumb Code     0  dmul.o(x$fpl$dmul)
    _dmul                                    0x08009ac1   Thumb Code   332  dmul.o(x$fpl$dmul)
    __fpl_dnaninf                            0x08009c15   Thumb Code   156  dnaninf.o(x$fpl$dnaninf)
    __fpl_dretinf                            0x08009cb1   Thumb Code    12  dretinf.o(x$fpl$dretinf)
    __aeabi_drsub                            0x08009cbd   Thumb Code     0  daddsub_clz.o(x$fpl$drsb)
    _drsb                                    0x08009cbd   Thumb Code    22  daddsub_clz.o(x$fpl$drsb)
    _dsqrt                                   0x08009cd5   Thumb Code   404  dsqrt_umaal.o(x$fpl$dsqrt)
    __aeabi_dsub                             0x08009e6d   Thumb Code     0  daddsub_clz.o(x$fpl$dsub)
    _dsub                                    0x08009e6d   Thumb Code   464  daddsub_clz.o(x$fpl$dsub)
    __aeabi_f2d                              0x0800a041   Thumb Code     0  f2d.o(x$fpl$f2d)
    _f2d                                     0x0800a041   Thumb Code    86  f2d.o(x$fpl$f2d)
    __fpl_fnaninf                            0x0800a097   Thumb Code   140  fnaninf.o(x$fpl$fnaninf)
    _fp_init                                 0x0800a123   Thumb Code    10  fpinit.o(x$fpl$fpinit)
    __fplib_config_fpu_vfp                   0x0800a12b   Thumb Code     0  fpinit.o(x$fpl$fpinit)
    __fplib_config_pureend_doubles           0x0800a12b   Thumb Code     0  fpinit.o(x$fpl$fpinit)
    __fpl_fretinf                            0x0800a12d   Thumb Code    10  fretinf.o(x$fpl$fretinf)
    _printf_fp_dec                           0x0800a137   Thumb Code     4  printf1.o(x$fpl$printf1)
    CRC8_INIT                                0x0800a13a   Data           1  referee.o(.constdata)
    __I$use$fp                               0x0800a13a   Number         0  usenofp.o(x$fpl$usenofp)
    CRC8_TAB                                 0x0800a13b   Data         256  referee.o(.constdata)
    __mathlib_zero                           0x0800a338   Data           8  qnan.o(.constdata)
    Region$$Table$$Base                      0x0800a3d4   Number         0  anon$$obj.o(Region$$Table)
    Region$$Table$$Limit                     0x0800a3f4   Number         0  anon$$obj.o(Region$$Table)
    CmCotrol                                 0x20000000   Data          28  my_api.o(.data)
    YawControl                               0x2000001c   Data          40  my_api.o(.data)
    PitchControl                             0x20000044   Data          40  my_api.o(.data)
    g_fire_speed                             0x2000006c   Data           2  my_api.o(.data)
    workState                                0x2000006e   Data           1  my_api.o(.data)
    start                                    0x2000006f   Data           1  my_api.o(.data)
    time_1ms                                 0x20000070   Data           4  my_api.o(.data)
    fire_fre                                 0x20000074   Data           4  my_api.o(.data)
    origion_yaw_encoder_val                  0x2000008c   Data           4  cantask.o(.data)
    origion_pith_encoder_val                 0x20000090   Data           4  cantask.o(.data)
    ID201_PID                                0x20000094   Data          28  pid.o(.data)
    ID202_PID                                0x200000b0   Data          28  pid.o(.data)
    ID203_PID                                0x200000cc   Data          28  pid.o(.data)
    ID204_PID                                0x200000e8   Data          28  pid.o(.data)
    ID207_PID                                0x20000104   Data          28  pid.o(.data)
    GimbalInit                               0x20000128   Data           1  gimbaltask.o(.data)
    Bsp                                      0x2000014c   Data          16  bsp.o(.data)
    __stdout                                 0x2000015c   Data           4  usart.o(.data)
    Dog                                      0x20000164   Data          12  iwdg.o(.data)
    Usart1_RX_Cou                            0x20000172   Data           2  referee.o(.data)
    Usart1_RX_Flag                           0x20000174   Data           1  referee.o(.data)
    g_Referee_flag                           0x20000175   Data           1  referee.o(.data)
    CRC_INIT                                 0x20000176   Data           2  referee.o(.data)
    exInt                                    0x2000017c   Data           4  imu.o(.data)
    eyInt                                    0x20000180   Data           4  imu.o(.data)
    ezInt                                    0x20000184   Data           4  imu.o(.data)
    q0                                       0x20000188   Data           4  imu.o(.data)
    q1                                       0x2000018c   Data           4  imu.o(.data)
    q2                                       0x20000190   Data           4  imu.o(.data)
    q3                                       0x20000194   Data           4  imu.o(.data)
    integralFBhand                           0x20000198   Data           4  imu.o(.data)
    handdiff                                 0x2000019c   Data           4  imu.o(.data)
    lastUpdate                               0x200001a0   Data           4  imu.o(.data)
    now                                      0x200001a4   Data           4  imu.o(.data)
    Gx_offset                                0x200001a8   Data           2  mpu6500_driver.o(.data)
    Gy_offset                                0x200001aa   Data           2  mpu6500_driver.o(.data)
    Gz_offset                                0x200001ac   Data           2  mpu6500_driver.o(.data)
    MPU6500_Lastax                           0x200001ae   Data           2  mpu6500_driver.o(.data)
    MPU6500_Lastay                           0x200001b0   Data           2  mpu6500_driver.o(.data)
    MPU6500_Lastaz                           0x200001b2   Data           2  mpu6500_driver.o(.data)
    MPU6500_Lastgx                           0x200001b4   Data           2  mpu6500_driver.o(.data)
    MPU6500_Lastgy                           0x200001b6   Data           2  mpu6500_driver.o(.data)
    MPU6500_Lastgz                           0x200001b8   Data           2  mpu6500_driver.o(.data)
    gy_data                                  0x200001ba   Data           2  mpu6500_driver.o(.data)
    Error_Data                               0x200001bc   Data          40  mpu6500_driver.o(.data)
    SystemCoreClock                          0x200001fc   Data           4  system_stm32f4xx.o(.data)
    AHBPrescTable                            0x20000200   Data          16  system_stm32f4xx.o(.data)
    CAN1_Motor_PID                           0x20000210   Data         640  pid_modify.o(.bss)
    CAN2_Motor_PID                           0x20000490   Data         640  pid_modify.o(.bss)
    power_linit_s                            0x20000710   Data          80  pid_modify.o(.bss)
    sbus_rx_buffer                           0x20000760   Data          25  dbus.o(.bss)
    myTerminal                               0x2000077c   Data          48  usart.o(.bss)
    global_cout                              0x200007ac   Data          48  iwdg.o(.bss)
    Referee_date1                            0x20000854   Data          66  referee.o(.bss)
    power                                    0x20000898   Data          56  referee.o(.bss)
    mydata                                   0x200008e4   Data         156  imu.o(.bss)
    imu_data                                 0x20000980   Data          20  mpu6500_driver.o(.bss)
    imu_data_offest                          0x20000994   Data          20  mpu6500_driver.o(.bss)
    __libspace_start                         0x20000a2c   Data          96  libspace.o(.bss)
    __temporary_stack_top$libspace           0x20000a8c   Data           0  libspace.o(.bss)



==============================================================================

Memory Map of the image

  Image Entry point : 0x080001ad

  Load Region LR_IROM1 (Base: 0x08000000, Size: 0x0000a620, Max: 0x00200000, ABSOLUTE, COMPRESSED[0x0000a4a8])

    Execution Region ER_IROM1 (Base: 0x08000000, Size: 0x0000a410, Max: 0x00200000, ABSOLUTE)

    Base Addr    Size         Type   Attr      Idx    E Section Name        Object

    0x08000000   0x000001ac   Data   RO         1240    RESET               startup_stm32f427_437xx.o
    0x080001ac   0x00000008   Code   RO         1288  * !!!main             c_w.l(__main.o)
    0x080001b4   0x00000034   Code   RO         1619    !!!scatter          c_w.l(__scatter.o)
    0x080001e8   0x0000005a   Code   RO         1617    !!dczerorl2         c_w.l(__dczerorl2.o)
    0x08000242   0x00000002   PAD
    0x08000244   0x0000001c   Code   RO         1621    !!handler_zi        c_w.l(__scatter_zi.o)
    0x08000260   0x00000000   Code   RO         1279    .ARM.Collect$$_printf_percent$$00000000  c_w.l(_printf_percent.o)
    0x08000260   0x00000006   Code   RO         1278    .ARM.Collect$$_printf_percent$$00000003  c_w.l(_printf_f.o)
    0x08000266   0x00000006   Code   RO         1277    .ARM.Collect$$_printf_percent$$00000009  c_w.l(_printf_d.o)
    0x0800026c   0x00000004   Code   RO         1353    .ARM.Collect$$_printf_percent$$00000017  c_w.l(_printf_percent_end.o)
    0x08000270   0x00000002   Code   RO         1495    .ARM.Collect$$libinit$$00000000  c_w.l(libinit.o)
    0x08000272   0x00000004   Code   RO         1496    .ARM.Collect$$libinit$$00000001  c_w.l(libinit2.o)
    0x08000276   0x00000000   Code   RO         1499    .ARM.Collect$$libinit$$00000004  c_w.l(libinit2.o)
    0x08000276   0x00000000   Code   RO         1502    .ARM.Collect$$libinit$$0000000A  c_w.l(libinit2.o)
    0x08000276   0x00000000   Code   RO         1504    .ARM.Collect$$libinit$$0000000C  c_w.l(libinit2.o)
    0x08000276   0x00000000   Code   RO         1506    .ARM.Collect$$libinit$$0000000E  c_w.l(libinit2.o)
    0x08000276   0x00000006   Code   RO         1507    .ARM.Collect$$libinit$$0000000F  c_w.l(libinit2.o)
    0x0800027c   0x00000000   Code   RO         1509    .ARM.Collect$$libinit$$00000011  c_w.l(libinit2.o)
    0x0800027c   0x00000000   Code   RO         1511    .ARM.Collect$$libinit$$00000013  c_w.l(libinit2.o)
    0x0800027c   0x00000000   Code   RO         1513    .ARM.Collect$$libinit$$00000015  c_w.l(libinit2.o)
    0x0800027c   0x0000000a   Code   RO         1514    .ARM.Collect$$libinit$$00000016  c_w.l(libinit2.o)
    0x08000286   0x00000000   Code   RO         1515    .ARM.Collect$$libinit$$00000017  c_w.l(libinit2.o)
    0x08000286   0x00000000   Code   RO         1517    .ARM.Collect$$libinit$$00000019  c_w.l(libinit2.o)
    0x08000286   0x00000000   Code   RO         1519    .ARM.Collect$$libinit$$0000001B  c_w.l(libinit2.o)
    0x08000286   0x00000000   Code   RO         1521    .ARM.Collect$$libinit$$0000001D  c_w.l(libinit2.o)
    0x08000286   0x00000000   Code   RO         1523    .ARM.Collect$$libinit$$0000001F  c_w.l(libinit2.o)
    0x08000286   0x00000000   Code   RO         1525    .ARM.Collect$$libinit$$00000021  c_w.l(libinit2.o)
    0x08000286   0x00000000   Code   RO         1527    .ARM.Collect$$libinit$$00000023  c_w.l(libinit2.o)
    0x08000286   0x00000000   Code   RO         1529    .ARM.Collect$$libinit$$00000025  c_w.l(libinit2.o)
    0x08000286   0x00000000   Code   RO         1533    .ARM.Collect$$libinit$$0000002C  c_w.l(libinit2.o)
    0x08000286   0x00000000   Code   RO         1535    .ARM.Collect$$libinit$$0000002E  c_w.l(libinit2.o)
    0x08000286   0x00000000   Code   RO         1537    .ARM.Collect$$libinit$$00000030  c_w.l(libinit2.o)
    0x08000286   0x00000000   Code   RO         1539    .ARM.Collect$$libinit$$00000032  c_w.l(libinit2.o)
    0x08000286   0x00000002   Code   RO         1540    .ARM.Collect$$libinit$$00000033  c_w.l(libinit2.o)
    0x08000288   0x00000002   Code   RO         1568    .ARM.Collect$$libshutdown$$00000000  c_w.l(libshutdown.o)
    0x0800028a   0x00000000   Code   RO         1578    .ARM.Collect$$libshutdown$$00000003  c_w.l(libshutdown2.o)
    0x0800028a   0x00000000   Code   RO         1581    .ARM.Collect$$libshutdown$$00000006  c_w.l(libshutdown2.o)
    0x0800028a   0x00000000   Code   RO         1584    .ARM.Collect$$libshutdown$$00000009  c_w.l(libshutdown2.o)
    0x0800028a   0x00000000   Code   RO         1586    .ARM.Collect$$libshutdown$$0000000B  c_w.l(libshutdown2.o)
    0x0800028a   0x00000000   Code   RO         1589    .ARM.Collect$$libshutdown$$0000000E  c_w.l(libshutdown2.o)
    0x0800028a   0x00000002   Code   RO         1590    .ARM.Collect$$libshutdown$$0000000F  c_w.l(libshutdown2.o)
    0x0800028c   0x00000000   Code   RO         1344    .ARM.Collect$$rtentry$$00000000  c_w.l(__rtentry.o)
    0x0800028c   0x00000000   Code   RO         1413    .ARM.Collect$$rtentry$$00000002  c_w.l(__rtentry2.o)
    0x0800028c   0x00000006   Code   RO         1425    .ARM.Collect$$rtentry$$00000004  c_w.l(__rtentry4.o)
    0x08000292   0x00000000   Code   RO         1415    .ARM.Collect$$rtentry$$00000009  c_w.l(__rtentry2.o)
    0x08000292   0x00000004   Code   RO         1416    .ARM.Collect$$rtentry$$0000000A  c_w.l(__rtentry2.o)
    0x08000296   0x00000000   Code   RO         1418    .ARM.Collect$$rtentry$$0000000C  c_w.l(__rtentry2.o)
    0x08000296   0x00000008   Code   RO         1419    .ARM.Collect$$rtentry$$0000000D  c_w.l(__rtentry2.o)
    0x0800029e   0x00000002   Code   RO         1541    .ARM.Collect$$rtexit$$00000000  c_w.l(rtexit.o)
    0x080002a0   0x00000000   Code   RO         1548    .ARM.Collect$$rtexit$$00000002  c_w.l(rtexit2.o)
    0x080002a0   0x00000004   Code   RO         1549    .ARM.Collect$$rtexit$$00000003  c_w.l(rtexit2.o)
    0x080002a4   0x00000006   Code   RO         1550    .ARM.Collect$$rtexit$$00000004  c_w.l(rtexit2.o)
    0x080002aa   0x00000002   PAD
    0x080002ac   0x00000098   Code   RO            3    .text               main.o
    0x08000344   0x0000016c   Code   RO          261    .text               my_api.o
    0x080004b0   0x00000488   Code   RO          298    .text               dbustask.o
    0x08000938   0x00000508   Code   RO          320    .text               cantask.o
    0x08000e40   0x0000011c   Code   RO          366    .text               pid.o
    0x08000f5c   0x00000564   Code   RO          393    .text               gimbaltask.o
    0x080014c0   0x00000334   Code   RO          420    .text               cmtask.o
    0x080017f4   0x00000210   Code   RO          447    .text               pid_modify.o
    0x08001a04   0x000000e0   Code   RO          473    .text               bsp.o
    0x08001ae4   0x00000048   Code   RO          499    .text               led.o
    0x08001b2c   0x00000038   Code   RO          519    .text               laser.o
    0x08001b64   0x00000034   Code   RO          539    .text               beep.o
    0x08001b98   0x00000158   Code   RO          559    .text               dbus.o
    0x08001cf0   0x00000294   Code   RO          585    .text               usart.o
    0x08001f84   0x00000178   Code   RO          613    .text               timer.o
    0x080020fc   0x000001d4   Code   RO          633    .text               pwm.o
    0x080022d0   0x00000134   Code   RO          653    .text               can1.o
    0x08002404   0x00000134   Code   RO          673    .text               can2.o
    0x08002538   0x00000104   Code   RO          693    .text               delay.o
    0x0800263c   0x00000160   Code   RO          733    .text               stmflash.o
    0x0800279c   0x000004b4   Code   RO          780    .text               referee.o
    0x08002c50   0x00000a74   Code   RO          828    .text               imu.o
    0x080036c4   0x0000016c   Code   RO          855    .text               spi.o
    0x08003830   0x0000086c   Code   RO          875    .text               mpu6500_driver.o
    0x0800409c   0x000000ac   Code   RO          903    .text               imu_int.o
    0x08004148   0x000000e0   Code   RO          923    .text               misc.o
    0x08004228   0x00000294   Code   RO          943    .text               stm32f4xx_gpio.o
    0x080044bc   0x00000660   Code   RO          963    .text               stm32f4xx_rcc.o
    0x08004b1c   0x00000094   Code   RO          985    .text               stm32f4xx_syscfg.o
    0x08004bb0   0x00000454   Code   RO         1005    .text               stm32f4xx_usart.o
    0x08005004   0x000009f0   Code   RO         1025    .text               stm32f4xx_can.o
    0x080059f4   0x000003a8   Code   RO         1045    .text               stm32f4xx_dma.o
    0x08005d9c   0x00000ca2   Code   RO         1065    .text               stm32f4xx_tim.o
    0x08006a3e   0x00000002   PAD
    0x08006a40   0x000004ee   Code   RO         1085    .text               stm32f4xx_spi.o
    0x08006f2e   0x00000002   PAD
    0x08006f30   0x00000698   Code   RO         1105    .text               stm32f4xx_flash.o
    0x080075c8   0x0000001a   Code   RO         1145    .text               stm32f4xx_it.o
    0x080075e2   0x00000002   PAD
    0x080075e4   0x00000244   Code   RO         1194    .text               system_stm32f4xx.o
    0x08007828   0x00000110   Code   RO         1220    .text               stm32f4xx_exti.o
    0x08007938   0x00000040   Code   RO         1241    .text               startup_stm32f427_437xx.o
    0x08007978   0x00000002   Code   RO         1247    .text               c_w.l(use_no_semi_2.o)
    0x0800797a   0x00000002   PAD
    0x0800797c   0x00000018   Code   RO         1251    .text               c_w.l(noretval__2printf.o)
    0x08007994   0x00000068   Code   RO         1253    .text               c_w.l(__printf.o)
    0x080079fc   0x00000078   Code   RO         1255    .text               c_w.l(_printf_dec.o)
    0x08007a74   0x0000008a   Code   RO         1280    .text               c_w.l(rt_memcpy_v6.o)
    0x08007afe   0x00000064   Code   RO         1282    .text               c_w.l(rt_memcpy_w.o)
    0x08007b62   0x0000004e   Code   RO         1284    .text               c_w.l(rt_memclr_w.o)
    0x08007bb0   0x00000006   Code   RO         1286    .text               c_w.l(heapauxi.o)
    0x08007bb6   0x00000002   Code   RO         1342    .text               c_w.l(use_no_semi.o)
    0x08007bb8   0x00000016   Code   RO         1345    .text               c_w.l(_rserrno.o)
    0x08007bce   0x000000b2   Code   RO         1347    .text               c_w.l(_printf_intcommon.o)
    0x08007c80   0x0000041a   Code   RO         1349    .text               c_w.l(_printf_fp_dec.o)
    0x0800809a   0x00000002   PAD
    0x0800809c   0x00000024   Code   RO         1351    .text               c_w.l(_printf_char_file.o)
    0x080080c0   0x00000008   Code   RO         1430    .text               c_w.l(rt_locale_intlibspace.o)
    0x080080c8   0x00000008   Code   RO         1435    .text               c_w.l(rt_errno_addr_intlibspace.o)
    0x080080d0   0x0000008a   Code   RO         1437    .text               c_w.l(lludiv10.o)
    0x0800815a   0x00000002   PAD
    0x0800815c   0x00000030   Code   RO         1439    .text               c_w.l(_printf_char_common.o)
    0x0800818c   0x00000080   Code   RO         1441    .text               c_w.l(_printf_fp_infnan.o)
    0x0800820c   0x000000dc   Code   RO         1443    .text               c_w.l(bigflt0.o)
    0x080082e8   0x00000008   Code   RO         1468    .text               c_w.l(ferror.o)
    0x080082f0   0x00000008   Code   RO         1479    .text               c_w.l(libspace.o)
    0x080082f8   0x0000004a   Code   RO         1482    .text               c_w.l(sys_stackheap_outer.o)
    0x08008342   0x0000000c   Code   RO         1486    .text               c_w.l(exit.o)
    0x0800834e   0x00000002   PAD
    0x08008350   0x00000080   Code   RO         1488    .text               c_w.l(strcmpv7m.o)
    0x080083d0   0x0000003e   Code   RO         1446    CL$$btod_d2e        c_w.l(btod.o)
    0x0800840e   0x00000046   Code   RO         1448    CL$$btod_d2e_denorm_low  c_w.l(btod.o)
    0x08008454   0x00000060   Code   RO         1447    CL$$btod_d2e_norm_op1  c_w.l(btod.o)
    0x080084b4   0x00000338   Code   RO         1456    CL$$btod_div_common  c_w.l(btod.o)
    0x080087ec   0x000000c6   Code   RO         1453    CL$$btod_e2e        c_w.l(btod.o)
    0x080088b2   0x00000028   Code   RO         1450    CL$$btod_ediv       c_w.l(btod.o)
    0x080088da   0x00000028   Code   RO         1449    CL$$btod_emul       c_w.l(btod.o)
    0x08008902   0x00000244   Code   RO         1455    CL$$btod_mult_common  c_w.l(btod.o)
    0x08008b46   0x00000030   Code   RO         1407    i.__ARM_fpclassify  m_wm.l(fpclassify.o)
    0x08008b76   0x00000002   PAD
    0x08008b78   0x00000360   Code   RO         1304    i.__hardfp_asin     m_wm.l(asin.o)
    0x08008ed8   0x000002d8   Code   RO         1373    i.__hardfp_atan     m_wm.l(atan.o)
    0x080091b0   0x000001f0   Code   RO         1318    i.__hardfp_atan2    m_wm.l(atan2.o)
    0x080093a0   0x0000007a   Code   RO         1330    i.__hardfp_sqrt     m_wm.l(sqrt.o)
    0x0800941a   0x000000f8   Code   RO         1409    i.__kernel_poly     m_wm.l(poly.o)
    0x08009512   0x00000014   Code   RO         1388    i.__mathlib_dbl_infnan  m_wm.l(dunder.o)
    0x08009526   0x00000014   Code   RO         1389    i.__mathlib_dbl_infnan2  m_wm.l(dunder.o)
    0x0800953a   0x00000006   PAD
    0x08009540   0x00000020   Code   RO         1390    i.__mathlib_dbl_invalid  m_wm.l(dunder.o)
    0x08009560   0x00000020   Code   RO         1393    i.__mathlib_dbl_underflow  m_wm.l(dunder.o)
    0x08009580   0x00000010   Code   RO         1375    i.atan              m_wm.l(atan.o)
    0x08009590   0x00000018   Code   RO         1403    i.fabs              m_wm.l(fabs.o)
    0x080095a8   0x0000006e   Code   RO         1332    i.sqrt              m_wm.l(sqrt.o)
    0x08009616   0x00000002   PAD
    0x08009618   0x0000002c   Code   RO         1473    locale$$code        c_w.l(lc_numeric_c.o)
    0x08009644   0x00000018   Code   RO         1290    x$fpl$basic         fz_wm.l(basic.o)
    0x0800965c   0x00000062   Code   RO         1292    x$fpl$d2f           fz_wm.l(d2f.o)
    0x080096be   0x00000002   PAD
    0x080096c0   0x00000150   Code   RO         1354    x$fpl$dadd          fz_wm.l(daddsub_clz.o)
    0x08009810   0x000002b0   Code   RO         1295    x$fpl$ddiv          fz_wm.l(ddiv.o)
    0x08009ac0   0x00000154   Code   RO         1298    x$fpl$dmul          fz_wm.l(dmul.o)
    0x08009c14   0x0000009c   Code   RO         1362    x$fpl$dnaninf       fz_wm.l(dnaninf.o)
    0x08009cb0   0x0000000c   Code   RO         1364    x$fpl$dretinf       fz_wm.l(dretinf.o)
    0x08009cbc   0x00000016   Code   RO         1355    x$fpl$drsb          fz_wm.l(daddsub_clz.o)
    0x08009cd2   0x00000002   PAD
    0x08009cd4   0x00000198   Code   RO         1366    x$fpl$dsqrt         fz_wm.l(dsqrt_umaal.o)
    0x08009e6c   0x000001d4   Code   RO         1356    x$fpl$dsub          fz_wm.l(daddsub_clz.o)
    0x0800a040   0x00000056   Code   RO         1300    x$fpl$f2d           fz_wm.l(f2d.o)
    0x0800a096   0x0000008c   Code   RO         1368    x$fpl$fnaninf       fz_wm.l(fnaninf.o)
    0x0800a122   0x0000000a   Code   RO         1545    x$fpl$fpinit        fz_wm.l(fpinit.o)
    0x0800a12c   0x0000000a   Code   RO         1370    x$fpl$fretinf       fz_wm.l(fretinf.o)
    0x0800a136   0x00000004   Code   RO         1302    x$fpl$printf1       fz_wm.l(printf1.o)
    0x0800a13a   0x00000000   Code   RO         1372    x$fpl$usenofp       fz_wm.l(usenofp.o)
    0x0800a13a   0x00000101   Data   RO          782    .constdata          referee.o
    0x0800a23b   0x00000001   PAD
    0x0800a23c   0x00000014   Data   RO          877    .constdata          mpu6500_driver.o
    0x0800a250   0x00000050   Data   RO         1307    .constdata          m_wm.l(asin.o)
    0x0800a2a0   0x00000098   Data   RO         1376    .constdata          m_wm.l(atan.o)
    0x0800a338   0x00000008   Data   RO         1411    .constdata          m_wm.l(qnan.o)
    0x0800a340   0x00000094   Data   RO         1444    .constdata          c_w.l(bigflt0.o)
    0x0800a3d4   0x00000020   Data   RO         1615    Region$$Table       anon$$obj.o
    0x0800a3f4   0x0000001c   Data   RO         1472    locale$$data        c_w.l(lc_numeric_c.o)


    Execution Region RW_IRAM1 (Base: 0x20000000, Size: 0x00001090, Max: 0x00030000, ABSOLUTE, COMPRESSED[0x00000098])

    Base Addr    Size         Type   Attr      Idx    E Section Name        Object

    0x20000000   0x00000078   Data   RW          262    .data               my_api.o
    0x20000078   0x00000002   Data   RW          299    .data               dbustask.o
    0x2000007a   0x00000002   PAD
    0x2000007c   0x00000018   Data   RW          321    .data               cantask.o
    0x20000094   0x00000092   Data   RW          368    .data               pid.o
    0x20000126   0x00000002   PAD
    0x20000128   0x00000021   Data   RW          394    .data               gimbaltask.o
    0x20000149   0x00000003   PAD
    0x2000014c   0x00000010   Data   RW          474    .data               bsp.o
    0x2000015c   0x00000004   Data   RW          587    .data               usart.o
    0x20000160   0x00000004   Data   RW          694    .data               delay.o
    0x20000164   0x0000000d   Data   RW          755    .data               iwdg.o
    0x20000171   0x00000001   PAD
    0x20000172   0x00000007   Data   RW          783    .data               referee.o
    0x20000179   0x00000003   PAD
    0x2000017c   0x0000002c   Data   RW          830    .data               imu.o
    0x200001a8   0x00000041   Data   RW          878    .data               mpu6500_driver.o
    0x200001e9   0x00000010   Data   RW          964    .data               stm32f4xx_rcc.o
    0x200001f9   0x00000003   PAD
    0x200001fc   0x00000014   Data   RW         1195    .data               system_stm32f4xx.o
    0x20000210   0x00000550   Zero   RW          448    .bss                pid_modify.o
    0x20000760   0x00000019   Zero   RW          560    .bss                dbus.o
    0x20000779   0x00000003   PAD
    0x2000077c   0x00000030   Zero   RW          586    .bss                usart.o
    0x200007ac   0x00000030   Zero   RW          754    .bss                iwdg.o
    0x200007dc   0x00000108   Zero   RW          781    .bss                referee.o
    0x200008e4   0x0000009c   Zero   RW          829    .bss                imu.o
    0x20000980   0x000000ac   Zero   RW          876    .bss                mpu6500_driver.o
    0x20000a2c   0x00000060   Zero   RW         1480    .bss                c_w.l(libspace.o)
    0x20000a8c   0x00000004   PAD
    0x20000a90   0x00000200   Zero   RW         1239    HEAP                startup_stm32f427_437xx.o
    0x20000c90   0x00000400   Zero   RW         1238    STACK               startup_stm32f427_437xx.o


==============================================================================

Image component sizes


      Code (inc. data)   RO Data    RW Data    ZI Data      Debug   Object Name

        52          4          0          0          0        517   beep.o
       224         22          0         16          0       2412   bsp.o
       308          8          0          0          0       1053   can1.o
       308          8          0          0          0       1061   can2.o
      1288         98          0         24          0       4172   cantask.o
       820         44          0          0          0       2368   cmtask.o
       344         22          0          0         25       1783   dbus.o
      1160         86          0          2          0       2561   dbustask.o
       260          8          0          4          0       1426   delay.o
      1380        106          0         33          0       5565   gimbaltask.o
      2676        104          0         44        156       3791   imu.o
       172         10          0          0          0       1090   imu_int.o
         0          0          0         13         48       2849   iwdg.o
        56          6          0          0          0        518   laser.o
        72         10          0          0          0        520   led.o
       152         48          0          0          0     332531   main.o
       224         20          0          0          0       1833   misc.o
      2156        112         20         65        172       6953   mpu6500_driver.o
       364         40          0        120          0       4872   my_api.o
       284         14          0        146          0       2869   pid.o
       528         14          0          0       1360       3487   pid_modify.o
       468         22          0          0          0       1193   pwm.o
      1204         94        257          7        264       5622   referee.o
       364          8          0          0          0       1422   spi.o
        64         26        428          0       1536        840   startup_stm32f427_437xx.o
      2544         38          0          0          0       7984   stm32f4xx_can.o
       936         32          0          0          0       6305   stm32f4xx_dma.o
       272         10          0          0          0       2279   stm32f4xx_exti.o
      1688         24          0          0          0       9166   stm32f4xx_flash.o
       660         44          0          0          0       4109   stm32f4xx_gpio.o
        26          0          0          0          0       1230   stm32f4xx_it.o
      1632         54          0         16          0      12964   stm32f4xx_rcc.o
      1262         38          0          0          0       7313   stm32f4xx_spi.o
       148         12          0          0          0       1853   stm32f4xx_syscfg.o
      3234         60          0          0          0      22312   stm32f4xx_tim.o
      1108         34          0          0          0       7808   stm32f4xx_usart.o
       352         48          0          0          0       2356   stmflash.o
       580         46          0         20          0       1827   system_stm32f4xx.o
       376         10          0          0          0       1813   timer.o
       660         20          0          4         48       4179   usart.o

    ----------------------------------------------------------------------
     30412       1404        738        528       3612     486806   Object Totals
         0          0         32          0          0          0   (incl. Generated)
         6          0          1         14          3          0   (incl. Padding)

    ----------------------------------------------------------------------

      Code (inc. data)   RO Data    RW Data    ZI Data      Debug   Library Member Name

        90          0          0          0          0          0   __dczerorl2.o
         8          0          0          0          0         68   __main.o
       104          0          0          0          0         84   __printf.o
         0          0          0          0          0          0   __rtentry.o
        12          0          0          0          0          0   __rtentry2.o
         6          0          0          0          0          0   __rtentry4.o
        52          8          0          0          0          0   __scatter.o
        28          0          0          0          0          0   __scatter_zi.o
        48          6          0          0          0         96   _printf_char_common.o
        36          4          0          0          0         80   _printf_char_file.o
         6          0          0          0          0          0   _printf_d.o
       120         16          0          0          0         92   _printf_dec.o
         6          0          0          0          0          0   _printf_f.o
      1050          0          0          0          0        216   _printf_fp_dec.o
       128         16          0          0          0         84   _printf_fp_infnan.o
       178          0          0          0          0         88   _printf_intcommon.o
         0          0          0          0          0          0   _printf_percent.o
         4          0          0          0          0          0   _printf_percent_end.o
        22          0          0          0          0        100   _rserrno.o
       220          4        148          0          0         96   bigflt0.o
      1910        128          0          0          0        672   btod.o
        12          0          0          0          0         72   exit.o
         8          0          0          0          0         68   ferror.o
         6          0          0          0          0        152   heapauxi.o
        44         10         28          0          0         76   lc_numeric_c.o
         2          0          0          0          0          0   libinit.o
        22          0          0          0          0          0   libinit2.o
         2          0          0          0          0          0   libshutdown.o
         2          0          0          0          0          0   libshutdown2.o
         8          4          0          0         96         68   libspace.o
       138          0          0          0          0         80   lludiv10.o
        24          4          0          0          0         84   noretval__2printf.o
         8          4          0          0          0         68   rt_errno_addr_intlibspace.o
         8          4          0          0          0         68   rt_locale_intlibspace.o
        78          0          0          0          0         80   rt_memclr_w.o
       138          0          0          0          0         68   rt_memcpy_v6.o
       100          0          0          0          0         80   rt_memcpy_w.o
         2          0          0          0          0          0   rtexit.o
        10          0          0          0          0          0   rtexit2.o
       128          0          0          0          0         68   strcmpv7m.o
        74          0          0          0          0         80   sys_stackheap_outer.o
         2          0          0          0          0         68   use_no_semi.o
         2          0          0          0          0         68   use_no_semi_2.o
        24          0          0          0          0        164   basic.o
        98          4          0          0          0        140   d2f.o
       826         16          0          0          0        492   daddsub_clz.o
       688        140          0          0          0        256   ddiv.o
       340         12          0          0          0        152   dmul.o
       156          4          0          0          0        140   dnaninf.o
        12          0          0          0          0        116   dretinf.o
       408         56          0          0          0        168   dsqrt_umaal.o
        86          4          0          0          0        132   f2d.o
       140          4          0          0          0        132   fnaninf.o
        10          0          0          0          0        116   fpinit.o
        10          0          0          0          0        116   fretinf.o
         4          0          0          0          0        116   printf1.o
         0          0          0          0          0          0   usenofp.o
       864         94         80          0          0        280   asin.o
       744        106        152          0          0        352   atan.o
       496         64          0          0          0        192   atan2.o
       104         16          0          0          0        496   dunder.o
        24          0          0          0          0        124   fabs.o
        48          0          0          0          0        124   fpclassify.o
       248          0          0          0          0        152   poly.o
         0          0          8          0          0          0   qnan.o
       232          0          0          0          0        296   sqrt.o

    ----------------------------------------------------------------------
     10434        728        416          0        100       7180   Library Totals
        26          0          0          0          4          0   (incl. Padding)

    ----------------------------------------------------------------------

      Code (inc. data)   RO Data    RW Data    ZI Data      Debug   Library Name

      4846        208        176          0         96       2924   c_w.l
      2802        240          0          0          0       2240   fz_wm.l
      2760        280        240          0          0       2016   m_wm.l

    ----------------------------------------------------------------------
     10434        728        416          0        100       7180   Library Totals

    ----------------------------------------------------------------------

==============================================================================


      Code (inc. data)   RO Data    RW Data    ZI Data      Debug   

     40846       2132       1154        528       3712     481874   Grand Totals
     40846       2132       1154        152       3712     481874   ELF Image Totals (compressed)
     40846       2132       1154        152          0          0   ROM Totals

==============================================================================

    Total RO  Size (Code + RO Data)                42000 (  41.02kB)
    Total RW  Size (RW Data + ZI Data)              4240 (   4.14kB)
    Total ROM Size (Code + RO Data + RW Data)      42152 (  41.16kB)

==============================================================================

