Component: ARM Compiler 5.06 update 6 (build 750) Tool: armlink [4d35ed]

==============================================================================

Section Cross References

    main.o(.text) refers to misc.o(.text) for NVIC_PriorityGroupConfig
    main.o(.text) refers to delay.o(.text) for delay_init
    main.o(.text) refers to freertostask.o(.text) for FreeRTOS_init
    stm32f4xx_it.o(.text) refers to stm32f4xx_exti.o(.text) for EXTI_GetITStatus
    stm32f4xx_it.o(.text) refers to queue.o(.text) for xQueueGiveFromISR
    stm32f4xx_it.o(.text) refers to stm32f4xx_dma.o(.text) for DMA_GetFlagStatus
    stm32f4xx_it.o(.text) refers to stm32f4xx_can.o(.text) for CAN_GetITStatus
    stm32f4xx_it.o(.text) refers to dflt_clz.o(x$fpl$dflt) for __aeabi_i2d
    stm32f4xx_it.o(.text) refers to dmul.o(x$fpl$dmul) for __aeabi_dmul
    stm32f4xx_it.o(.text) refers to f2d.o(x$fpl$f2d) for __aeabi_f2d
    stm32f4xx_it.o(.text) refers to daddsub_clz.o(x$fpl$dsub) for __aeabi_dsub
    stm32f4xx_it.o(.text) refers to d2f.o(x$fpl$d2f) for __aeabi_d2f
    stm32f4xx_it.o(.text) refers to stm32f4xx_tim.o(.text) for TIM_GetITStatus
    stm32f4xx_it.o(.text) refers to auto_attacktask.o(.text) for receiveMainFocusData
    stm32f4xx_it.o(.text) refers to freertostask.o(.data) for ImuDataSem
    stm32f4xx_it.o(.text) refers to stm32f4xx_it.o(.bss) for Imu_ext
    system_stm32f4xx.o(.text) refers to system_stm32f4xx.o(.data) for SystemCoreClock
    basicperipherals.o(.text) refers to stm32f4xx_rcc.o(.text) for RCC_AHB1PeriphClockCmd
    basicperipherals.o(.text) refers to stm32f4xx_gpio.o(.text) for GPIO_Init
    basicperipherals.o(.text) refers to stm32f4xx_tim.o(.text) for TIM_TimeBaseInit
    basicperipherals.o(.text) refers to stm32f4xx_syscfg.o(.text) for SYSCFG_EXTILineConfig
    basicperipherals.o(.text) refers to stm32f4xx_exti.o(.text) for EXTI_Init
    basicperipherals.o(.text) refers to misc.o(.text) for NVIC_Init
    basicperipherals.o(.text) refers to tasks.o(.text) for vTaskDelay
    basicperipherals.o(.text) refers to basicperipherals.o(.data) for FreeRTOSRunTimeTicks
    remotdbus.o(.text) refers to stm32f4xx_rcc.o(.text) for RCC_AHB1PeriphClockCmd
    remotdbus.o(.text) refers to stm32f4xx_gpio.o(.text) for GPIO_Init
    remotdbus.o(.text) refers to stm32f4xx_usart.o(.text) for USART_DeInit
    remotdbus.o(.text) refers to misc.o(.text) for NVIC_Init
    remotdbus.o(.text) refers to stm32f4xx_dma.o(.text) for DMA_Cmd
    remotdbus.o(.text) refers to remotdbus.o(.bss) for sbus_rx_buffer
    frictionmoterpwm.o(.text) refers to stm32f4xx_rcc.o(.text) for RCC_APB1PeriphClockCmd
    frictionmoterpwm.o(.text) refers to stm32f4xx_gpio.o(.text) for GPIO_PinAFConfig
    frictionmoterpwm.o(.text) refers to stm32f4xx_tim.o(.text) for TIM_TimeBaseInit
    motorcan.o(.text) refers to stm32f4xx_rcc.o(.text) for RCC_APB1PeriphClockCmd
    motorcan.o(.text) refers to stm32f4xx_gpio.o(.text) for GPIO_Init
    motorcan.o(.text) refers to misc.o(.text) for NVIC_Init
    motorcan.o(.text) refers to stm32f4xx_can.o(.text) for CAN_DeInit
    stmflash.o(.text) refers to stm32f4xx_flash.o(.text) for FLASH_Unlock
    mainfocus_usart.o(.text) refers to stm32f4xx_rcc.o(.text) for RCC_AHB1PeriphClockCmd
    mainfocus_usart.o(.text) refers to stm32f4xx_gpio.o(.text) for GPIO_Init
    mainfocus_usart.o(.text) refers to stm32f4xx_usart.o(.text) for USART_DeInit
    mainfocus_usart.o(.text) refers to misc.o(.text) for NVIC_Init
    mainfocus_usart.o(.text) refers to stm32f4xx_dma.o(.text) for DMA_Cmd
    mainfocus_usart.o(.text) refers to auto_attacktask.o(.bss) for mainfocus_rx_buffer
    referee.o(.text) refers to stm32f4xx_rcc.o(.text) for RCC_APB2PeriphClockCmd
    referee.o(.text) refers to stm32f4xx_gpio.o(.text) for GPIO_PinAFConfig
    referee.o(.text) refers to stm32f4xx_dma.o(.text) for DMA_DeInit
    referee.o(.text) refers to stm32f4xx_usart.o(.text) for USART_DeInit
    referee.o(.text) refers to misc.o(.text) for NVIC_Init
    referee.o(.text) refers to rt_memcpy_v6.o(.text) for __aeabi_memcpy
    referee.o(.text) refers to referee.o(.bss) for Rx_Buf_Referee
    referee.o(.text) refers to referee.o(.constdata) for CRC8_TAB
    referee.o(.text) refers to referee.o(.data) for count
    freertostask.o(.text) refers to event_groups.o(.text) for xEventGroupSetBits
    freertostask.o(.text) refers to tasks.o(.text) for vTaskDelay
    freertostask.o(.text) refers to queue.o(.text) for xQueueReceive
    freertostask.o(.text) refers to imu.o(.text) for GetPitchYawGxGyGz
    freertostask.o(.text) refers to stm32f4xx_it.o(.bss) for Imu_ext
    freertostask.o(.text) refers to freertostask.o(.bss) for RemotData
    freertostask.o(.text) refers to freertostask.o(.data) for OfflineDetectedEnt
    freertostask.o(.text) refers to basicperipherals.o(.text) for FrictionCaliTriggerMusic
    freertostask.o(.text) refers to mpu6500_driver.o(.text) for MPU6500_InitGyro_offset
    freertostask.o(.text) refers to f2d.o(x$fpl$f2d) for __aeabi_f2d
[...]
    RTC_Alarm_IRQHandler                     0x080042b3   Thumb Code     0  startup_stm32f427_437xx.o(.text)
    RTC_WKUP_IRQHandler                      0x080042b3   Thumb Code     0  startup_stm32f427_437xx.o(.text)
    SAI1_IRQHandler                          0x080042b3   Thumb Code     0  startup_stm32f427_437xx.o(.text)
    SDIO_IRQHandler                          0x080042b3   Thumb Code     0  startup_stm32f427_437xx.o(.text)
    SPI1_IRQHandler                          0x080042b3   Thumb Code     0  startup_stm32f427_437xx.o(.text)
    SPI2_IRQHandler                          0x080042b3   Thumb Code     0  startup_stm32f427_437xx.o(.text)
    SPI3_IRQHandler                          0x080042b3   Thumb Code     0  startup_stm32f427_437xx.o(.text)
    SPI4_IRQHandler                          0x080042b3   Thumb Code     0  startup_stm32f427_437xx.o(.text)
    SPI5_IRQHandler                          0x080042b3   Thumb Code     0  startup_stm32f427_437xx.o(.text)
    SPI6_IRQHandler                          0x080042b3   Thumb Code     0  startup_stm32f427_437xx.o(.text)
    TAMP_STAMP_IRQHandler                    0x080042b3   Thumb Code     0  startup_stm32f427_437xx.o(.text)
    TIM1_BRK_TIM9_IRQHandler                 0x080042b3   Thumb Code     0  startup_stm32f427_437xx.o(.text)
    TIM1_CC_IRQHandler                       0x080042b3   Thumb Code     0  startup_stm32f427_437xx.o(.text)
    TIM1_TRG_COM_TIM11_IRQHandler            0x080042b3   Thumb Code     0  startup_stm32f427_437xx.o(.text)
    TIM1_UP_TIM10_IRQHandler                 0x080042b3   Thumb Code     0  startup_stm32f427_437xx.o(.text)
    TIM3_IRQHandler                          0x080042b3   Thumb Code     0  startup_stm32f427_437xx.o(.text)
    TIM5_IRQHandler                          0x080042b3   Thumb Code     0  startup_stm32f427_437xx.o(.text)
    TIM6_DAC_IRQHandler                      0x080042b3   Thumb Code     0  startup_stm32f427_437xx.o(.text)
    TIM7_IRQHandler                          0x080042b3   Thumb Code     0  startup_stm32f427_437xx.o(.text)
    TIM8_BRK_TIM12_IRQHandler                0x080042b3   Thumb Code     0  startup_stm32f427_437xx.o(.text)
    TIM8_CC_IRQHandler                       0x080042b3   Thumb Code     0  startup_stm32f427_437xx.o(.text)
    TIM8_TRG_COM_TIM14_IRQHandler            0x080042b3   Thumb Code     0  startup_stm32f427_437xx.o(.text)
    TIM8_UP_TIM13_IRQHandler                 0x080042b3   Thumb Code     0  startup_stm32f427_437xx.o(.text)
    UART4_IRQHandler                         0x080042b3   Thumb Code     0  startup_stm32f427_437xx.o(.text)
    UART5_IRQHandler                         0x080042b3   Thumb Code     0  startup_stm32f427_437xx.o(.text)
    UART7_IRQHandler                         0x080042b3   Thumb Code     0  startup_stm32f427_437xx.o(.text)
    UART8_IRQHandler                         0x080042b3   Thumb Code     0  startup_stm32f427_437xx.o(.text)
    USART1_IRQHandler                        0x080042b3   Thumb Code     0  startup_stm32f427_437xx.o(.text)
    USART2_IRQHandler                        0x080042b3   Thumb Code     0  startup_stm32f427_437xx.o(.text)
    USART3_IRQHandler                        0x080042b3   Thumb Code     0  startup_stm32f427_437xx.o(.text)
    WWDG_IRQHandler                          0x080042b3   Thumb Code     0  startup_stm32f427_437xx.o(.text)
    __user_initial_stackheap                 0x080042b5   Thumb Code     0  startup_stm32f427_437xx.o(.text)
    NVIC_PriorityGroupConfig                 0x080042d9   Thumb Code    10  misc.o(.text)
    NVIC_Init                                0x080042e3   Thumb Code   106  misc.o(.text)
    NVIC_SetVectorTable                      0x0800434d   Thumb Code    14  misc.o(.text)
    NVIC_SystemLPConfig                      0x0800435b   Thumb Code    34  misc.o(.text)
    SysTick_CLKSourceConfig                  0x0800437d   Thumb Code    40  misc.o(.text)
    GPIO_DeInit                              0x080043b9   Thumb Code   268  stm32f4xx_gpio.o(.text)
    GPIO_Init                                0x080044c5   Thumb Code   144  stm32f4xx_gpio.o(.text)
    GPIO_StructInit                          0x08004555   Thumb Code    18  stm32f4xx_gpio.o(.text)
    GPIO_PinLockConfig                       0x08004567   Thumb Code    34  stm32f4xx_gpio.o(.text)
    GPIO_ReadInputDataBit                    0x08004589   Thumb Code    18  stm32f4xx_gpio.o(.text)
    GPIO_ReadInputData                       0x0800459b   Thumb Code     8  stm32f4xx_gpio.o(.text)
    GPIO_ReadOutputDataBit                   0x080045a3   Thumb Code    18  stm32f4xx_gpio.o(.text)
    GPIO_ReadOutputData                      0x080045b5   Thumb Code     8  stm32f4xx_gpio.o(.text)
    GPIO_SetBits                             0x080045bd   Thumb Code     4  stm32f4xx_gpio.o(.text)
    GPIO_ResetBits                           0x080045c1   Thumb Code     4  stm32f4xx_gpio.o(.text)
    GPIO_WriteBit                            0x080045c5   Thumb Code    10  stm32f4xx_gpio.o(.text)
    GPIO_Write                               0x080045cf   Thumb Code     4  stm32f4xx_gpio.o(.text)
    GPIO_ToggleBits                          0x080045d3   Thumb Code     8  stm32f4xx_gpio.o(.text)
    GPIO_PinAFConfig                         0x080045db   Thumb Code    70  stm32f4xx_gpio.o(.text)
    RCC_DeInit                               0x0800464d   Thumb Code    82  stm32f4xx_rcc.o(.text)
    RCC_HSEConfig                            0x0800469f   Thumb Code    14  stm32f4xx_rcc.o(.text)
    RCC_GetFlagStatus                        0x080046ad   Thumb Code    60  stm32f4xx_rcc.o(.text)
    RCC_WaitForHSEStartUp                    0x080046e9   Thumb Code    56  stm32f4xx_rcc.o(.text)
    RCC_AdjustHSICalibrationValue            0x08004721   Thumb Code    20  stm32f4xx_rcc.o(.text)
    RCC_HSICmd                               0x08004735   Thumb Code     6  stm32f4xx_rcc.o(.text)
    RCC_LSEConfig                            0x0800473b   Thumb Code    46  stm32f4xx_rcc.o(.text)
    RCC_LSICmd                               0x08004769   Thumb Code     6  stm32f4xx_rcc.o(.text)
    RCC_PLLConfig                            0x0800476f   Thumb Code    32  stm32f4xx_rcc.o(.text)
    RCC_PLLCmd                               0x0800478f   Thumb Code     6  stm32f4xx_rcc.o(.text)
    RCC_PLLI2SConfig                         0x08004795   Thumb Code    20  stm32f4xx_rcc.o(.text)
    RCC_PLLI2SCmd                            0x080047a9   Thumb Code     6  stm32f4xx_rcc.o(.text)
    RCC_PLLSAIConfig                         0x080047af   Thumb Code    20  stm32f4xx_rcc.o(.text)
    RCC_PLLSAICmd                            0x080047c3   Thumb Code     6  stm32f4xx_rcc.o(.text)
    RCC_ClockSecuritySystemCmd               0x080047c9   Thumb Code     6  stm32f4xx_rcc.o(.text)
    RCC_MCO1Config                           0x080047cf   Thumb Code    28  stm32f4xx_rcc.o(.text)
    RCC_MCO2Config                           0x080047eb   Thumb Code    28  stm32f4xx_rcc.o(.text)
    RCC_SYSCLKConfig                         0x08004807   Thumb Code    20  stm32f4xx_rcc.o(.text)
    RCC_GetSYSCLKSource                      0x0800481b   Thumb Code    12  stm32f4xx_rcc.o(.text)
    RCC_HCLKConfig                           0x08004827   Thumb Code    20  stm32f4xx_rcc.o(.text)
    RCC_PCLK1Config                          0x0800483b   Thumb Code    20  stm32f4xx_rcc.o(.text)
    RCC_PCLK2Config                          0x0800484f   Thumb Code    22  stm32f4xx_rcc.o(.text)
    RCC_GetClocksFreq                        0x08004865   Thumb Code   222  stm32f4xx_rcc.o(.text)
    RCC_RTCCLKConfig                         0x08004943   Thumb Code    54  stm32f4xx_rcc.o(.text)
    RCC_RTCCLKCmd                            0x08004979   Thumb Code     8  stm32f4xx_rcc.o(.text)
    RCC_BackupResetCmd                       0x08004981   Thumb Code     8  stm32f4xx_rcc.o(.text)
    RCC_I2SCLKConfig                         0x08004989   Thumb Code     6  stm32f4xx_rcc.o(.text)
    RCC_SAIPLLI2SClkDivConfig                0x0800498f   Thumb Code    26  stm32f4xx_rcc.o(.text)
    RCC_SAIPLLSAIClkDivConfig                0x080049a9   Thumb Code    28  stm32f4xx_rcc.o(.text)
    RCC_SAIBlockACLKConfig                   0x080049c5   Thumb Code    20  stm32f4xx_rcc.o(.text)
    RCC_SAIBlockBCLKConfig                   0x080049d9   Thumb Code    20  stm32f4xx_rcc.o(.text)
    RCC_LTDCCLKDivConfig                     0x080049ed   Thumb Code    20  stm32f4xx_rcc.o(.text)
    RCC_TIMCLKPresConfig                     0x08004a01   Thumb Code     6  stm32f4xx_rcc.o(.text)
    RCC_AHB1PeriphClockCmd                   0x08004a07   Thumb Code    82  stm32f4xx_rcc.o(.text)
    RCC_AHB2PeriphClockCmd                   0x08004a59   Thumb Code    26  stm32f4xx_rcc.o(.text)
    RCC_AHB3PeriphClockCmd                   0x08004a73   Thumb Code    34  stm32f4xx_rcc.o(.text)
    RCC_APB1PeriphClockCmd                   0x08004a95   Thumb Code    34  stm32f4xx_rcc.o(.text)
    RCC_APB2PeriphClockCmd                   0x08004ab7   Thumb Code    34  stm32f4xx_rcc.o(.text)
    RCC_AHB1PeriphResetCmd                   0x08004ad9   Thumb Code    34  stm32f4xx_rcc.o(.text)
    RCC_AHB2PeriphResetCmd                   0x08004afb   Thumb Code    34  stm32f4xx_rcc.o(.text)
    RCC_AHB3PeriphResetCmd                   0x08004b1d   Thumb Code    34  stm32f4xx_rcc.o(.text)
    RCC_APB1PeriphResetCmd                   0x08004b3f   Thumb Code    34  stm32f4xx_rcc.o(.text)
    RCC_APB2PeriphResetCmd                   0x08004b61   Thumb Code    34  stm32f4xx_rcc.o(.text)
    RCC_AHB1PeriphClockLPModeCmd             0x08004b83   Thumb Code    34  stm32f4xx_rcc.o(.text)
    RCC_AHB2PeriphClockLPModeCmd             0x08004ba5   Thumb Code    34  stm32f4xx_rcc.o(.text)
    RCC_AHB3PeriphClockLPModeCmd             0x08004bc7   Thumb Code    34  stm32f4xx_rcc.o(.text)
    RCC_APB1PeriphClockLPModeCmd             0x08004be9   Thumb Code    34  stm32f4xx_rcc.o(.text)
    RCC_APB2PeriphClockLPModeCmd             0x08004c0b   Thumb Code    34  stm32f4xx_rcc.o(.text)
    RCC_LSEModeConfig                        0x08004c2d   Thumb Code    40  stm32f4xx_rcc.o(.text)
    RCC_ITConfig                             0x08004c55   Thumb Code    34  stm32f4xx_rcc.o(.text)
    RCC_ClearFlag                            0x08004c77   Thumb Code    18  stm32f4xx_rcc.o(.text)
    RCC_GetITStatus                          0x08004c89   Thumb Code    22  stm32f4xx_rcc.o(.text)
    RCC_ClearITPendingBit                    0x08004c9f   Thumb Code     8  stm32f4xx_rcc.o(.text)
    SYSCFG_DeInit                            0x08004cad   Thumb Code    22  stm32f4xx_syscfg.o(.text)
    SYSCFG_MemoryRemapConfig                 0x08004cc3   Thumb Code     6  stm32f4xx_syscfg.o(.text)
    SYSCFG_MemorySwappingBank                0x08004cc9   Thumb Code     6  stm32f4xx_syscfg.o(.text)
    SYSCFG_EXTILineConfig                    0x08004ccf   Thumb Code    66  stm32f4xx_syscfg.o(.text)
    SYSCFG_ETH_MediaInterfaceConfig          0x08004d11   Thumb Code     8  stm32f4xx_syscfg.o(.text)
    SYSCFG_CompensationCellCmd               0x08004d19   Thumb Code     6  stm32f4xx_syscfg.o(.text)
    SYSCFG_GetCompensationCellStatus         0x08004d1f   Thumb Code    22  stm32f4xx_syscfg.o(.text)
    USART_DeInit                             0x08004d41   Thumb Code   206  stm32f4xx_usart.o(.text)
    USART_Init                               0x08004e0f   Thumb Code   204  stm32f4xx_usart.o(.text)
    USART_StructInit                         0x08004edb   Thumb Code    24  stm32f4xx_usart.o(.text)
    USART_ClockInit                          0x08004ef3   Thumb Code    32  stm32f4xx_usart.o(.text)
    USART_ClockStructInit                    0x08004f13   Thumb Code    12  stm32f4xx_usart.o(.text)
    USART_Cmd                                0x08004f1f   Thumb Code    24  stm32f4xx_usart.o(.text)
    USART_SetPrescaler                       0x08004f37   Thumb Code    16  stm32f4xx_usart.o(.text)
    USART_OverSampling8Cmd                   0x08004f47   Thumb Code    22  stm32f4xx_usart.o(.text)
    USART_OneBitMethodCmd                    0x08004f5d   Thumb Code    24  stm32f4xx_usart.o(.text)
    USART_SendData                           0x08004f75   Thumb Code     8  stm32f4xx_usart.o(.text)
    USART_ReceiveData                        0x08004f7d   Thumb Code    10  stm32f4xx_usart.o(.text)
    USART_SetAddress                         0x08004f87   Thumb Code    18  stm32f4xx_usart.o(.text)
    USART_ReceiverWakeUpCmd                  0x08004f99   Thumb Code    24  stm32f4xx_usart.o(.text)
    USART_WakeUpConfig                       0x08004fb1   Thumb Code    18  stm32f4xx_usart.o(.text)
    USART_LINBreakDetectLengthConfig         0x08004fc3   Thumb Code    18  stm32f4xx_usart.o(.text)
    USART_LINCmd                             0x08004fd5   Thumb Code    24  stm32f4xx_usart.o(.text)
    USART_SendBreak                          0x08004fed   Thumb Code    10  stm32f4xx_usart.o(.text)
    USART_HalfDuplexCmd                      0x08004ff7   Thumb Code    24  stm32f4xx_usart.o(.text)
    USART_SetGuardTime                       0x0800500f   Thumb Code    16  stm32f4xx_usart.o(.text)
    USART_SmartCardCmd                       0x0800501f   Thumb Code    24  stm32f4xx_usart.o(.text)
    USART_SmartCardNACKCmd                   0x08005037   Thumb Code    24  stm32f4xx_usart.o(.text)
    USART_IrDAConfig                         0x0800504f   Thumb Code    18  stm32f4xx_usart.o(.text)
    USART_IrDACmd                            0x08005061   Thumb Code    24  stm32f4xx_usart.o(.text)
    USART_DMACmd                             0x08005079   Thumb Code    18  stm32f4xx_usart.o(.text)
    USART_ITConfig                           0x0800508b   Thumb Code    74  stm32f4xx_usart.o(.text)
    USART_GetFlagStatus                      0x080050d5   Thumb Code    26  stm32f4xx_usart.o(.text)
    USART_ClearFlag                          0x080050ef   Thumb Code    18  stm32f4xx_usart.o(.text)
    USART_GetITStatus                        0x08005101   Thumb Code   118  stm32f4xx_usart.o(.text)
    USART_ClearITPendingBit                  0x08005177   Thumb Code    30  stm32f4xx_usart.o(.text)
    CAN_DeInit                               0x08005195   Thumb Code    50  stm32f4xx_can.o(.text)
    CAN_Init                                 0x080051c7   Thumb Code   276  stm32f4xx_can.o(.text)
    CAN_FilterInit                           0x080052db   Thumb Code   258  stm32f4xx_can.o(.text)
    CAN_StructInit                           0x080053dd   Thumb Code    32  stm32f4xx_can.o(.text)
    CAN_SlaveStartBank                       0x080053fd   Thumb Code    48  stm32f4xx_can.o(.text)
    CAN_DBGFreeze                            0x0800542d   Thumb Code    22  stm32f4xx_can.o(.text)
    CAN_TTComModeCmd                         0x08005443   Thumb Code   118  stm32f4xx_can.o(.text)
    CAN_Transmit                             0x080054b9   Thumb Code   304  stm32f4xx_can.o(.text)
    CAN_TransmitStatus                       0x080055e9   Thumb Code   138  stm32f4xx_can.o(.text)
    CAN_CancelTransmit                       0x08005673   Thumb Code    48  stm32f4xx_can.o(.text)
    CAN_Receive                              0x080056a3   Thumb Code   240  stm32f4xx_can.o(.text)
    CAN_FIFORelease                          0x08005793   Thumb Code    22  stm32f4xx_can.o(.text)
    CAN_MessagePending                       0x080057a9   Thumb Code    30  stm32f4xx_can.o(.text)
    CAN_OperatingModeRequest                 0x080057c7   Thumb Code   162  stm32f4xx_can.o(.text)
    CAN_Sleep                                0x08005869   Thumb Code    30  stm32f4xx_can.o(.text)
    CAN_WakeUp                               0x08005887   Thumb Code    48  stm32f4xx_can.o(.text)
    CAN_GetLastErrorCode                     0x080058b7   Thumb Code    12  stm32f4xx_can.o(.text)
    CAN_GetReceiveErrorCounter               0x080058c3   Thumb Code    10  stm32f4xx_can.o(.text)
    CAN_GetLSBTransmitErrorCounter           0x080058cd   Thumb Code    12  stm32f4xx_can.o(.text)
    CAN_ITConfig                             0x080058d9   Thumb Code    18  stm32f4xx_can.o(.text)
    CAN_GetFlagStatus                        0x080058eb   Thumb Code   120  stm32f4xx_can.o(.text)
    CAN_ClearFlag                            0x08005963   Thumb Code    52  stm32f4xx_can.o(.text)
    CAN_GetITStatus                          0x080059a9   Thumb Code   310  stm32f4xx_can.o(.text)
    CAN_ClearITPendingBit                    0x08005adf   Thumb Code   162  stm32f4xx_can.o(.text)
    DMA_DeInit                               0x08005b85   Thumb Code   324  stm32f4xx_dma.o(.text)
    DMA_Init                                 0x08005cc9   Thumb Code    82  stm32f4xx_dma.o(.text)
    DMA_StructInit                           0x08005d1b   Thumb Code    34  stm32f4xx_dma.o(.text)
    DMA_Cmd                                  0x08005d3d   Thumb Code    22  stm32f4xx_dma.o(.text)
    DMA_PeriphIncOffsetSizeConfig            0x08005d53   Thumb Code    22  stm32f4xx_dma.o(.text)
    DMA_FlowControllerConfig                 0x08005d69   Thumb Code    22  stm32f4xx_dma.o(.text)
    DMA_SetCurrDataCounter                   0x08005d7f   Thumb Code     4  stm32f4xx_dma.o(.text)
    DMA_GetCurrDataCounter                   0x08005d83   Thumb Code     8  stm32f4xx_dma.o(.text)
    DMA_DoubleBufferModeConfig               0x08005d8b   Thumb Code    24  stm32f4xx_dma.o(.text)
    DMA_DoubleBufferModeCmd                  0x08005da3   Thumb Code    22  stm32f4xx_dma.o(.text)
    DMA_MemoryTargetConfig                   0x08005db9   Thumb Code    10  stm32f4xx_dma.o(.text)
    DMA_GetCurrentMemoryTarget               0x08005dc3   Thumb Code    20  stm32f4xx_dma.o(.text)
    DMA_GetCmdStatus                         0x08005dd7   Thumb Code    20  stm32f4xx_dma.o(.text)
    DMA_GetFIFOStatus                        0x08005deb   Thumb Code    12  stm32f4xx_dma.o(.text)
    DMA_GetFlagStatus                        0x08005df7   Thumb Code    56  stm32f4xx_dma.o(.text)
    DMA_ClearFlag                            0x08005e2f   Thumb Code    40  stm32f4xx_dma.o(.text)
    DMA_ITConfig                             0x08005e57   Thumb Code    58  stm32f4xx_dma.o(.text)
    DMA_GetITStatus                          0x08005e91   Thumb Code    84  stm32f4xx_dma.o(.text)
    DMA_ClearITPendingBit                    0x08005ee5   Thumb Code    40  stm32f4xx_dma.o(.text)
    TIM_DeInit                               0x08005f2d   Thumb Code   346  stm32f4xx_tim.o(.text)
    TIM_TimeBaseInit                         0x08006087   Thumb Code   104  stm32f4xx_tim.o(.text)
    TIM_TimeBaseStructInit                   0x080060ef   Thumb Code    18  stm32f4xx_tim.o(.text)
    TIM_PrescalerConfig                      0x08006101   Thumb Code     6  stm32f4xx_tim.o(.text)
    TIM_CounterModeConfig                    0x08006107   Thumb Code    18  stm32f4xx_tim.o(.text)
    TIM_SetCounter                           0x08006119   Thumb Code     4  stm32f4xx_tim.o(.text)
    TIM_SetAutoreload                        0x0800611d   Thumb Code     4  stm32f4xx_tim.o(.text)
    TIM_GetCounter                           0x08006121   Thumb Code     6  stm32f4xx_tim.o(.text)
    TIM_GetPrescaler                         0x08006127   Thumb Code     6  stm32f4xx_tim.o(.text)
    TIM_UpdateDisableConfig                  0x0800612d   Thumb Code    24  stm32f4xx_tim.o(.text)
    TIM_UpdateRequestConfig                  0x08006145   Thumb Code    24  stm32f4xx_tim.o(.text)
    TIM_ARRPreloadConfig                     0x0800615d   Thumb Code    24  stm32f4xx_tim.o(.text)
    TIM_SelectOnePulseMode                   0x08006175   Thumb Code    18  stm32f4xx_tim.o(.text)
    TIM_SetClockDivision                     0x08006187   Thumb Code    18  stm32f4xx_tim.o(.text)
    TIM_Cmd                                  0x08006199   Thumb Code    24  stm32f4xx_tim.o(.text)
    TIM_OC1Init                              0x080061b1   Thumb Code   114  stm32f4xx_tim.o(.text)
    TIM_OC2Init                              0x08006223   Thumb Code   154  stm32f4xx_tim.o(.text)
    TIM_OC3Init                              0x080062bd   Thumb Code   204  stm32f4xx_tim.o(.text)
    TIM_OC4Init                              0x08006389   Thumb Code   112  stm32f4xx_tim.o(.text)
    TIM_OCStructInit                         0x080063f9   Thumb Code    20  stm32f4xx_tim.o(.text)
    TIM_SelectOCxM                           0x0800640d   Thumb Code    86  stm32f4xx_tim.o(.text)
    TIM_SetCompare1                          0x08006463   Thumb Code     4  stm32f4xx_tim.o(.text)
    TIM_SetCompare2                          0x08006467   Thumb Code     4  stm32f4xx_tim.o(.text)
    TIM_SetCompare3                          0x0800646b   Thumb Code     4  stm32f4xx_tim.o(.text)
    TIM_SetCompare4                          0x0800646f   Thumb Code     4  stm32f4xx_tim.o(.text)
    TIM_ForcedOC1Config                      0x08006473   Thumb Code    18  stm32f4xx_tim.o(.text)
    TIM_ForcedOC2Config                      0x08006485   Thumb Code    26  stm32f4xx_tim.o(.text)
    TIM_ForcedOC3Config                      0x0800649f   Thumb Code    18  stm32f4xx_tim.o(.text)
    TIM_ForcedOC4Config                      0x080064b1   Thumb Code    26  stm32f4xx_tim.o(.text)
    TIM_OC1PreloadConfig                     0x080064cb   Thumb Code    18  stm32f4xx_tim.o(.text)
    TIM_OC2PreloadConfig                     0x080064dd   Thumb Code    26  stm32f4xx_tim.o(.text)
    TIM_OC3PreloadConfig                     0x080064f7   Thumb Code    18  stm32f4xx_tim.o(.text)
    TIM_OC4PreloadConfig                     0x08006509   Thumb Code    26  stm32f4xx_tim.o(.text)
    TIM_OC1FastConfig                        0x08006523   Thumb Code    18  stm32f4xx_tim.o(.text)
    TIM_OC2FastConfig                        0x08006535   Thumb Code    26  stm32f4xx_tim.o(.text)
    TIM_OC3FastConfig                        0x0800654f   Thumb Code    18  stm32f4xx_tim.o(.text)
    TIM_OC4FastConfig                        0x08006561   Thumb Code    26  stm32f4xx_tim.o(.text)
    TIM_ClearOC1Ref                          0x0800657b   Thumb Code    18  stm32f4xx_tim.o(.text)
    TIM_ClearOC2Ref                          0x0800658d   Thumb Code    24  stm32f4xx_tim.o(.text)
    TIM_ClearOC3Ref                          0x080065a5   Thumb Code    18  stm32f4xx_tim.o(.text)
    TIM_ClearOC4Ref                          0x080065b7   Thumb Code    24  stm32f4xx_tim.o(.text)
    TIM_OC1PolarityConfig                    0x080065cf   Thumb Code    18  stm32f4xx_tim.o(.text)
    TIM_OC1NPolarityConfig                   0x080065e1   Thumb Code    18  stm32f4xx_tim.o(.text)
    TIM_OC2PolarityConfig                    0x080065f3   Thumb Code    26  stm32f4xx_tim.o(.text)
    TIM_OC2NPolarityConfig                   0x0800660d   Thumb Code    26  stm32f4xx_tim.o(.text)
    TIM_OC3PolarityConfig                    0x08006627   Thumb Code    26  stm32f4xx_tim.o(.text)
    TIM_OC3NPolarityConfig                   0x08006641   Thumb Code    26  stm32f4xx_tim.o(.text)
    TIM_OC4PolarityConfig                    0x0800665b   Thumb Code    26  stm32f4xx_tim.o(.text)
    TIM_CCxCmd                               0x08006675   Thumb Code    30  stm32f4xx_tim.o(.text)
    TIM_CCxNCmd                              0x08006693   Thumb Code    30  stm32f4xx_tim.o(.text)
    TIM_SetIC4Prescaler                      0x080066b1   Thumb Code    26  stm32f4xx_tim.o(.text)
    TIM_SetIC3Prescaler                      0x0800671b   Thumb Code    18  stm32f4xx_tim.o(.text)
    TIM_SetIC2Prescaler                      0x08006775   Thumb Code    26  stm32f4xx_tim.o(.text)
    TIM_SetIC1Prescaler                      0x080067e9   Thumb Code    18  stm32f4xx_tim.o(.text)
    TIM_ICInit                               0x08006835   Thumb Code   110  stm32f4xx_tim.o(.text)
    TIM_ICStructInit                         0x080068a3   Thumb Code    18  stm32f4xx_tim.o(.text)
    TIM_PWMIConfig                           0x080068b5   Thumb Code   124  stm32f4xx_tim.o(.text)
    TIM_GetCapture1                          0x08006931   Thumb Code     6  stm32f4xx_tim.o(.text)
    TIM_GetCapture2                          0x08006937   Thumb Code     6  stm32f4xx_tim.o(.text)
    TIM_GetCapture3                          0x0800693d   Thumb Code     6  stm32f4xx_tim.o(.text)
    TIM_GetCapture4                          0x08006943   Thumb Code     6  stm32f4xx_tim.o(.text)
    TIM_BDTRConfig                           0x08006949   Thumb Code    32  stm32f4xx_tim.o(.text)
    TIM_BDTRStructInit                       0x08006969   Thumb Code    18  stm32f4xx_tim.o(.text)
    TIM_CtrlPWMOutputs                       0x0800697b   Thumb Code    30  stm32f4xx_tim.o(.text)
    TIM_SelectCOM                            0x08006999   Thumb Code    24  stm32f4xx_tim.o(.text)
    TIM_CCPreloadControl                     0x080069b1   Thumb Code    24  stm32f4xx_tim.o(.text)
    TIM_ITConfig                             0x080069c9   Thumb Code    18  stm32f4xx_tim.o(.text)
    TIM_GenerateEvent                        0x080069db   Thumb Code     4  stm32f4xx_tim.o(.text)
    TIM_GetFlagStatus                        0x080069df   Thumb Code    18  stm32f4xx_tim.o(.text)
    TIM_ClearFlag                            0x080069f1   Thumb Code     6  stm32f4xx_tim.o(.text)
    TIM_GetITStatus                          0x080069f7   Thumb Code    34  stm32f4xx_tim.o(.text)
    TIM_ClearITPendingBit                    0x08006a19   Thumb Code     6  stm32f4xx_tim.o(.text)
    TIM_DMAConfig                            0x08006a1f   Thumb Code    10  stm32f4xx_tim.o(.text)
    TIM_DMACmd                               0x08006a29   Thumb Code    18  stm32f4xx_tim.o(.text)
    TIM_SelectCCDMA                          0x08006a3b   Thumb Code    24  stm32f4xx_tim.o(.text)
    TIM_InternalClockConfig                  0x08006a53   Thumb Code    12  stm32f4xx_tim.o(.text)
    TIM_SelectInputTrigger                   0x08006a5f   Thumb Code    18  stm32f4xx_tim.o(.text)
    TIM_ITRxExternalClockConfig              0x08006a71   Thumb Code    24  stm32f4xx_tim.o(.text)
    TIM_TIxExternalClockConfig               0x08006a89   Thumb Code    62  stm32f4xx_tim.o(.text)
    TIM_ETRConfig                            0x08006ac7   Thumb Code    28  stm32f4xx_tim.o(.text)
    TIM_ETRClockMode1Config                  0x08006ae3   Thumb Code    54  stm32f4xx_tim.o(.text)
    TIM_ETRClockMode2Config                  0x08006b19   Thumb Code    32  stm32f4xx_tim.o(.text)
    TIM_SelectOutputTrigger                  0x08006b39   Thumb Code    18  stm32f4xx_tim.o(.text)
    TIM_SelectSlaveMode                      0x08006b4b   Thumb Code    18  stm32f4xx_tim.o(.text)
    TIM_SelectMasterSlaveMode                0x08006b5d   Thumb Code    18  stm32f4xx_tim.o(.text)
    TIM_EncoderInterfaceConfig               0x08006b6f   Thumb Code    66  stm32f4xx_tim.o(.text)
    TIM_SelectHallSensor                     0x08006bb1   Thumb Code    24  stm32f4xx_tim.o(.text)
    TIM_RemapConfig                          0x08006bc9   Thumb Code     6  stm32f4xx_tim.o(.text)
    SPI_I2S_DeInit                           0x08006bd1   Thumb Code   152  stm32f4xx_spi.o(.text)
    SPI_Init                                 0x08006c69   Thumb Code    60  stm32f4xx_spi.o(.text)
    I2S_Init                                 0x08006ca5   Thumb Code   396  stm32f4xx_spi.o(.text)
    SPI_StructInit                           0x08006e31   Thumb Code    24  stm32f4xx_spi.o(.text)
    I2S_StructInit                           0x08006e49   Thumb Code    20  stm32f4xx_spi.o(.text)
    SPI_Cmd                                  0x08006e5d   Thumb Code    24  stm32f4xx_spi.o(.text)
    I2S_Cmd                                  0x08006e75   Thumb Code    24  stm32f4xx_spi.o(.text)
    SPI_DataSizeConfig                       0x08006e8d   Thumb Code    18  stm32f4xx_spi.o(.text)
    SPI_BiDirectionalLineConfig              0x08006e9f   Thumb Code    28  stm32f4xx_spi.o(.text)
    SPI_NSSInternalSoftwareConfig            0x08006ebb   Thumb Code    30  stm32f4xx_spi.o(.text)
    SPI_SSOutputCmd                          0x08006ed9   Thumb Code    24  stm32f4xx_spi.o(.text)
    SPI_TIModeCmd                            0x08006ef1   Thumb Code    14  stm32f4xx_spi.o(.text)
    I2S_FullDuplexConfig                     0x08006eff   Thumb Code    80  stm32f4xx_spi.o(.text)
    SPI_I2S_ReceiveData                      0x08006f4f   Thumb Code     6  stm32f4xx_spi.o(.text)
    SPI_I2S_SendData                         0x08006f55   Thumb Code     4  stm32f4xx_spi.o(.text)
    SPI_I2S_GetFlagStatus                    0x08006f59   Thumb Code    18  stm32f4xx_spi.o(.text)
    SPI_TransmitReceive                      0x08006f6b   Thumb Code   156  stm32f4xx_spi.o(.text)
    SPI_CalculateCRC                         0x08007007   Thumb Code    24  stm32f4xx_spi.o(.text)
    SPI_TransmitCRC                          0x0800701f   Thumb Code    10  stm32f4xx_spi.o(.text)
    SPI_GetCRC                               0x08007029   Thumb Code    16  stm32f4xx_spi.o(.text)
    SPI_GetCRCPolynomial                     0x08007039   Thumb Code     6  stm32f4xx_spi.o(.text)
    SPI_I2S_DMACmd                           0x0800703f   Thumb Code    18  stm32f4xx_spi.o(.text)
    SPI_I2S_ITConfig                         0x08007051   Thumb Code    32  stm32f4xx_spi.o(.text)
    SPI_I2S_ClearFlag                        0x08007071   Thumb Code     6  stm32f4xx_spi.o(.text)
    SPI_I2S_GetITStatus                      0x08007077   Thumb Code    52  stm32f4xx_spi.o(.text)
    SPI_I2S_ClearITPendingBit                0x080070ab   Thumb Code    20  stm32f4xx_spi.o(.text)
    FLASH_SetLatency                         0x080070c1   Thumb Code     6  stm32f4xx_flash.o(.text)
    FLASH_PrefetchBufferCmd                  0x080070c7   Thumb Code    30  stm32f4xx_flash.o(.text)
    FLASH_InstructionCacheCmd                0x080070e5   Thumb Code    30  stm32f4xx_flash.o(.text)
    FLASH_DataCacheCmd                       0x08007103   Thumb Code    30  stm32f4xx_flash.o(.text)
    FLASH_InstructionCacheReset              0x08007121   Thumb Code    14  stm32f4xx_flash.o(.text)
    FLASH_DataCacheReset                     0x0800712f   Thumb Code    14  stm32f4xx_flash.o(.text)
    FLASH_Unlock                             0x0800713d   Thumb Code    26  stm32f4xx_flash.o(.text)
    FLASH_Lock                               0x08007157   Thumb Code    18  stm32f4xx_flash.o(.text)
    FLASH_GetStatus                          0x08007169   Thumb Code    90  stm32f4xx_flash.o(.text)
    FLASH_WaitForLastOperation               0x080071c3   Thumb Code    34  stm32f4xx_flash.o(.text)
    FLASH_EraseSector                        0x080071e5   Thumb Code   140  stm32f4xx_flash.o(.text)
    FLASH_EraseAllSectors                    0x08007271   Thumb Code   118  stm32f4xx_flash.o(.text)
    FLASH_EraseAllBank1Sectors               0x080072e7   Thumb Code   112  stm32f4xx_flash.o(.text)
    FLASH_EraseAllBank2Sectors               0x08007357   Thumb Code   112  stm32f4xx_flash.o(.text)
    FLASH_ProgramDoubleWord                  0x080073c7   Thumb Code    86  stm32f4xx_flash.o(.text)
    FLASH_ProgramWord                        0x0800741d   Thumb Code    82  stm32f4xx_flash.o(.text)
    FLASH_ProgramHalfWord                    0x0800746f   Thumb Code    96  stm32f4xx_flash.o(.text)
    FLASH_ProgramByte                        0x080074cf   Thumb Code    70  stm32f4xx_flash.o(.text)
    FLASH_OB_Unlock                          0x08007515   Thumb Code    26  stm32f4xx_flash.o(.text)
    FLASH_OB_Lock                            0x0800752f   Thumb Code    18  stm32f4xx_flash.o(.text)
    FLASH_OB_WRPConfig                       0x08007541   Thumb Code    54  stm32f4xx_flash.o(.text)
    FLASH_OB_WRP1Config                      0x08007577   Thumb Code    54  stm32f4xx_flash.o(.text)
    FLASH_OB_PCROPSelectionConfig            0x080075ad   Thumb Code    24  stm32f4xx_flash.o(.text)
    FLASH_OB_PCROPConfig                     0x080075c5   Thumb Code    54  stm32f4xx_flash.o(.text)
    FLASH_OB_PCROP1Config                    0x080075fb   Thumb Code    54  stm32f4xx_flash.o(.text)
    FLASH_OB_RDPConfig                       0x08007631   Thumb Code    24  stm32f4xx_flash.o(.text)
    FLASH_OB_UserConfig                      0x08007649   Thumb Code    46  stm32f4xx_flash.o(.text)
    FLASH_OB_BootConfig                      0x08007677   Thumb Code    26  stm32f4xx_flash.o(.text)
    FLASH_OB_BORConfig                       0x08007691   Thumb Code    26  stm32f4xx_flash.o(.text)
    FLASH_OB_Launch                          0x080076ab   Thumb Code    30  stm32f4xx_flash.o(.text)
    FLASH_OB_GetUser                         0x080076c9   Thumb Code    12  stm32f4xx_flash.o(.text)
    FLASH_OB_GetWRP                          0x080076d5   Thumb Code     8  stm32f4xx_flash.o(.text)
    FLASH_OB_GetWRP1                         0x080076dd   Thumb Code     8  stm32f4xx_flash.o(.text)
    FLASH_OB_GetPCROP                        0x080076e5   Thumb Code     8  stm32f4xx_flash.o(.text)
    FLASH_OB_GetPCROP1                       0x080076ed   Thumb Code     8  stm32f4xx_flash.o(.text)
    FLASH_OB_GetRDP                          0x080076f5   Thumb Code    20  stm32f4xx_flash.o(.text)
    FLASH_OB_GetBOR                          0x08007709   Thumb Code    12  stm32f4xx_flash.o(.text)
    FLASH_ITConfig                           0x08007715   Thumb Code    26  stm32f4xx_flash.o(.text)
    FLASH_GetFlagStatus                      0x0800772f   Thumb Code    22  stm32f4xx_flash.o(.text)
    FLASH_ClearFlag                          0x08007745   Thumb Code     8  stm32f4xx_flash.o(.text)
    EXTI_DeInit                              0x08007759   Thumb Code    28  stm32f4xx_exti.o(.text)
    EXTI_Init                                0x08007775   Thumb Code   142  stm32f4xx_exti.o(.text)
    EXTI_StructInit                          0x08007803   Thumb Code    16  stm32f4xx_exti.o(.text)
    EXTI_GenerateSWInterrupt                 0x08007813   Thumb Code    16  stm32f4xx_exti.o(.text)
    EXTI_GetFlagStatus                       0x08007823   Thumb Code    22  stm32f4xx_exti.o(.text)
    EXTI_ClearFlag                           0x08007839   Thumb Code     8  stm32f4xx_exti.o(.text)
    EXTI_GetITStatus                         0x08007841   Thumb Code    22  stm32f4xx_exti.o(.text)
    EXTI_ClearITPendingBit                   0x08007857   Thumb Code     8  stm32f4xx_exti.o(.text)
    pvPortMalloc                             0x0800792b   Thumb Code   296  heap_4.o(.text)
    vPortFree                                0x08007a53   Thumb Code   140  heap_4.o(.text)
    xPortGetFreeHeapSize                     0x08007adf   Thumb Code     6  heap_4.o(.text)
    xPortGetMinimumEverFreeHeapSize          0x08007ae5   Thumb Code     6  heap_4.o(.text)
    vPortInitialiseBlocks                    0x08007aeb   Thumb Code     2  heap_4.o(.text)
    pxPortInitialiseStack                    0x08007b41   Thumb Code    38  port.o(.text)
    vPortSetupTimerInterrupt                 0x08007b67   Thumb Code    36  port.o(.text)
    xPortStartScheduler                      0x08007b8b   Thumb Code   330  port.o(.text)
    vPortEndScheduler                        0x08007cd5   Thumb Code    42  port.o(.text)
    vPortEnterCritical                       0x08007cff   Thumb Code    78  port.o(.text)
    vPortExitCritical                        0x08007d4d   Thumb Code    56  port.o(.text)
    xPortSysTickHandler                      0x08007d85   Thumb Code    48  port.o(.text)
    vPortValidateInterruptPriority           0x08007db5   Thumb Code   108  port.o(.text)
    xEventGroupCreate                        0x08007e45   Thumb Code    26  event_groups.o(.text)
    xEventGroupSetBits                       0x08007e5f   Thumb Code   206  event_groups.o(.text)
    xEventGroupSync                          0x08007f2d   Thumb Code   268  event_groups.o(.text)
    xEventGroupWaitBits                      0x08008057   Thumb Code   338  event_groups.o(.text)
    xEventGroupClearBits                     0x080081a9   Thumb Code    92  event_groups.o(.text)
    xEventGroupGetBitsFromISR                0x08008205   Thumb Code    44  event_groups.o(.text)
    vEventGroupDelete                        0x08008231   Thumb Code    82  event_groups.o(.text)
    vEventGroupSetBitsCallback               0x08008283   Thumb Code    16  event_groups.o(.text)
    vEventGroupClearBitsCallback             0x08008293   Thumb Code    16  event_groups.o(.text)
    uxEventGroupGetNumber                    0x080082a3   Thumb Code    14  event_groups.o(.text)
    vEventGroupSetNumber                     0x080082b1   Thumb Code     4  event_groups.o(.text)
    vListInitialise                          0x080082b9   Thumb Code    26  list.o(.text)
    vListInitialiseItem                      0x080082d3   Thumb Code     6  list.o(.text)
    vListInsertEnd                           0x080082d9   Thumb Code    24  list.o(.text)
    vListInsert                              0x080082f1   Thumb Code    52  list.o(.text)
    uxListRemove                             0x08008325   Thumb Code    40  list.o(.text)
    xQueueGenericReset                       0x0800834d   Thumb Code   146  queue.o(.text)
    xQueueGenericCreate                      0x08008409   Thumb Code    90  queue.o(.text)
    xQueueGenericSend                        0x0800857d   Thumb Code   420  queue.o(.text)
    xQueueCreateMutex                        0x0800873f   Thumb Code    34  queue.o(.text)
    xQueueGiveMutexRecursive                 0x08008761   Thumb Code    78  queue.o(.text)
    xQueueSemaphoreTake                      0x080087dd   Thumb Code   434  queue.o(.text)
    xQueueTakeMutexRecursive                 0x0800898f   Thumb Code    78  queue.o(.text)
    xQueueCreateCountingSemaphore            0x080089dd   Thumb Code    92  queue.o(.text)
    xQueueGenericSendFromISR                 0x08008a39   Thumb Code   248  queue.o(.text)
    xQueueGiveFromISR                        0x08008b31   Thumb Code   224  queue.o(.text)
    xQueueReceive                            0x08008c3b   Thumb Code   362  queue.o(.text)
    xQueuePeek                               0x08008da5   Thumb Code   362  queue.o(.text)
    xQueueReceiveFromISR                     0x08008f0f   Thumb Code   202  queue.o(.text)
    xQueuePeekFromISR                        0x08008fd9   Thumb Code   176  queue.o(.text)
    uxQueueMessagesWaiting                   0x08009089   Thumb Code    42  queue.o(.text)
    uxQueueSpacesAvailable                   0x080090b3   Thumb Code    52  queue.o(.text)
    uxQueueMessagesWaitingFromISR            0x080090e7   Thumb Code    34  queue.o(.text)
    vQueueUnregisterQueue                    0x08009109   Thumb Code    44  queue.o(.text)
    vQueueDelete                             0x08009135   Thumb Code    44  queue.o(.text)
    uxQueueGetQueueNumber                    0x08009161   Thumb Code     6  queue.o(.text)
    vQueueSetQueueNumber                     0x08009167   Thumb Code     4  queue.o(.text)
    ucQueueGetQueueType                      0x0800916b   Thumb Code     8  queue.o(.text)
    xQueueIsQueueEmptyFromISR                0x08009173   Thumb Code    42  queue.o(.text)
    xQueueIsQueueFullFromISR                 0x0800919d   Thumb Code    46  queue.o(.text)
    vQueueAddToRegistry                      0x080091cb   Thumb Code    38  queue.o(.text)
    pcQueueGetName                           0x080091f1   Thumb Code    38  queue.o(.text)
    vQueueWaitForMessageRestricted           0x08009217   Thumb Code    74  queue.o(.text)
    xTaskCreate                              0x08009415   Thumb Code    96  tasks.o(.text)
    vTaskDelete                              0x080094b1   Thumb Code   202  tasks.o(.text)
    xTaskIncrementTick                       0x0800957b   Thumb Code   360  tasks.o(.text)
    xTaskResumeAll                           0x080096e3   Thumb Code   224  tasks.o(.text)
    vTaskSuspendAll                          0x0800983f   Thumb Code    12  tasks.o(.text)
    vTaskDelayUntil                          0x0800984b   Thumb Code   200  tasks.o(.text)
    vTaskDelay                               0x08009913   Thumb Code    82  tasks.o(.text)
    eTaskGetState                            0x08009965   Thumb Code   128  tasks.o(.text)
    uxTaskPriorityGet                        0x080099e5   Thumb Code    30  tasks.o(.text)
    uxTaskPriorityGetFromISR                 0x08009a03   Thumb Code    62  tasks.o(.text)
    vTaskPrioritySet                         0x08009a41   Thumb Code   324  tasks.o(.text)
    vTaskSwitchContext                       0x08009b85   Thumb Code   170  tasks.o(.text)
    vTaskSuspend                             0x08009c2f   Thumb Code   210  tasks.o(.text)
    vTaskResume                              0x08009d51   Thumb Code   128  tasks.o(.text)
    xTaskResumeFromISR                       0x08009dd1   Thumb Code   158  tasks.o(.text)
    vTaskStartScheduler                      0x08009f09   Thumb Code   122  tasks.o(.text)
    vTaskEndScheduler                        0x08009f83   Thumb Code    32  tasks.o(.text)
    xTaskGetTickCount                        0x08009fa3   Thumb Code     6  tasks.o(.text)
    xTaskGetTickCountFromISR                 0x08009fa9   Thumb Code    16  tasks.o(.text)
    uxTaskGetNumberOfTasks                   0x08009fb9   Thumb Code     6  tasks.o(.text)
    pcTaskGetName                            0x08009fbf   Thumb Code    44  tasks.o(.text)
    vTaskGetInfo                             0x0800a001   Thumb Code   126  tasks.o(.text)
    uxTaskGetSystemState                     0x0800a0e9   Thumb Code   154  tasks.o(.text)
    vTaskPlaceOnEventList                    0x0800a183   Thumb Code    52  tasks.o(.text)
    vTaskPlaceOnUnorderedEventList           0x0800a1b7   Thumb Code   100  tasks.o(.text)
    vTaskPlaceOnEventListRestricted          0x0800a21b   Thumb Code    60  tasks.o(.text)
    xTaskRemoveFromEventList                 0x0800a257   Thumb Code   128  tasks.o(.text)
    vTaskRemoveFromUnorderedEventList        0x0800a2d7   Thumb Code   220  tasks.o(.text)
    vTaskSetTimeOutState                     0x0800a3b3   Thumb Code    50  tasks.o(.text)
    vTaskInternalSetTimeOutState             0x0800a3e5   Thumb Code    14  tasks.o(.text)
    xTaskCheckForTimeOut                     0x0800a3f3   Thumb Code   132  tasks.o(.text)
    vTaskMissedYield                         0x0800a477   Thumb Code     8  tasks.o(.text)
    uxTaskGetTaskNumber                      0x0800a47f   Thumb Code    14  tasks.o(.text)
    vTaskSetTaskNumber                       0x0800a48d   Thumb Code     8  tasks.o(.text)
    xTaskGetCurrentTaskHandle                0x0800a495   Thumb Code     6  tasks.o(.text)
    xTaskGetSchedulerState                   0x0800a49b   Thumb Code    24  tasks.o(.text)
    xTaskPriorityInherit                     0x0800a4b3   Thumb Code   186  tasks.o(.text)
    xTaskPriorityDisinherit                  0x0800a56d   Thumb Code   188  tasks.o(.text)
    vTaskPriorityDisinheritAfterTimeout      0x0800a629   Thumb Code   230  tasks.o(.text)
    vTaskList                                0x0800a739   Thumb Code   238  tasks.o(.text)
    vTaskGetRunTimeStats                     0x0800a827   Thumb Code   168  tasks.o(.text)
    uxTaskResetEventItemValue                0x0800a8cf   Thumb Code    24  tasks.o(.text)
    pvTaskIncrementMutexHeldCount            0x0800a8e7   Thumb Code    26  tasks.o(.text)
    ulTaskNotifyTake                         0x0800a901   Thumb Code   108  tasks.o(.text)
    xTaskNotifyWait                          0x0800a96d   Thumb Code   150  tasks.o(.text)
    xTaskGenericNotify                       0x0800aa03   Thumb Code   280  tasks.o(.text)
    xTaskGenericNotifyFromISR                0x0800ab1b   Thumb Code   396  tasks.o(.text)
    vTaskNotifyGiveFromISR                   0x0800aca7   Thumb Code   214  tasks.o(.text)
    xTaskNotifyStateClear                    0x0800ad7d   Thumb Code    48  tasks.o(.text)
    xTimerGenericCommand                     0x0800ae15   Thumb Code   126  timers.o(.text)
    xTimerCreateTimerTask                    0x0800b18b   Thumb Code   118  timers.o(.text)
    xTimerCreate                             0x0800b24f   Thumb Code    48  timers.o(.text)
    xTimerGetTimerDaemonTaskHandle           0x0800b27f   Thumb Code    42  timers.o(.text)
    xTimerGetPeriod                          0x0800b2a9   Thumb Code    32  timers.o(.text)
    xTimerGetExpiryTime                      0x0800b2c9   Thumb Code    34  timers.o(.text)
    pcTimerGetName                           0x0800b2eb   Thumb Code    32  timers.o(.text)
    xTimerIsTimerActive                      0x0800b30b   Thumb Code    62  timers.o(.text)
    pvTimerGetTimerID                        0x0800b349   Thumb Code    44  timers.o(.text)
    vTimerSetTimerID                         0x0800b375   Thumb Code    44  timers.o(.text)
    uxTimerGetTimerNumber                    0x0800b3a1   Thumb Code     6  timers.o(.text)
    vTimerSetTimerNumber                     0x0800b3a7   Thumb Code     4  timers.o(.text)
    __use_no_semihosting                     0x0800b3b1   Thumb Code     2  use_no_semi_2.o(.text)
    __2printf                                0x0800b3b5   Thumb Code    20  noretval__2printf.o(.text)
    __2sprintf                               0x0800b3cd   Thumb Code    34  noretval__2sprintf.o(.text)
    __printf                                 0x0800b3f5   Thumb Code   104  __printf.o(.text)
    _printf_str                              0x0800b45d   Thumb Code    82  _printf_str.o(.text)
    _printf_int_dec                          0x0800b4b1   Thumb Code   104  _printf_dec.o(.text)
    strcpy                                   0x0800b529   Thumb Code    72  strcpy.o(.text)
    strlen                                   0x0800b571   Thumb Code    62  strlen.o(.text)
    __aeabi_memcpy                           0x0800b5af   Thumb Code     0  rt_memcpy_v6.o(.text)
    __rt_memcpy                              0x0800b5af   Thumb Code   138  rt_memcpy_v6.o(.text)
    _memcpy_lastbytes                        0x0800b615   Thumb Code     0  rt_memcpy_v6.o(.text)
    __aeabi_memcpy4                          0x0800b639   Thumb Code     0  rt_memcpy_w.o(.text)
    __aeabi_memcpy8                          0x0800b639   Thumb Code     0  rt_memcpy_w.o(.text)
    __rt_memcpy_w                            0x0800b639   Thumb Code   100  rt_memcpy_w.o(.text)
    _memcpy_lastbytes_aligned                0x0800b681   Thumb Code     0  rt_memcpy_w.o(.text)
    __aeabi_memset                           0x0800b69d   Thumb Code    16  aeabi_memset.o(.text)
    __aeabi_memclr4                          0x0800b6ad   Thumb Code     0  rt_memclr_w.o(.text)
    __aeabi_memclr8                          0x0800b6ad   Thumb Code     0  rt_memclr_w.o(.text)
    __rt_memclr_w                            0x0800b6ad   Thumb Code    78  rt_memclr_w.o(.text)
    _memset_w                                0x0800b6b1   Thumb Code     0  rt_memclr_w.o(.text)
    __use_two_region_memory                  0x0800b6fb   Thumb Code     2  heapauxi.o(.text)
    __rt_heap_escrow$2region                 0x0800b6fd   Thumb Code     2  heapauxi.o(.text)
    __rt_heap_expand$2region                 0x0800b6ff   Thumb Code     2  heapauxi.o(.text)
    __I$use$semihosting                      0x0800b701   Thumb Code     0  use_no_semi.o(.text)
    __use_no_semihosting_swi                 0x0800b701   Thumb Code     2  use_no_semi.o(.text)
    __read_errno                             0x0800b703   Thumb Code    10  _rserrno.o(.text)
    __set_errno                              0x0800b70d   Thumb Code    12  _rserrno.o(.text)
    _printf_int_common                       0x0800b719   Thumb Code   178  _printf_intcommon.o(.text)
    _printf_char_common                      0x0800b7d7   Thumb Code    32  _printf_char_common.o(.text)
    _sputc                                   0x0800b7fd   Thumb Code    10  _sputc.o(.text)
    _printf_cs_common                        0x0800b807   Thumb Code    20  _printf_char.o(.text)
    _printf_char                             0x0800b81b   Thumb Code    16  _printf_char.o(.text)
    _printf_string                           0x0800b82b   Thumb Code     8  _printf_char.o(.text)
    _printf_char_file                        0x0800b835   Thumb Code    32  _printf_char_file.o(.text)
    __aeabi_memclr                           0x0800b859   Thumb Code     0  rt_memclr.o(.text)
    __rt_memclr                              0x0800b859   Thumb Code    68  rt_memclr.o(.text)
    _memset                                  0x0800b85d   Thumb Code     0  rt_memclr.o(.text)
    __aeabi_errno_addr                       0x0800b89d   Thumb Code     8  rt_errno_addr_intlibspace.o(.text)
    __errno$intlibspace                      0x0800b89d   Thumb Code     0  rt_errno_addr_intlibspace.o(.text)
    __rt_errno_addr$intlibspace              0x0800b89d   Thumb Code     0  rt_errno_addr_intlibspace.o(.text)
    ferror                                   0x0800b8a5   Thumb Code     8  ferror.o(.text)
    __user_libspace                          0x0800b8ad   Thumb Code     8  libspace.o(.text)
    __user_perproc_libspace                  0x0800b8ad   Thumb Code     0  libspace.o(.text)
    __user_perthread_libspace                0x0800b8ad   Thumb Code     0  libspace.o(.text)
    __user_setup_stackheap                   0x0800b8b5   Thumb Code    74  sys_stackheap_outer.o(.text)
    exit                                     0x0800b8ff   Thumb Code    18  exit.o(.text)
    __ARM_fpclassify                         0x0800b911   Thumb Code    48  fpclassify.o(i.__ARM_fpclassify)
    __hardfp_asin                            0x0800b941   Thumb Code   770  asin.o(i.__hardfp_asin)
    __hardfp_atan                            0x0800bca1   Thumb Code   622  atan.o(i.__hardfp_atan)
    __hardfp_atan2                           0x0800bf79   Thumb Code   432  atan2.o(i.__hardfp_atan2)
    __hardfp_fabs                            0x0800c169   Thumb Code    20  fabs.o(i.__hardfp_fabs)
    __hardfp_sqrt                            0x0800c17d   Thumb Code   122  sqrt.o(i.__hardfp_sqrt)
    __kernel_poly                            0x0800c1f7   Thumb Code   248  poly.o(i.__kernel_poly)
    __mathlib_dbl_infnan                     0x0800c2ef   Thumb Code    20  dunder.o(i.__mathlib_dbl_infnan)
    __mathlib_dbl_infnan2                    0x0800c303   Thumb Code    20  dunder.o(i.__mathlib_dbl_infnan2)
    __mathlib_dbl_invalid                    0x0800c319   Thumb Code    24  dunder.o(i.__mathlib_dbl_invalid)
    __mathlib_dbl_underflow                  0x0800c339   Thumb Code    24  dunder.o(i.__mathlib_dbl_underflow)
    atan                                     0x0800c359   Thumb Code    16  atan.o(i.atan)
    fabs                                     0x0800c369   Thumb Code    24  fabs.o(i.fabs)
    sqrt                                     0x0800c381   Thumb Code   110  sqrt.o(i.sqrt)
    __aeabi_dneg                             0x0800c3ef   Thumb Code     0  basic.o(x$fpl$basic)
    _dneg                                    0x0800c3ef   Thumb Code     6  basic.o(x$fpl$basic)
    __aeabi_fneg                             0x0800c3f5   Thumb Code     0  basic.o(x$fpl$basic)
    _fneg                                    0x0800c3f5   Thumb Code     6  basic.o(x$fpl$basic)
    _dabs                                    0x0800c3fb   Thumb Code     6  basic.o(x$fpl$basic)
    _fabs                                    0x0800c401   Thumb Code     6  basic.o(x$fpl$basic)
    __aeabi_d2f                              0x0800c409   Thumb Code     0  d2f.o(x$fpl$d2f)
    _d2f                                     0x0800c409   Thumb Code    98  d2f.o(x$fpl$d2f)
    __aeabi_dadd                             0x0800c46d   Thumb Code     0  daddsub_clz.o(x$fpl$dadd)
    _dadd                                    0x0800c46d   Thumb Code   332  daddsub_clz.o(x$fpl$dadd)
    __fpl_dcmp_Inf                           0x0800c5bd   Thumb Code    24  dcmpi.o(x$fpl$dcmpinf)
    __aeabi_ddiv                             0x0800c5d5   Thumb Code     0  ddiv.o(x$fpl$ddiv)
    _ddiv                                    0x0800c5d5   Thumb Code   552  ddiv.o(x$fpl$ddiv)
    __aeabi_i2d                              0x0800c885   Thumb Code     0  dflt_clz.o(x$fpl$dflt)
    _dflt                                    0x0800c885   Thumb Code    46  dflt_clz.o(x$fpl$dflt)
    __aeabi_cdcmple                          0x0800c8b5   Thumb Code     0  dleqf.o(x$fpl$dleqf)
    _dcmple                                  0x0800c8b5   Thumb Code   120  dleqf.o(x$fpl$dleqf)
    __fpl_dcmple_InfNaN                      0x0800c917   Thumb Code     0  dleqf.o(x$fpl$dleqf)
    __aeabi_dmul                             0x0800c92d   Thumb Code     0  dmul.o(x$fpl$dmul)
    _dmul                                    0x0800c92d   Thumb Code   332  dmul.o(x$fpl$dmul)
    __fpl_dnaninf                            0x0800ca81   Thumb Code   156  dnaninf.o(x$fpl$dnaninf)
    __fpl_dretinf                            0x0800cb1d   Thumb Code    12  dretinf.o(x$fpl$dretinf)
    __aeabi_cdrcmple                         0x0800cb29   Thumb Code     0  drleqf.o(x$fpl$drleqf)
    _drcmple                                 0x0800cb29   Thumb Code   108  drleqf.o(x$fpl$drleqf)
    __aeabi_drsub                            0x0800cb95   Thumb Code     0  daddsub_clz.o(x$fpl$drsb)
    _drsb                                    0x0800cb95   Thumb Code    22  daddsub_clz.o(x$fpl$drsb)
    _dsqrt                                   0x0800cbad   Thumb Code   404  dsqrt_umaal.o(x$fpl$dsqrt)
    __aeabi_dsub                             0x0800cd45   Thumb Code     0  daddsub_clz.o(x$fpl$dsub)
    _dsub                                    0x0800cd45   Thumb Code   464  daddsub_clz.o(x$fpl$dsub)
    __aeabi_f2d                              0x0800cf19   Thumb Code     0  f2d.o(x$fpl$f2d)
    _f2d                                     0x0800cf19   Thumb Code    86  f2d.o(x$fpl$f2d)
    __fpl_fnaninf                            0x0800cf6f   Thumb Code   140  fnaninf.o(x$fpl$fnaninf)
    _fp_init                                 0x0800cffb   Thumb Code    10  fpinit.o(x$fpl$fpinit)
    __fplib_config_fpu_vfp                   0x0800d003   Thumb Code     0  fpinit.o(x$fpl$fpinit)
    __fplib_config_pureend_doubles           0x0800d003   Thumb Code     0  fpinit.o(x$fpl$fpinit)
    __fpl_fretinf                            0x0800d005   Thumb Code    10  fretinf.o(x$fpl$fretinf)
    CRC8_INIT                                0x0800d00e   Data           1  referee.o(.constdata)
    __I$use$fp                               0x0800d00e   Number         0  usenofp.o(x$fpl$usenofp)
    CRC8_TAB                                 0x0800d00f   Data         256  referee.o(.constdata)
    __mathlib_zero                           0x0800d210   Data           8  qnan.o(.constdata)
    Region$$Table$$Base                      0x0800d218   Number         0  anon$$obj.o(Region$$Table)
    Region$$Table$$Limit                     0x0800d238   Number         0  anon$$obj.o(Region$$Table)
    SystemCoreClock                          0x20000000   Data           4  system_stm32f4xx.o(.data)
    AHBPrescTable                            0x20000004   Data          16  system_stm32f4xx.o(.data)
    FreeRTOSRunTimeTicks                     0x20000014   Data           4  basicperipherals.o(.data)
    Usart1_RX_Cou                            0x20000018   Data           2  referee.o(.data)
    Usart1_RX_Flag                           0x2000001a   Data           1  referee.o(.data)
    g_Referee_flag                           0x2000001b   Data           1  referee.o(.data)
    CRC_INIT                                 0x2000001c   Data           2  referee.o(.data)
    FrictionCalistop                         0x20000020   Data           1  freertostask.o(.data)
    ImuGimbalCalistop                        0x20000021   Data           1  freertostask.o(.data)
    DbusParseTask_Handler                    0x20000024   Data           4  freertostask.o(.data)
    StartTask_Handler                        0x20000028   Data           4  freertostask.o(.data)
    FrictionCaliTask_Handler                 0x2000002c   Data           4  freertostask.o(.data)
    FrictionControlTask_Handler              0x20000030   Data           4  freertostask.o(.data)
    Can1ReceiveTask_Handler                  0x20000034   Data           4  freertostask.o(.data)
    Can2ReceiveTask_Handler                  0x20000038   Data           4  freertostask.o(.data)
    IMUReceiveTask_Handler                   0x2000003c   Data           4  freertostask.o(.data)
    BSPInitTaskTask_Handler                  0x20000040   Data           4  freertostask.o(.data)
    PIDCalculateTask_Handler                 0x20000044   Data           4  freertostask.o(.data)
    ChassisControlTask_Handler               0x20000048   Data           4  freertostask.o(.data)
    GimbalControlTask_Handler                0x2000004c   Data           4  freertostask.o(.data)
    ImuGimbalCaliTask_Handler                0x20000050   Data           4  freertostask.o(.data)
    OfflineDecetedTask_Handler               0x20000054   Data           4  freertostask.o(.data)
    DbusParseSem                             0x20000058   Data           4  freertostask.o(.data)
    ImuDataSem                               0x2000005c   Data           4  freertostask.o(.data)
    BolletFreControlEnt                      0x20000070   Data           4  freertostask.o(.data)
    CmGimbalOutputEnt                        0x20000074   Data           4  freertostask.o(.data)
    OfflineDetectedEnt                       0x20000078   Data           4  freertostask.o(.data)
    FrictionControlQueue                     0x2000007c   Data           4  freertostask.o(.data)
    Can1ReceiveQueue                         0x20000080   Data           4  freertostask.o(.data)
    Can2ReceiveQueue                         0x20000084   Data           4  freertostask.o(.data)
    GimbalDataQueue                          0x20000088   Data           4  freertostask.o(.data)
    CMDataQueue                              0x2000008c   Data           4  freertostask.o(.data)
    Auto_Origion                             0x20000099   Data           6  auto_attacktask.o(.data)
    SendBuff                                 0x2000009f   Data           4  auto_attacktask.o(.data)
    __stdout                                 0x200000a8   Data           4  usart.o(.data)
    exInt                                    0x200000ac   Data           4  imu.o(.data)
    eyInt                                    0x200000b0   Data           4  imu.o(.data)
    ezInt                                    0x200000b4   Data           4  imu.o(.data)
    q0                                       0x200000b8   Data           4  imu.o(.data)
    q1                                       0x200000bc   Data           4  imu.o(.data)
    q2                                       0x200000c0   Data           4  imu.o(.data)
    q3                                       0x200000c4   Data           4  imu.o(.data)
    integralFBhand                           0x200000c8   Data           4  imu.o(.data)
    handdiff                                 0x200000cc   Data           4  imu.o(.data)
    lastUpdate                               0x200000d0   Data           4  imu.o(.data)
    now                                      0x200000d4   Data           4  imu.o(.data)
    Gx_offset                                0x200000d8   Data           2  mpu6500_driver.o(.data)
    Gy_offset                                0x200000da   Data           2  mpu6500_driver.o(.data)
    Gz_offset                                0x200000dc   Data           2  mpu6500_driver.o(.data)
    MPU6500_Lastax                           0x200000de   Data           2  mpu6500_driver.o(.data)
    MPU6500_Lastay                           0x200000e0   Data           2  mpu6500_driver.o(.data)
    MPU6500_Lastaz                           0x200000e2   Data           2  mpu6500_driver.o(.data)
    MPU6500_Lastgx                           0x200000e4   Data           2  mpu6500_driver.o(.data)
    MPU6500_Lastgy                           0x200000e6   Data           2  mpu6500_driver.o(.data)
    MPU6500_Lastgz                           0x200000e8   Data           2  mpu6500_driver.o(.data)
    Error_Data                               0x200000ea   Data          40  mpu6500_driver.o(.data)
    pxCurrentTCB                             0x2000014c   Data           4  tasks.o(.data)
    Imu_ext                                  0x200001a4   Data          16  stm32f4xx_it.o(.bss)
    sbus_rx_buffer                           0x200001b4   Data          18  remotdbus.o(.bss)
    Referee_date1                            0x20000240   Data          64  referee.o(.bss)
    power                                    0x20000280   Data          56  referee.o(.bss)
    CM_Motor                                 0x200002cc   Data         456  freertostask.o(.bss)
    FireMotor                                0x20000494   Data          76  freertostask.o(.bss)
    YawMotor                                 0x200004e0   Data         164  freertostask.o(.bss)
    PitchMotor                               0x20000584   Data         164  freertostask.o(.bss)
    Mpu6500Data                              0x20000628   Data          52  freertostask.o(.bss)
    RemotData                                0x2000065c   Data          24  freertostask.o(.bss)
    control                                  0x20000674   Data          20  freertostask.o(.bss)
    cmspeed                                  0x20000688   Data          12  freertostask.o(.bss)
    AutoData                                 0x20000694   Data          20  auto_attacktask.o(.bss)
    mainfocus_rx_buffer                      0x200006a8   Data          10  auto_attacktask.o(.bss)
    imu_data                                 0x200006b2   Data          26  mpu6500_driver.o(.bss)
    imu_data_offest                          0x200006cc   Data          26  mpu6500_driver.o(.bss)
    xQueueRegistry                           0x2001336c   Data          64  queue.o(.bss)
    __libspace_start                         0x200134d8   Data          96  libspace.o(.bss)
    __temporary_stack_top$libspace           0x20013538   Data           0  libspace.o(.bss)



==============================================================================

Memory Map of the image

  Image Entry point : 0x080001ad

  Load Region LR_IROM1 (Base: 0x08000000, Size: 0x0000d3dc, Max: 0x00200000, ABSOLUTE, COMPRESSED[0x0000d288])

    Execution Region ER_IROM1 (Exec base: 0x08000000, Load base: 0x08000000, Size: 0x0000d238, Max: 0x00200000, ABSOLUTE)

    Exec Addr    Load Addr    Size         Type   Attr      Idx    E Section Name        Object

    0x08000000   0x08000000   0x000001ac   Data   RO          985    RESET               startup_stm32f427_437xx.o
    0x080001ac   0x080001ac   0x00000008   Code   RO         1502  * !!!main             c_w.l(__main.o)
    0x080001b4   0x080001b4   0x00000034   Code   RO         1803    !!!scatter          c_w.l(__scatter.o)
    0x080001e8   0x080001e8   0x0000003a   Code   RO         1801    !!dczerorl          c_w.l(__dczerorl.o)
    0x08000222   0x08000222   0x00000002   PAD
    0x08000224   0x08000224   0x0000001c   Code   RO         1805    !!handler_zi        c_w.l(__scatter_zi.o)
    0x08000240   0x08000240   0x00000000   Code   RO         1485    .ARM.Collect$$_printf_percent$$00000000  c_w.l(_printf_percent.o)
    0x08000240   0x08000240   0x00000006   Code   RO         1484    .ARM.Collect$$_printf_percent$$0000000A  c_w.l(_printf_u.o)
    0x08000246   0x08000246   0x00000006   Code   RO         1483    .ARM.Collect$$_printf_percent$$00000013  c_w.l(_printf_c.o)
    0x0800024c   0x0800024c   0x00000004   Code   RO         1589    .ARM.Collect$$_printf_percent$$00000017  c_w.l(_printf_percent_end.o)
    0x08000250   0x08000250   0x00000002   Code   RO         1678    .ARM.Collect$$libinit$$00000000  c_w.l(libinit.o)
    0x08000252   0x08000252   0x00000004   Code   RO         1681    .ARM.Collect$$libinit$$00000001  c_w.l(libinit2.o)
    0x08000256   0x08000256   0x00000000   Code   RO         1684    .ARM.Collect$$libinit$$00000004  c_w.l(libinit2.o)
    0x08000256   0x08000256   0x00000000   Code   RO         1687    .ARM.Collect$$libinit$$0000000A  c_w.l(libinit2.o)
    0x08000256   0x08000256   0x00000000   Code   RO         1689    .ARM.Collect$$libinit$$0000000C  c_w.l(libinit2.o)
    0x08000256   0x08000256   0x00000000   Code   RO         1691    .ARM.Collect$$libinit$$0000000E  c_w.l(libinit2.o)
    0x08000256   0x08000256   0x00000000   Code   RO         1694    .ARM.Collect$$libinit$$00000011  c_w.l(libinit2.o)
    0x08000256   0x08000256   0x00000000   Code   RO         1696    .ARM.Collect$$libinit$$00000013  c_w.l(libinit2.o)
    0x08000256   0x08000256   0x00000000   Code   RO         1698    .ARM.Collect$$libinit$$00000015  c_w.l(libinit2.o)
    0x08000256   0x08000256   0x00000000   Code   RO         1700    .ARM.Collect$$libinit$$00000017  c_w.l(libinit2.o)
    0x08000256   0x08000256   0x00000000   Code   RO         1702    .ARM.Collect$$libinit$$00000019  c_w.l(libinit2.o)
    0x08000256   0x08000256   0x00000000   Code   RO         1704    .ARM.Collect$$libinit$$0000001B  c_w.l(libinit2.o)
    0x08000256   0x08000256   0x00000000   Code   RO         1706    .ARM.Collect$$libinit$$0000001D  c_w.l(libinit2.o)
    0x08000256   0x08000256   0x00000000   Code   RO         1708    .ARM.Collect$$libinit$$0000001F  c_w.l(libinit2.o)
    0x08000256   0x08000256   0x00000000   Code   RO         1710    .ARM.Collect$$libinit$$00000021  c_w.l(libinit2.o)
    0x08000256   0x08000256   0x00000000   Code   RO         1712    .ARM.Collect$$libinit$$00000023  c_w.l(libinit2.o)
    0x08000256   0x08000256   0x00000000   Code   RO         1714    .ARM.Collect$$libinit$$00000025  c_w.l(libinit2.o)
    0x08000256   0x08000256   0x00000000   Code   RO         1718    .ARM.Collect$$libinit$$0000002C  c_w.l(libinit2.o)
    0x08000256   0x08000256   0x00000000   Code   RO         1720    .ARM.Collect$$libinit$$0000002E  c_w.l(libinit2.o)
    0x08000256   0x08000256   0x00000000   Code   RO         1722    .ARM.Collect$$libinit$$00000030  c_w.l(libinit2.o)
    0x08000256   0x08000256   0x00000000   Code   RO         1724    .ARM.Collect$$libinit$$00000032  c_w.l(libinit2.o)
    0x08000256   0x08000256   0x00000002   Code   RO         1725    .ARM.Collect$$libinit$$00000033  c_w.l(libinit2.o)
    0x08000258   0x08000258   0x00000002   Code   RO         1743    .ARM.Collect$$libshutdown$$00000000  c_w.l(libshutdown.o)
    0x0800025a   0x0800025a   0x00000000   Code   RO         1753    .ARM.Collect$$libshutdown$$00000002  c_w.l(libshutdown2.o)
    0x0800025a   0x0800025a   0x00000000   Code   RO         1755    .ARM.Collect$$libshutdown$$00000004  c_w.l(libshutdown2.o)
    0x0800025a   0x0800025a   0x00000000   Code   RO         1758    .ARM.Collect$$libshutdown$$00000007  c_w.l(libshutdown2.o)
    0x0800025a   0x0800025a   0x00000000   Code   RO         1761    .ARM.Collect$$libshutdown$$0000000A  c_w.l(libshutdown2.o)
    0x0800025a   0x0800025a   0x00000000   Code   RO         1763    .ARM.Collect$$libshutdown$$0000000C  c_w.l(libshutdown2.o)
    0x0800025a   0x0800025a   0x00000000   Code   RO         1766    .ARM.Collect$$libshutdown$$0000000F  c_w.l(libshutdown2.o)
    0x0800025a   0x0800025a   0x00000002   Code   RO         1767    .ARM.Collect$$libshutdown$$00000010  c_w.l(libshutdown2.o)
    0x0800025c   0x0800025c   0x00000000   Code   RO         1576    .ARM.Collect$$rtentry$$00000000  c_w.l(__rtentry.o)
    0x0800025c   0x0800025c   0x00000000   Code   RO         1639    .ARM.Collect$$rtentry$$00000002  c_w.l(__rtentry2.o)
    0x0800025c   0x0800025c   0x00000006   Code   RO         1651    .ARM.Collect$$rtentry$$00000004  c_w.l(__rtentry4.o)
    0x08000262   0x08000262   0x00000000   Code   RO         1641    .ARM.Collect$$rtentry$$00000009  c_w.l(__rtentry2.o)
    0x08000262   0x08000262   0x00000004   Code   RO         1642    .ARM.Collect$$rtentry$$0000000A  c_w.l(__rtentry2.o)
    0x08000266   0x08000266   0x00000000   Code   RO         1644    .ARM.Collect$$rtentry$$0000000C  c_w.l(__rtentry2.o)
    0x08000266   0x08000266   0x00000008   Code   RO         1645    .ARM.Collect$$rtentry$$0000000D  c_w.l(__rtentry2.o)
    0x0800026e   0x0800026e   0x00000002   Code   RO         1679    .ARM.Collect$$rtexit$$00000000  c_w.l(rtexit.o)
    0x08000270   0x08000270   0x00000000   Code   RO         1727    .ARM.Collect$$rtexit$$00000002  c_w.l(rtexit2.o)
    0x08000270   0x08000270   0x00000004   Code   RO         1728    .ARM.Collect$$rtexit$$00000003  c_w.l(rtexit2.o)
    0x08000274   0x08000274   0x00000006   Code   RO         1729    .ARM.Collect$$rtexit$$00000004  c_w.l(rtexit2.o)
    0x0800027a   0x0800027a   0x00000002   PAD
    0x0800027c   0x0800027c   0x000000be   Code   RO         1272    .emb_text           port.o
    0x0800033a   0x0800033a   0x00000016   Code   RO            3    .text               main.o
    0x08000350   0x08000350   0x00000238   Code   RO          209    .text               stm32f4xx_it.o
    0x08000588   0x08000588   0x00000244   Code   RO          288    .text               system_stm32f4xx.o
    0x080007cc   0x080007cc   0x00000208   Code   RO          417    .text               pid_modify.o
    0x080009d4   0x080009d4   0x000003c8   Code   RO          452    .text               basicperipherals.o
    0x08000d9c   0x08000d9c   0x00000138   Code   RO          478    .text               remotdbus.o
    0x08000ed4   0x08000ed4   0x000000c4   Code   RO          530    .text               frictionmoterpwm.o
    0x08000f98   0x08000f98   0x000002c4   Code   RO          553    .text               motorcan.o
    0x0800125c   0x0800125c   0x00000160   Code   RO          580    .text               stmflash.o
    0x080013bc   0x080013bc   0x00000160   Code   RO          603    .text               mainfocus_usart.o
    0x0800151c   0x0800151c   0x00000488   Code   RO          630    .text               referee.o
    0x080019a4   0x080019a4   0x000011d8   Code   RO          661    .text               freertostask.o
    0x08002b7c   0x08002b7c   0x00000104   Code   RO          724    .text               auto_attacktask.o
    0x08002c80   0x08002c80   0x000000ec   Code   RO          763    .text               delay.o
    0x08002d6c   0x08002d6c   0x000000a8   Code   RO          837    .text               usart.o
    0x08002e14   0x08002e14   0x00000a7c   Code   RO          870    .text               imu.o
    0x08003890   0x08003890   0x0000089c   Code   RO          924    .text               mpu6500_driver.o
    0x0800412c   0x0800412c   0x0000016c   Code   RO          962    .text               spi.o
    0x08004298   0x08004298   0x00000040   Code   RO          986    .text               startup_stm32f427_437xx.o
    0x080042d8   0x080042d8   0x000000e0   Code   RO          992    .text               misc.o
    0x080043b8   0x080043b8   0x00000294   Code   RO         1012    .text               stm32f4xx_gpio.o
    0x0800464c   0x0800464c   0x00000660   Code   RO         1032    .text               stm32f4xx_rcc.o
    0x08004cac   0x08004cac   0x00000094   Code   RO         1054    .text               stm32f4xx_syscfg.o
    0x08004d40   0x08004d40   0x00000454   Code   RO         1074    .text               stm32f4xx_usart.o
    0x08005194   0x08005194   0x000009f0   Code   RO         1094    .text               stm32f4xx_can.o
    0x08005b84   0x08005b84   0x000003a8   Code   RO         1114    .text               stm32f4xx_dma.o
    0x08005f2c   0x08005f2c   0x00000ca2   Code   RO         1134    .text               stm32f4xx_tim.o
    0x08006bce   0x08006bce   0x00000002   PAD
    0x08006bd0   0x08006bd0   0x000004ee   Code   RO         1154    .text               stm32f4xx_spi.o
    0x080070be   0x080070be   0x00000002   PAD
    0x080070c0   0x080070c0   0x00000698   Code   RO         1174    .text               stm32f4xx_flash.o
    0x08007758   0x08007758   0x00000110   Code   RO         1214    .text               stm32f4xx_exti.o
    0x08007868   0x08007868   0x0000029c   Code   RO         1232    .text               heap_4.o
    0x08007b04   0x08007b04   0x00000340   Code   RO         1273    .text               port.o
    0x08007e44   0x08007e44   0x00000474   Code   RO         1311    .text               event_groups.o
    0x080082b8   0x080082b8   0x00000094   Code   RO         1341    .text               list.o
    0x0800834c   0x0800834c   0x00000f18   Code   RO         1356    .text               queue.o
    0x08009264   0x08009264   0x00001b60   Code   RO         1398    .text               tasks.o
    0x0800adc4   0x0800adc4   0x000005ec   Code   RO         1424    .text               timers.o
    0x0800b3b0   0x0800b3b0   0x00000002   Code   RO         1447    .text               c_w.l(use_no_semi_2.o)
    0x0800b3b2   0x0800b3b2   0x00000002   PAD
    0x0800b3b4   0x0800b3b4   0x00000018   Code   RO         1453    .text               c_w.l(noretval__2printf.o)
    0x0800b3cc   0x0800b3cc   0x00000028   Code   RO         1455    .text               c_w.l(noretval__2sprintf.o)
    0x0800b3f4   0x0800b3f4   0x00000068   Code   RO         1457    .text               c_w.l(__printf.o)
    0x0800b45c   0x0800b45c   0x00000052   Code   RO         1459    .text               c_w.l(_printf_str.o)
    0x0800b4ae   0x0800b4ae   0x00000002   PAD
    0x0800b4b0   0x0800b4b0   0x00000078   Code   RO         1461    .text               c_w.l(_printf_dec.o)
    0x0800b528   0x0800b528   0x00000048   Code   RO         1486    .text               c_w.l(strcpy.o)
    0x0800b570   0x0800b570   0x0000003e   Code   RO         1488    .text               c_w.l(strlen.o)
    0x0800b5ae   0x0800b5ae   0x0000008a   Code   RO         1490    .text               c_w.l(rt_memcpy_v6.o)
    0x0800b638   0x0800b638   0x00000064   Code   RO         1492    .text               c_w.l(rt_memcpy_w.o)
    0x0800b69c   0x0800b69c   0x00000010   Code   RO         1496    .text               c_w.l(aeabi_memset.o)
    0x0800b6ac   0x0800b6ac   0x0000004e   Code   RO         1498    .text               c_w.l(rt_memclr_w.o)
    0x0800b6fa   0x0800b6fa   0x00000006   Code   RO         1500    .text               c_w.l(heapauxi.o)
    0x0800b700   0x0800b700   0x00000002   Code   RO         1574    .text               c_w.l(use_no_semi.o)
    0x0800b702   0x0800b702   0x00000016   Code   RO         1577    .text               c_w.l(_rserrno.o)
    0x0800b718   0x0800b718   0x000000b2   Code   RO         1579    .text               c_w.l(_printf_intcommon.o)
    0x0800b7ca   0x0800b7ca   0x00000002   PAD
    0x0800b7cc   0x0800b7cc   0x00000030   Code   RO         1581    .text               c_w.l(_printf_char_common.o)
    0x0800b7fc   0x0800b7fc   0x0000000a   Code   RO         1583    .text               c_w.l(_sputc.o)
    0x0800b806   0x0800b806   0x0000002c   Code   RO         1585    .text               c_w.l(_printf_char.o)
    0x0800b832   0x0800b832   0x00000002   PAD
    0x0800b834   0x0800b834   0x00000024   Code   RO         1587    .text               c_w.l(_printf_char_file.o)
    0x0800b858   0x0800b858   0x00000044   Code   RO         1590    .text               c_w.l(rt_memclr.o)
    0x0800b89c   0x0800b89c   0x00000008   Code   RO         1656    .text               c_w.l(rt_errno_addr_intlibspace.o)
    0x0800b8a4   0x0800b8a4   0x00000008   Code   RO         1660    .text               c_w.l(ferror.o)
    0x0800b8ac   0x0800b8ac   0x00000008   Code   RO         1666    .text               c_w.l(libspace.o)
    0x0800b8b4   0x0800b8b4   0x0000004a   Code   RO         1669    .text               c_w.l(sys_stackheap_outer.o)
    0x0800b8fe   0x0800b8fe   0x00000012   Code   RO         1671    .text               c_w.l(exit.o)
    0x0800b910   0x0800b910   0x00000030   Code   RO         1633    i.__ARM_fpclassify  m_wm.l(fpclassify.o)
    0x0800b940   0x0800b940   0x00000360   Code   RO         1530    i.__hardfp_asin     m_wm.l(asin.o)
    0x0800bca0   0x0800bca0   0x000002d8   Code   RO         1605    i.__hardfp_atan     m_wm.l(atan.o)
    0x0800bf78   0x0800bf78   0x000001f0   Code   RO         1544    i.__hardfp_atan2    m_wm.l(atan2.o)
    0x0800c168   0x0800c168   0x00000014   Code   RO         1556    i.__hardfp_fabs     m_wm.l(fabs.o)
    0x0800c17c   0x0800c17c   0x0000007a   Code   RO         1562    i.__hardfp_sqrt     m_wm.l(sqrt.o)
    0x0800c1f6   0x0800c1f6   0x000000f8   Code   RO         1635    i.__kernel_poly     m_wm.l(poly.o)
    0x0800c2ee   0x0800c2ee   0x00000014   Code   RO         1620    i.__mathlib_dbl_infnan  m_wm.l(dunder.o)
    0x0800c302   0x0800c302   0x00000014   Code   RO         1621    i.__mathlib_dbl_infnan2  m_wm.l(dunder.o)
    0x0800c316   0x0800c316   0x00000002   PAD
    0x0800c318   0x0800c318   0x00000020   Code   RO         1622    i.__mathlib_dbl_invalid  m_wm.l(dunder.o)
    0x0800c338   0x0800c338   0x00000020   Code   RO         1625    i.__mathlib_dbl_underflow  m_wm.l(dunder.o)
    0x0800c358   0x0800c358   0x00000010   Code   RO         1607    i.atan              m_wm.l(atan.o)
    0x0800c368   0x0800c368   0x00000018   Code   RO         1558    i.fabs              m_wm.l(fabs.o)
    0x0800c380   0x0800c380   0x0000006e   Code   RO         1564    i.sqrt              m_wm.l(sqrt.o)
    0x0800c3ee   0x0800c3ee   0x00000018   Code   RO         1504    x$fpl$basic         fz_wm.l(basic.o)
    0x0800c406   0x0800c406   0x00000002   PAD
    0x0800c408   0x0800c408   0x00000062   Code   RO         1506    x$fpl$d2f           fz_wm.l(d2f.o)
    0x0800c46a   0x0800c46a   0x00000002   PAD
    0x0800c46c   0x0800c46c   0x00000150   Code   RO         1508    x$fpl$dadd          fz_wm.l(daddsub_clz.o)
    0x0800c5bc   0x0800c5bc   0x00000018   Code   RO         1664    x$fpl$dcmpinf       fz_wm.l(dcmpi.o)
    0x0800c5d4   0x0800c5d4   0x000002b0   Code   RO         1515    x$fpl$ddiv          fz_wm.l(ddiv.o)
    0x0800c884   0x0800c884   0x0000002e   Code   RO         1519    x$fpl$dflt          fz_wm.l(dflt_clz.o)
    0x0800c8b2   0x0800c8b2   0x00000002   PAD
    0x0800c8b4   0x0800c8b4   0x00000078   Code   RO         1592    x$fpl$dleqf         fz_wm.l(dleqf.o)
    0x0800c92c   0x0800c92c   0x00000154   Code   RO         1524    x$fpl$dmul          fz_wm.l(dmul.o)
    0x0800ca80   0x0800ca80   0x0000009c   Code   RO         1594    x$fpl$dnaninf       fz_wm.l(dnaninf.o)
    0x0800cb1c   0x0800cb1c   0x0000000c   Code   RO         1596    x$fpl$dretinf       fz_wm.l(dretinf.o)
    0x0800cb28   0x0800cb28   0x0000006c   Code   RO         1526    x$fpl$drleqf        fz_wm.l(drleqf.o)
    0x0800cb94   0x0800cb94   0x00000016   Code   RO         1509    x$fpl$drsb          fz_wm.l(daddsub_clz.o)
    0x0800cbaa   0x0800cbaa   0x00000002   PAD
    0x0800cbac   0x0800cbac   0x00000198   Code   RO         1598    x$fpl$dsqrt         fz_wm.l(dsqrt_umaal.o)
    0x0800cd44   0x0800cd44   0x000001d4   Code   RO         1510    x$fpl$dsub          fz_wm.l(daddsub_clz.o)
    0x0800cf18   0x0800cf18   0x00000056   Code   RO         1528    x$fpl$f2d           fz_wm.l(f2d.o)
    0x0800cf6e   0x0800cf6e   0x0000008c   Code   RO         1600    x$fpl$fnaninf       fz_wm.l(fnaninf.o)
    0x0800cffa   0x0800cffa   0x0000000a   Code   RO         1735    x$fpl$fpinit        fz_wm.l(fpinit.o)
    0x0800d004   0x0800d004   0x0000000a   Code   RO         1602    x$fpl$fretinf       fz_wm.l(fretinf.o)
    0x0800d00e   0x0800d00e   0x00000000   Code   RO         1604    x$fpl$usenofp       fz_wm.l(usenofp.o)
    0x0800d00e   0x0800d00e   0x00000101   Data   RO          632    .constdata          referee.o
    0x0800d10f   0x0800d10f   0x00000001   PAD
    0x0800d110   0x0800d110   0x00000014   Data   RO          926    .constdata          mpu6500_driver.o
    0x0800d124   0x0800d124   0x00000004   PAD
    0x0800d128   0x0800d128   0x00000050   Data   RO         1533    .constdata          m_wm.l(asin.o)
    0x0800d178   0x0800d178   0x00000098   Data   RO         1608    .constdata          m_wm.l(atan.o)
    0x0800d210   0x0800d210   0x00000008   Data   RO         1637    .constdata          m_wm.l(qnan.o)
    0x0800d218   0x0800d218   0x00000020   Data   RO         1799    Region$$Table       anon$$obj.o


    Execution Region RW_IRAM1 (Exec base: 0x20000000, Load base: 0x0800d238, Size: 0x00013b38, Max: 0x00030000, ABSOLUTE, COMPRESSED[0x00000050])

    Exec Addr    Load Addr    Size         Type   Attr      Idx    E Section Name        Object

    0x20000000   COMPRESSED   0x00000014   Data   RW          289    .data               system_stm32f4xx.o
    0x20000014   COMPRESSED   0x00000004   Data   RW          453    .data               basicperipherals.o
    0x20000018   COMPRESSED   0x00000007   Data   RW          633    .data               referee.o
    0x2000001f   COMPRESSED   0x00000001   PAD
    0x20000020   COMPRESSED   0x00000079   Data   RW          663    .data               freertostask.o
    0x20000099   COMPRESSED   0x0000000b   Data   RW          726    .data               auto_attacktask.o
    0x200000a4   COMPRESSED   0x00000004   Data   RW          764    .data               delay.o
    0x200000a8   COMPRESSED   0x00000004   Data   RW          838    .data               usart.o
    0x200000ac   COMPRESSED   0x0000002c   Data   RW          871    .data               imu.o
    0x200000d8   COMPRESSED   0x0000003f   Data   RW          927    .data               mpu6500_driver.o
    0x20000117   COMPRESSED   0x00000010   Data   RW         1033    .data               stm32f4xx_rcc.o
    0x20000127   COMPRESSED   0x00000001   PAD
    0x20000128   COMPRESSED   0x00000018   Data   RW         1234    .data               heap_4.o
    0x20000140   COMPRESSED   0x0000000c   Data   RW         1274    .data               port.o
    0x2000014c   COMPRESSED   0x00000044   Data   RW         1400    .data               tasks.o
    0x20000190   COMPRESSED   0x00000014   Data   RW         1426    .data               timers.o
    0x200001a4        -       0x00000010   Zero   RW          210    .bss                stm32f4xx_it.o
    0x200001b4        -       0x00000012   Zero   RW          479    .bss                remotdbus.o
    0x200001c6   COMPRESSED   0x00000002   PAD
    0x200001c8        -       0x00000104   Zero   RW          631    .bss                referee.o
    0x200002cc        -       0x000003c8   Zero   RW          662    .bss                freertostask.o
    0x20000694        -       0x0000001e   Zero   RW          725    .bss                auto_attacktask.o
    0x200006b2        -       0x000000b8   Zero   RW          925    .bss                mpu6500_driver.o
    0x2000076a        -       0x00012c00   Zero   RW         1233    .bss                heap_4.o
    0x2001336a   COMPRESSED   0x00000002   PAD
    0x2001336c        -       0x00000040   Zero   RW         1357    .bss                queue.o
    0x200133ac        -       0x00000104   Zero   RW         1399    .bss                tasks.o
    0x200134b0        -       0x00000028   Zero   RW         1425    .bss                timers.o
    0x200134d8        -       0x00000060   Zero   RW         1667    .bss                c_w.l(libspace.o)
    0x20013538        -       0x00000200   Zero   RW          984    HEAP                startup_stm32f427_437xx.o
    0x20013738        -       0x00000400   Zero   RW          983    STACK               startup_stm32f427_437xx.o


==============================================================================

Image component sizes


      Code (inc. data)   RO Data    RW Data    ZI Data      Debug   Object Name

       260         28          0         11         30       2594   auto_attacktask.o
       968         38          0          4          0       3003   basicperipherals.o
       236          8          0          4          0       8937   delay.o
      1140          4          0          0          0      15555   event_groups.o
      4568        648          0        121        968      10492   freertostask.o
       196         10          0          0          0        716   frictionmoterpwm.o
       668         24          0         24      76800      13156   heap_4.o
      2684        108          0         44          0       4116   imu.o
       148          0          0          0          0       1954   list.o
        22          0          0          0          0     311345   main.o
       352         18          0          0          0       1331   mainfocus_usart.o
       224         20          0          0          0       1821   misc.o
       708         16          0          0          0       1935   motorcan.o
      2204        100         20         63        184       7979   mpu6500_driver.o
       520         14          0          0          0       3383   pid_modify.o
      1022         52          0         12          0       8903   port.o
      3864         20          0          0         64      21232   queue.o
      1160         56        257          7        260       5742   referee.o
       312         22          0          0         18     247442   remotdbus.o
       364          8          0          0          0       1438   spi.o
        64         26        428          0       1536        840   startup_stm32f427_437xx.o
      2544         38          0          0          0       8148   stm32f4xx_can.o
       936         32          0          0          0       6397   stm32f4xx_dma.o
       272         10          0          0          0       2291   stm32f4xx_exti.o
      1688         24          0          0          0       9422   stm32f4xx_flash.o
       660         44          0          0          0       4161   stm32f4xx_gpio.o
       568         64          0          0         16     246010   stm32f4xx_it.o
      1632         54          0         16          0      13096   stm32f4xx_rcc.o
      1262         38          0          0          0       7413   stm32f4xx_spi.o
       148         12          0          0          0       1845   stm32f4xx_syscfg.o
      3234         60          0          0          0      23020   stm32f4xx_tim.o
      1108         34          0          0          0       7888   stm32f4xx_usart.o
       352         48          0          0          0       2460   stmflash.o
       580         46          0         20          0      79539   system_stm32f4xx.o
      7008        416          0         68        260      31458   tasks.o
      1516         68          0         20         40      13966   timers.o
       168         10          0          4          0       3062   usart.o

    ----------------------------------------------------------------------
     45364       2218        742        420      80180    1134090   Object Totals
         0          0         32          0          0          0   (incl. Generated)
         4          0          5          2          4          0   (incl. Padding)

    ----------------------------------------------------------------------

      Code (inc. data)   RO Data    RW Data    ZI Data      Debug   Library Member Name

        58          0          0          0          0          0   __dczerorl.o
         8          0          0          0          0         68   __main.o
       104          0          0          0          0         84   __printf.o
         0          0          0          0          0          0   __rtentry.o
        12          0          0          0          0          0   __rtentry2.o
         6          0          0          0          0          0   __rtentry4.o
        52          8          0          0          0          0   __scatter.o
        28          0          0          0          0          0   __scatter_zi.o
         6          0          0          0          0          0   _printf_c.o
        44          0          0          0          0        108   _printf_char.o
        48          6          0          0          0         96   _printf_char_common.o
        36          4          0          0          0         80   _printf_char_file.o
       120         16          0          0          0         92   _printf_dec.o
       178          0          0          0          0         88   _printf_intcommon.o
         0          0          0          0          0          0   _printf_percent.o
         4          0          0          0          0          0   _printf_percent_end.o
        82          0          0          0          0         80   _printf_str.o
         6          0          0          0          0          0   _printf_u.o
        22          0          0          0          0        100   _rserrno.o
        10          0          0          0          0         68   _sputc.o
        16          0          0          0          0         68   aeabi_memset.o
        18          0          0          0          0         80   exit.o
         8          0          0          0          0         68   ferror.o
         6          0          0          0          0        152   heapauxi.o
         2          0          0          0          0          0   libinit.o
         6          0          0          0          0          0   libinit2.o
         2          0          0          0          0          0   libshutdown.o
         2          0          0          0          0          0   libshutdown2.o
         8          4          0          0         96         68   libspace.o
        24          4          0          0          0         84   noretval__2printf.o
        40          6          0          0          0         84   noretval__2sprintf.o
         8          4          0          0          0         68   rt_errno_addr_intlibspace.o
        68          0          0          0          0         68   rt_memclr.o
        78          0          0          0          0         80   rt_memclr_w.o
       138          0          0          0          0         68   rt_memcpy_v6.o
       100          0          0          0          0         80   rt_memcpy_w.o
         2          0          0          0          0          0   rtexit.o
        10          0          0          0          0          0   rtexit2.o
        72          0          0          0          0         80   strcpy.o
        62          0          0          0          0         76   strlen.o
        74          0          0          0          0         80   sys_stackheap_outer.o
         2          0          0          0          0         68   use_no_semi.o
         2          0          0          0          0         68   use_no_semi_2.o
        24          0          0          0          0        164   basic.o
        98          4          0          0          0        140   d2f.o
       826         16          0          0          0        492   daddsub_clz.o
        24          0          0          0          0        116   dcmpi.o
       688        140          0          0          0        256   ddiv.o
        46          0          0          0          0        116   dflt_clz.o
       120          4          0          0          0        140   dleqf.o
       340         12          0          0          0        152   dmul.o
       156          4          0          0          0        140   dnaninf.o
        12          0          0          0          0        116   dretinf.o
       108          0          0          0          0        128   drleqf.o
       408         56          0          0          0        168   dsqrt_umaal.o
        86          4          0          0          0        132   f2d.o
       140          4          0          0          0        132   fnaninf.o
        10          0          0          0          0        116   fpinit.o
        10          0          0          0          0        116   fretinf.o
         0          0          0          0          0          0   usenofp.o
       864         94         80          0          0        280   asin.o
       744        106        152          0          0        352   atan.o
       496         64          0          0          0        192   atan2.o
       104         16          0          0          0        496   dunder.o
        44          0          0          0          0        248   fabs.o
        48          0          0          0          0        124   fpclassify.o
       248          0          0          0          0        152   poly.o
         0          0          8          0          0          0   qnan.o
       232          0          0          0          0        296   sqrt.o

    ----------------------------------------------------------------------
      7470        576        240          0         96       6968   Library Totals
        22          0          0          0          0          0   (incl. Padding)

    ----------------------------------------------------------------------

      Code (inc. data)   RO Data    RW Data    ZI Data      Debug   Library Name

      1572         52          0          0         96       2204   c_w.l
      3096        244          0          0          0       2624   fz_wm.l
      2780        280        240          0          0       2140   m_wm.l

    ----------------------------------------------------------------------
      7470        576        240          0         96       6968   Library Totals

    ----------------------------------------------------------------------

==============================================================================


      Code (inc. data)   RO Data    RW Data    ZI Data      Debug   

     52834       2794        982        420      80276    1127762   Grand Totals
     52834       2794        982         80      80276    1127762   ELF Image Totals (compressed)
     52834       2794        982         80          0          0   ROM Totals

==============================================================================

    Total RO  Size (Code + RO Data)                53816 (  52.55kB)
    Total RW  Size (RW Data + ZI Data)             80696 (  78.80kB)
    Total ROM Size (Code + RO Data + RW Data)      53896 (  52.63kB)

==============================================================================

