Component: ARM Compiler 5.05 update 1 (build 106) Tool: armlink [4d0efa]

==============================================================================

Section Cross References

    main.o(.text) refers to bsp.o(.text) for BSP_Init
    main.o(.text) refers to my_api.o(.text) for Gimbal_Params_Init
    main.o(.text) refers to cmtask.o(.text) for Track_Motor_Pidparams_init
    main.o(.text) refers to dbustask.o(.text) for RemoteSelfCheck
    main.o(.text) refers to iwdg.o(.text) for DogFeed
    main.o(.text) refers to delay.o(.text) for delay_ms
    main.o(.text) refers to iwdg.o(.data) for Dog
    my_api.o(.text) refers to pid_modify.o(.text) for PID_struct_init
    my_api.o(.text) refers to f2d.o(x$fpl$f2d) for __aeabi_f2d
    my_api.o(.text) refers to daddsub_clz.o(x$fpl$dadd) for __aeabi_dadd
    my_api.o(.text) refers to drleqf.o(x$fpl$drleqf) for __aeabi_cdrcmple
    my_api.o(.text) refers to daddsub_clz.o(x$fpl$dsub) for __aeabi_dsub
    my_api.o(.text) refers to dleqf.o(x$fpl$dleqf) for __aeabi_cdcmple
    my_api.o(.text) refers to dbustask.o(.text) for GetInputMode
    my_api.o(.text) refers to cantask.o(.text) for CAN1_Send_Motor_data
    my_api.o(.text) refers to gimbaltask.o(.text) for Heat2SetFire
    my_api.o(.text) refers to cmtask.o(.text) for CAN1_ID_1_4_Send
    my_api.o(.text) refers to my_api.o(.data) for workState
    my_api.o(.text) refers to pid_modify.o(.bss) for CAN1_Motor_PID
    my_api.o(.text) refers to imu.o(.bss) for mydata
    my_api.o(.text) refers to iwdg.o(.data) for Dog
    my_api.o(.text) refers to auto_attacktask.o(.bss) for AutoData
    my_api.o(.text) refers to cmtask.o(.data) for g_fire_speed
    my_api.o(.data) refers to gimbaltask.o(.text) for YawControlCalc
    dbustask.o(.text) refers to my_api.o(.text) for GetWorkState
    dbustask.o(.text) refers to stm32f4xx_dma.o(.text) for DMA_GetFlagStatus
    dbustask.o(.text) refers to dbustask.o(.data) for inputmode
    dbustask.o(.text) refers to iwdg.o(.bss) for global_cout
    dbustask.o(.text) refers to dbus.o(.bss) for sbus_rx_buffer
    dbustask.o(.text) refers to bsp.o(.data) for Bsp
    dbustask.o(.text) refers to imu.o(.bss) for mydata
    cantask.o(.text) refers to stm32f4xx_can.o(.text) for CAN_Receive
    cantask.o(.text) refers to cantask.o(.data) for new_data_p
    cantask.o(.text) refers to iwdg.o(.bss) for global_cout
    cantask.o(.text) refers to pid_modify.o(.bss) for CAN1_Motor_PID
    cantask.o(.text) refers to my_api.o(.data) for workState
    cantask.o(.text) refers to imu.o(.bss) for mydata
    remotetask.o(.text) refers to imu.o(.bss) for mydata
    pid.o(.text) refers to pid.o(.data) for Error_Last
    pid.o(.data) refers to pid.o(.text) for IncrementalPidCalc
    gimbaltask.o(.text) refers to pid.o(.text) for constrain
    gimbaltask.o(.text) refers to f2d.o(x$fpl$f2d) for __aeabi_f2d
    gimbaltask.o(.text) refers to daddsub_clz.o(x$fpl$dadd) for __aeabi_dadd
    gimbaltask.o(.text) refers to basic.o(x$fpl$basic) for __aeabi_dneg
    gimbaltask.o(.text) refers to dmul.o(x$fpl$dmul) for __aeabi_dmul
    gimbaltask.o(.text) refers to d2f.o(x$fpl$d2f) for __aeabi_d2f
    gimbaltask.o(.text) refers to daddsub_clz.o(x$fpl$dsub) for __aeabi_dsub
    gimbaltask.o(.text) refers to my_api.o(.text) for GetWorkState
    gimbaltask.o(.text) refers to ddiv.o(x$fpl$ddiv) for __aeabi_ddiv
    gimbaltask.o(.text) refers to pid_modify.o(.text) for pid_calc
    gimbaltask.o(.text) refers to auto_attacktask.o(.bss) for AutoData
    gimbaltask.o(.text) refers to imu.o(.bss) for mydata
    gimbaltask.o(.text) refers to gimbaltask.o(.data) for Encoder_init
    gimbaltask.o(.text) refers to pid_modify.o(.bss) for CAN1_Motor_PID
    gimbaltask.o(.text) refers to bsp.o(.data) for Bsp
    cmtask.o(.text) refers to pid_modify.o(.text) for PID_struct_init
    cmtask.o(.text) refers to dflt_clz.o(x$fpl$dflt) for __aeabi_i2d
    cmtask.o(.text) refers to daddsub_clz.o(x$fpl$dsub) for __aeabi_dsub
    cmtask.o(.text) refers to dfix.o(x$fpl$dfix) for __aeabi_d2iz
    cmtask.o(.text) refers to daddsub_clz.o(x$fpl$dadd) for __aeabi_dadd
    cmtask.o(.text) refers to cantask.o(.text) for CAN1_Send_Motor_data
    cmtask.o(.text) refers to pid_modify.o(.bss) for CAN1_Motor_PID
    cmtask.o(.text) refers to cmtask.o(.data) for encoder_position
    cmtask.o(.text) refers to bsp.o(.data) for Bsp
    auto_attacktask.o(.text) refers to stm32f4xx_usart.o(.text) for USART_GetFlagStatus
    auto_attacktask.o(.text) refers to stm32f4xx_rcc.o(.text) for RCC_AHB1PeriphClockCmd
    auto_attacktask.o(.text) refers to stm32f4xx_gpio.o(.text) for GPIO_Init
    auto_attacktask.o(.text) refers to misc.o(.text) for NVIC_Init
    auto_attacktask.o(.text) refers to stm32f4xx_dma.o(.text) for DMA_Cmd
    auto_attacktask.o(.text) refers to usart.o(.bss) for myTerminal
    auto_attacktask.o(.text) refers to auto_attacktask.o(.bss) for AutoData
    auto_attacktask.o(.text) refers to auto_attacktask.o(.data) for SendBuff
[...]
    TIM1_PWM_Config                          0x08002791   Thumb Code   252  pwm.o(.text)
    TIM12_PWM_Config                         0x0800288d   Thumb Code   180  pwm.o(.text)
    PwmConfig                                0x08002941   Thumb Code    12  pwm.o(.text)
    CAN1Config                               0x08002a5b   Thumb Code    16  can1.o(.text)
    CAN2Config                               0x08002b71   Thumb Code    16  can2.o(.text)
    DelayConfig                              0x08002b89   Thumb Code    52  delay.o(.text)
    delay_us                                 0x08002bbd   Thumb Code    72  delay.o(.text)
    delay_xms                                0x08002c05   Thumb Code    72  delay.o(.text)
    delay_ms                                 0x08002c4d   Thumb Code    56  delay.o(.text)
    STMFLASH_ReadWord                        0x08002c8d   Thumb Code     6  stmflash.o(.text)
    STMFLASH_GetFlashSector                  0x08002c93   Thumb Code   116  stmflash.o(.text)
    STMFLASH_Write                           0x08002d07   Thumb Code   146  stmflash.o(.text)
    STMFLASH_Read                            0x08002d99   Thumb Code    32  stmflash.o(.text)
    StmflashWrite                            0x08002db9   Thumb Code     2  stmflash.o(.text)
    StmflashRead                             0x08002dbb   Thumb Code     2  stmflash.o(.text)
    IWDG_Init                                0x08002ded   Thumb Code    34  iwdg.o(.text)
    GetLostError                             0x08002e0f   Thumb Code    44  iwdg.o(.text)
    check                                    0x08002e3b   Thumb Code    78  iwdg.o(.text)
    DogFeed                                  0x08002e89   Thumb Code    10  iwdg.o(.text)
    Referee_init                             0x08002e9d   Thumb Code   322  referee.o(.text)
    bubble_sort                              0x08002fdf   Thumb Code   100  referee.o(.text)
    Get_CRC8_Check_Sum                       0x08003043   Thumb Code    30  referee.o(.text)
    Verify_CRC8_Check_Sum                    0x08003061   Thumb Code    46  referee.o(.text)
    USART2_IRQHandler                        0x08003305   Thumb Code    64  referee.o(.text)
    Append_CRC8_Check_Sum                    0x08003345   Thumb Code    36  referee.o(.text)
    Encoder_GPIO_init                        0x08003375   Thumb Code    68  encoder.o(.text)
    Encoder_Timer_init                       0x080033b9   Thumb Code   106  encoder.o(.text)
    Encoder_Config                           0x080034a1   Thumb Code    12  encoder.o(.text)
    EXTI15_10_IRQHandler                     0x080034ad   Thumb Code    30  encoder.o(.text)
    invSqrt                                  0x080034dd   Thumb Code    56  imu.o(.text)
    IMU_getValues                            0x08003515   Thumb Code   100  imu.o(.text)
    IMU_AHRSupdate                           0x08003579   Thumb Code  1620  imu.o(.text)
    IMU_getYawPitchRoll                      0x08003bcd   Thumb Code   800  imu.o(.text)
    GetPitchYawGxGyGz                        0x08003eed   Thumb Code   132  imu.o(.text)
    SPI5_Gpio_Config                         0x08003f75   Thumb Code   116  spi.o(.text)
    SPI5_Config                              0x08003fe9   Thumb Code   104  spi.o(.text)
    SPI5_SetSpeed                            0x08004051   Thumb Code    36  spi.o(.text)
    SPIConfig                                0x08004075   Thumb Code    18  spi.o(.text)
    SPI5_ReadWriteByte                       0x08004087   Thumb Code    82  spi.o(.text)
    MPU6500_Write_Reg                        0x080040e1   Thumb Code    50  mpu6500_driver.o(.text)
    MPU6500_Read_Reg                         0x08004113   Thumb Code    52  mpu6500_driver.o(.text)
    MPU6500_Read_Regs                        0x08004147   Thumb Code    30  mpu6500_driver.o(.text)
    IST8310_Init                             0x0800426b   Thumb Code   242  mpu6500_driver.o(.text)
    MPU6500_Set_Accel_Fsr                    0x0800435d   Thumb Code    16  mpu6500_driver.o(.text)
    MPU6500_Set_Gyro_Fsr                     0x0800436d   Thumb Code    16  mpu6500_driver.o(.text)
    MPU6500_DataSave                         0x0800437d   Thumb Code   534  mpu6500_driver.o(.text)
    MPU6500_GetMotion6                       0x08004593   Thumb Code   452  mpu6500_driver.o(.text)
    MPU6050_getlastMotion6                   0x08004757   Thumb Code    88  mpu6500_driver.o(.text)
    MPU6500_InitGyro_offset                  0x080047af   Thumb Code   178  mpu6500_driver.o(.text)
    Correct_Data_For_GXYZ                    0x08004861   Thumb Code    42  mpu6500_driver.o(.text)
    MPU6500_Init                             0x0800488b   Thumb Code    94  mpu6500_driver.o(.text)
    MPU6500Config                            0x080048e9   Thumb Code    20  mpu6500_driver.o(.text)
    IMU_INT_Config                           0x080049c7   Thumb Code    16  imu_int.o(.text)
    EXTI1_IRQHandler                         0x080049d7   Thumb Code    24  imu_int.o(.text)
    NVIC_PriorityGroupConfig                 0x080049f9   Thumb Code    10  misc.o(.text)
    NVIC_Init                                0x08004a03   Thumb Code   106  misc.o(.text)
    NVIC_SetVectorTable                      0x08004a6d   Thumb Code    14  misc.o(.text)
    NVIC_SystemLPConfig                      0x08004a7b   Thumb Code    34  misc.o(.text)
    SysTick_CLKSourceConfig                  0x08004a9d   Thumb Code    40  misc.o(.text)
    GPIO_DeInit                              0x08004ad9   Thumb Code   268  stm32f4xx_gpio.o(.text)
    GPIO_Init                                0x08004be5   Thumb Code   144  stm32f4xx_gpio.o(.text)
    GPIO_StructInit                          0x08004c75   Thumb Code    18  stm32f4xx_gpio.o(.text)
    GPIO_PinLockConfig                       0x08004c87   Thumb Code    34  stm32f4xx_gpio.o(.text)
    GPIO_ReadInputDataBit                    0x08004ca9   Thumb Code    18  stm32f4xx_gpio.o(.text)
    GPIO_ReadInputData                       0x08004cbb   Thumb Code     8  stm32f4xx_gpio.o(.text)
    GPIO_ReadOutputDataBit                   0x08004cc3   Thumb Code    18  stm32f4xx_gpio.o(.text)
    GPIO_ReadOutputData                      0x08004cd5   Thumb Code     8  stm32f4xx_gpio.o(.text)
    GPIO_SetBits                             0x08004cdd   Thumb Code     4  stm32f4xx_gpio.o(.text)
    GPIO_ResetBits                           0x08004ce1   Thumb Code     4  stm32f4xx_gpio.o(.text)
    GPIO_WriteBit                            0x08004ce5   Thumb Code    10  stm32f4xx_gpio.o(.text)
    GPIO_Write                               0x08004cef   Thumb Code     4  stm32f4xx_gpio.o(.text)
    GPIO_ToggleBits                          0x08004cf3   Thumb Code     8  stm32f4xx_gpio.o(.text)
    GPIO_PinAFConfig                         0x08004cfb   Thumb Code    70  stm32f4xx_gpio.o(.text)
    RCC_DeInit                               0x08004d6d   Thumb Code    82  stm32f4xx_rcc.o(.text)
    RCC_HSEConfig                            0x08004dbf   Thumb Code    14  stm32f4xx_rcc.o(.text)
    RCC_GetFlagStatus                        0x08004dcd   Thumb Code    60  stm32f4xx_rcc.o(.text)
    RCC_WaitForHSEStartUp                    0x08004e09   Thumb Code    56  stm32f4xx_rcc.o(.text)
    RCC_AdjustHSICalibrationValue            0x08004e41   Thumb Code    20  stm32f4xx_rcc.o(.text)
    RCC_HSICmd                               0x08004e55   Thumb Code     6  stm32f4xx_rcc.o(.text)
    RCC_LSEConfig                            0x08004e5b   Thumb Code    46  stm32f4xx_rcc.o(.text)
    RCC_LSICmd                               0x08004e89   Thumb Code     6  stm32f4xx_rcc.o(.text)
    RCC_PLLConfig                            0x08004e8f   Thumb Code    32  stm32f4xx_rcc.o(.text)
    RCC_PLLCmd                               0x08004eaf   Thumb Code     6  stm32f4xx_rcc.o(.text)
    RCC_PLLI2SConfig                         0x08004eb5   Thumb Code    20  stm32f4xx_rcc.o(.text)
    RCC_PLLI2SCmd                            0x08004ec9   Thumb Code     6  stm32f4xx_rcc.o(.text)
    RCC_PLLSAIConfig                         0x08004ecf   Thumb Code    20  stm32f4xx_rcc.o(.text)
    RCC_PLLSAICmd                            0x08004ee3   Thumb Code     6  stm32f4xx_rcc.o(.text)
    RCC_ClockSecuritySystemCmd               0x08004ee9   Thumb Code     6  stm32f4xx_rcc.o(.text)
    RCC_MCO1Config                           0x08004eef   Thumb Code    28  stm32f4xx_rcc.o(.text)
    RCC_MCO2Config                           0x08004f0b   Thumb Code    28  stm32f4xx_rcc.o(.text)
    RCC_SYSCLKConfig                         0x08004f27   Thumb Code    20  stm32f4xx_rcc.o(.text)
    RCC_GetSYSCLKSource                      0x08004f3b   Thumb Code    12  stm32f4xx_rcc.o(.text)
    RCC_HCLKConfig                           0x08004f47   Thumb Code    20  stm32f4xx_rcc.o(.text)
    RCC_PCLK1Config                          0x08004f5b   Thumb Code    20  stm32f4xx_rcc.o(.text)
    RCC_PCLK2Config                          0x08004f6f   Thumb Code    22  stm32f4xx_rcc.o(.text)
    RCC_GetClocksFreq                        0x08004f85   Thumb Code   222  stm32f4xx_rcc.o(.text)
    RCC_RTCCLKConfig                         0x08005063   Thumb Code    54  stm32f4xx_rcc.o(.text)
    RCC_RTCCLKCmd                            0x08005099   Thumb Code     8  stm32f4xx_rcc.o(.text)
    RCC_BackupResetCmd                       0x080050a1   Thumb Code     8  stm32f4xx_rcc.o(.text)
    RCC_I2SCLKConfig                         0x080050a9   Thumb Code     6  stm32f4xx_rcc.o(.text)
    RCC_SAIPLLI2SClkDivConfig                0x080050af   Thumb Code    26  stm32f4xx_rcc.o(.text)
    RCC_SAIPLLSAIClkDivConfig                0x080050c9   Thumb Code    28  stm32f4xx_rcc.o(.text)
    RCC_SAIBlockACLKConfig                   0x080050e5   Thumb Code    20  stm32f4xx_rcc.o(.text)
    RCC_SAIBlockBCLKConfig                   0x080050f9   Thumb Code    20  stm32f4xx_rcc.o(.text)
    RCC_LTDCCLKDivConfig                     0x0800510d   Thumb Code    20  stm32f4xx_rcc.o(.text)
    RCC_TIMCLKPresConfig                     0x08005121   Thumb Code     6  stm32f4xx_rcc.o(.text)
    RCC_AHB1PeriphClockCmd                   0x08005127   Thumb Code    82  stm32f4xx_rcc.o(.text)
    RCC_AHB2PeriphClockCmd                   0x08005179   Thumb Code    26  stm32f4xx_rcc.o(.text)
    RCC_AHB3PeriphClockCmd                   0x08005193   Thumb Code    34  stm32f4xx_rcc.o(.text)
    RCC_APB1PeriphClockCmd                   0x080051b5   Thumb Code    34  stm32f4xx_rcc.o(.text)
    RCC_APB2PeriphClockCmd                   0x080051d7   Thumb Code    34  stm32f4xx_rcc.o(.text)
    RCC_AHB1PeriphResetCmd                   0x080051f9   Thumb Code    34  stm32f4xx_rcc.o(.text)
    RCC_AHB2PeriphResetCmd                   0x0800521b   Thumb Code    34  stm32f4xx_rcc.o(.text)
    RCC_AHB3PeriphResetCmd                   0x0800523d   Thumb Code    34  stm32f4xx_rcc.o(.text)
    RCC_APB1PeriphResetCmd                   0x0800525f   Thumb Code    34  stm32f4xx_rcc.o(.text)
    RCC_APB2PeriphResetCmd                   0x08005281   Thumb Code    34  stm32f4xx_rcc.o(.text)
    RCC_AHB1PeriphClockLPModeCmd             0x080052a3   Thumb Code    34  stm32f4xx_rcc.o(.text)
    RCC_AHB2PeriphClockLPModeCmd             0x080052c5   Thumb Code    34  stm32f4xx_rcc.o(.text)
    RCC_AHB3PeriphClockLPModeCmd             0x080052e7   Thumb Code    34  stm32f4xx_rcc.o(.text)
    RCC_APB1PeriphClockLPModeCmd             0x08005309   Thumb Code    34  stm32f4xx_rcc.o(.text)
    RCC_APB2PeriphClockLPModeCmd             0x0800532b   Thumb Code    34  stm32f4xx_rcc.o(.text)
    RCC_LSEModeConfig                        0x0800534d   Thumb Code    40  stm32f4xx_rcc.o(.text)
    RCC_ITConfig                             0x08005375   Thumb Code    34  stm32f4xx_rcc.o(.text)
    RCC_ClearFlag                            0x08005397   Thumb Code    18  stm32f4xx_rcc.o(.text)
    RCC_GetITStatus                          0x080053a9   Thumb Code    22  stm32f4xx_rcc.o(.text)
    RCC_ClearITPendingBit                    0x080053bf   Thumb Code     8  stm32f4xx_rcc.o(.text)
    SYSCFG_DeInit                            0x080053cd   Thumb Code    22  stm32f4xx_syscfg.o(.text)
    SYSCFG_MemoryRemapConfig                 0x080053e3   Thumb Code     6  stm32f4xx_syscfg.o(.text)
    SYSCFG_MemorySwappingBank                0x080053e9   Thumb Code     6  stm32f4xx_syscfg.o(.text)
    SYSCFG_EXTILineConfig                    0x080053ef   Thumb Code    66  stm32f4xx_syscfg.o(.text)
    SYSCFG_ETH_MediaInterfaceConfig          0x08005431   Thumb Code     8  stm32f4xx_syscfg.o(.text)
    SYSCFG_CompensationCellCmd               0x08005439   Thumb Code     6  stm32f4xx_syscfg.o(.text)
    SYSCFG_GetCompensationCellStatus         0x0800543f   Thumb Code    22  stm32f4xx_syscfg.o(.text)
    USART_DeInit                             0x08005461   Thumb Code   206  stm32f4xx_usart.o(.text)
    USART_Init                               0x0800552f   Thumb Code   204  stm32f4xx_usart.o(.text)
    USART_StructInit                         0x080055fb   Thumb Code    24  stm32f4xx_usart.o(.text)
    USART_ClockInit                          0x08005613   Thumb Code    32  stm32f4xx_usart.o(.text)
    USART_ClockStructInit                    0x08005633   Thumb Code    12  stm32f4xx_usart.o(.text)
    USART_Cmd                                0x0800563f   Thumb Code    24  stm32f4xx_usart.o(.text)
    USART_SetPrescaler                       0x08005657   Thumb Code    16  stm32f4xx_usart.o(.text)
    USART_OverSampling8Cmd                   0x08005667   Thumb Code    22  stm32f4xx_usart.o(.text)
    USART_OneBitMethodCmd                    0x0800567d   Thumb Code    24  stm32f4xx_usart.o(.text)
    USART_SendData                           0x08005695   Thumb Code     8  stm32f4xx_usart.o(.text)
    USART_ReceiveData                        0x0800569d   Thumb Code    10  stm32f4xx_usart.o(.text)
    USART_SetAddress                         0x080056a7   Thumb Code    18  stm32f4xx_usart.o(.text)
    USART_ReceiverWakeUpCmd                  0x080056b9   Thumb Code    24  stm32f4xx_usart.o(.text)
    USART_WakeUpConfig                       0x080056d1   Thumb Code    18  stm32f4xx_usart.o(.text)
    USART_LINBreakDetectLengthConfig         0x080056e3   Thumb Code    18  stm32f4xx_usart.o(.text)
    USART_LINCmd                             0x080056f5   Thumb Code    24  stm32f4xx_usart.o(.text)
    USART_SendBreak                          0x0800570d   Thumb Code    10  stm32f4xx_usart.o(.text)
    USART_HalfDuplexCmd                      0x08005717   Thumb Code    24  stm32f4xx_usart.o(.text)
    USART_SetGuardTime                       0x0800572f   Thumb Code    16  stm32f4xx_usart.o(.text)
    USART_SmartCardCmd                       0x0800573f   Thumb Code    24  stm32f4xx_usart.o(.text)
    USART_SmartCardNACKCmd                   0x08005757   Thumb Code    24  stm32f4xx_usart.o(.text)
    USART_IrDAConfig                         0x0800576f   Thumb Code    18  stm32f4xx_usart.o(.text)
    USART_IrDACmd                            0x08005781   Thumb Code    24  stm32f4xx_usart.o(.text)
    USART_DMACmd                             0x08005799   Thumb Code    18  stm32f4xx_usart.o(.text)
    USART_ITConfig                           0x080057ab   Thumb Code    74  stm32f4xx_usart.o(.text)
    USART_GetFlagStatus                      0x080057f5   Thumb Code    26  stm32f4xx_usart.o(.text)
    USART_ClearFlag                          0x0800580f   Thumb Code    18  stm32f4xx_usart.o(.text)
    USART_GetITStatus                        0x08005821   Thumb Code   118  stm32f4xx_usart.o(.text)
    USART_ClearITPendingBit                  0x08005897   Thumb Code    30  stm32f4xx_usart.o(.text)
    CAN_DeInit                               0x080058b5   Thumb Code    50  stm32f4xx_can.o(.text)
    CAN_Init                                 0x080058e7   Thumb Code   276  stm32f4xx_can.o(.text)
    CAN_FilterInit                           0x080059fb   Thumb Code   258  stm32f4xx_can.o(.text)
    CAN_StructInit                           0x08005afd   Thumb Code    32  stm32f4xx_can.o(.text)
    CAN_SlaveStartBank                       0x08005b1d   Thumb Code    48  stm32f4xx_can.o(.text)
    CAN_DBGFreeze                            0x08005b4d   Thumb Code    22  stm32f4xx_can.o(.text)
    CAN_TTComModeCmd                         0x08005b63   Thumb Code   118  stm32f4xx_can.o(.text)
    CAN_Transmit                             0x08005bd9   Thumb Code   304  stm32f4xx_can.o(.text)
    CAN_TransmitStatus                       0x08005d09   Thumb Code   138  stm32f4xx_can.o(.text)
    CAN_CancelTransmit                       0x08005d93   Thumb Code    48  stm32f4xx_can.o(.text)
    CAN_Receive                              0x08005dc3   Thumb Code   240  stm32f4xx_can.o(.text)
    CAN_FIFORelease                          0x08005eb3   Thumb Code    22  stm32f4xx_can.o(.text)
    CAN_MessagePending                       0x08005ec9   Thumb Code    30  stm32f4xx_can.o(.text)
    CAN_OperatingModeRequest                 0x08005ee7   Thumb Code   162  stm32f4xx_can.o(.text)
    CAN_Sleep                                0x08005f89   Thumb Code    30  stm32f4xx_can.o(.text)
    CAN_WakeUp                               0x08005fa7   Thumb Code    48  stm32f4xx_can.o(.text)
    CAN_GetLastErrorCode                     0x08005fd7   Thumb Code    12  stm32f4xx_can.o(.text)
    CAN_GetReceiveErrorCounter               0x08005fe3   Thumb Code    10  stm32f4xx_can.o(.text)
    CAN_GetLSBTransmitErrorCounter           0x08005fed   Thumb Code    12  stm32f4xx_can.o(.text)
    CAN_ITConfig                             0x08005ff9   Thumb Code    18  stm32f4xx_can.o(.text)
    CAN_GetFlagStatus                        0x0800600b   Thumb Code   120  stm32f4xx_can.o(.text)
    CAN_ClearFlag                            0x08006083   Thumb Code    52  stm32f4xx_can.o(.text)
    CAN_GetITStatus                          0x080060c9   Thumb Code   310  stm32f4xx_can.o(.text)
    CAN_ClearITPendingBit                    0x080061ff   Thumb Code   162  stm32f4xx_can.o(.text)
    DMA_DeInit                               0x080062a5   Thumb Code   324  stm32f4xx_dma.o(.text)
    DMA_Init                                 0x080063e9   Thumb Code    82  stm32f4xx_dma.o(.text)
    DMA_StructInit                           0x0800643b   Thumb Code    34  stm32f4xx_dma.o(.text)
    DMA_Cmd                                  0x0800645d   Thumb Code    22  stm32f4xx_dma.o(.text)
    DMA_PeriphIncOffsetSizeConfig            0x08006473   Thumb Code    22  stm32f4xx_dma.o(.text)
    DMA_FlowControllerConfig                 0x08006489   Thumb Code    22  stm32f4xx_dma.o(.text)
    DMA_SetCurrDataCounter                   0x0800649f   Thumb Code     4  stm32f4xx_dma.o(.text)
    DMA_GetCurrDataCounter                   0x080064a3   Thumb Code     8  stm32f4xx_dma.o(.text)
    DMA_DoubleBufferModeConfig               0x080064ab   Thumb Code    24  stm32f4xx_dma.o(.text)
    DMA_DoubleBufferModeCmd                  0x080064c3   Thumb Code    22  stm32f4xx_dma.o(.text)
    DMA_MemoryTargetConfig                   0x080064d9   Thumb Code    10  stm32f4xx_dma.o(.text)
    DMA_GetCurrentMemoryTarget               0x080064e3   Thumb Code    20  stm32f4xx_dma.o(.text)
    DMA_GetCmdStatus                         0x080064f7   Thumb Code    20  stm32f4xx_dma.o(.text)
    DMA_GetFIFOStatus                        0x0800650b   Thumb Code    12  stm32f4xx_dma.o(.text)
    DMA_GetFlagStatus                        0x08006517   Thumb Code    56  stm32f4xx_dma.o(.text)
    DMA_ClearFlag                            0x0800654f   Thumb Code    40  stm32f4xx_dma.o(.text)
    DMA_ITConfig                             0x08006577   Thumb Code    58  stm32f4xx_dma.o(.text)
    DMA_GetITStatus                          0x080065b1   Thumb Code    84  stm32f4xx_dma.o(.text)
    DMA_ClearITPendingBit                    0x08006605   Thumb Code    40  stm32f4xx_dma.o(.text)
    TIM_DeInit                               0x0800664d   Thumb Code   346  stm32f4xx_tim.o(.text)
    TIM_TimeBaseInit                         0x080067a7   Thumb Code   104  stm32f4xx_tim.o(.text)
    TIM_TimeBaseStructInit                   0x0800680f   Thumb Code    18  stm32f4xx_tim.o(.text)
    TIM_PrescalerConfig                      0x08006821   Thumb Code     6  stm32f4xx_tim.o(.text)
    TIM_CounterModeConfig                    0x08006827   Thumb Code    18  stm32f4xx_tim.o(.text)
    TIM_SetCounter                           0x08006839   Thumb Code     4  stm32f4xx_tim.o(.text)
    TIM_SetAutoreload                        0x0800683d   Thumb Code     4  stm32f4xx_tim.o(.text)
    TIM_GetCounter                           0x08006841   Thumb Code     6  stm32f4xx_tim.o(.text)
    TIM_GetPrescaler                         0x08006847   Thumb Code     6  stm32f4xx_tim.o(.text)
    TIM_UpdateDisableConfig                  0x0800684d   Thumb Code    24  stm32f4xx_tim.o(.text)
    TIM_UpdateRequestConfig                  0x08006865   Thumb Code    24  stm32f4xx_tim.o(.text)
    TIM_ARRPreloadConfig                     0x0800687d   Thumb Code    24  stm32f4xx_tim.o(.text)
    TIM_SelectOnePulseMode                   0x08006895   Thumb Code    18  stm32f4xx_tim.o(.text)
    TIM_SetClockDivision                     0x080068a7   Thumb Code    18  stm32f4xx_tim.o(.text)
    TIM_Cmd                                  0x080068b9   Thumb Code    24  stm32f4xx_tim.o(.text)
    TIM_OC1Init                              0x080068d1   Thumb Code   114  stm32f4xx_tim.o(.text)
    TIM_OC2Init                              0x08006943   Thumb Code   154  stm32f4xx_tim.o(.text)
    TIM_OC3Init                              0x080069dd   Thumb Code   204  stm32f4xx_tim.o(.text)
    TIM_OC4Init                              0x08006aa9   Thumb Code   112  stm32f4xx_tim.o(.text)
    TIM_OCStructInit                         0x08006b19   Thumb Code    20  stm32f4xx_tim.o(.text)
    TIM_SelectOCxM                           0x08006b2d   Thumb Code    86  stm32f4xx_tim.o(.text)
    TIM_SetCompare1                          0x08006b83   Thumb Code     4  stm32f4xx_tim.o(.text)
    TIM_SetCompare2                          0x08006b87   Thumb Code     4  stm32f4xx_tim.o(.text)
    TIM_SetCompare3                          0x08006b8b   Thumb Code     4  stm32f4xx_tim.o(.text)
    TIM_SetCompare4                          0x08006b8f   Thumb Code     4  stm32f4xx_tim.o(.text)
    TIM_ForcedOC1Config                      0x08006b93   Thumb Code    18  stm32f4xx_tim.o(.text)
    TIM_ForcedOC2Config                      0x08006ba5   Thumb Code    26  stm32f4xx_tim.o(.text)
    TIM_ForcedOC3Config                      0x08006bbf   Thumb Code    18  stm32f4xx_tim.o(.text)
    TIM_ForcedOC4Config                      0x08006bd1   Thumb Code    26  stm32f4xx_tim.o(.text)
    TIM_OC1PreloadConfig                     0x08006beb   Thumb Code    18  stm32f4xx_tim.o(.text)
    TIM_OC2PreloadConfig                     0x08006bfd   Thumb Code    26  stm32f4xx_tim.o(.text)
    TIM_OC3PreloadConfig                     0x08006c17   Thumb Code    18  stm32f4xx_tim.o(.text)
    TIM_OC4PreloadConfig                     0x08006c29   Thumb Code    26  stm32f4xx_tim.o(.text)
    TIM_OC1FastConfig                        0x08006c43   Thumb Code    18  stm32f4xx_tim.o(.text)
    TIM_OC2FastConfig                        0x08006c55   Thumb Code    26  stm32f4xx_tim.o(.text)
    TIM_OC3FastConfig                        0x08006c6f   Thumb Code    18  stm32f4xx_tim.o(.text)
    TIM_OC4FastConfig                        0x08006c81   Thumb Code    26  stm32f4xx_tim.o(.text)
    TIM_ClearOC1Ref                          0x08006c9b   Thumb Code    18  stm32f4xx_tim.o(.text)
    TIM_ClearOC2Ref                          0x08006cad   Thumb Code    24  stm32f4xx_tim.o(.text)
    TIM_ClearOC3Ref                          0x08006cc5   Thumb Code    18  stm32f4xx_tim.o(.text)
    TIM_ClearOC4Ref                          0x08006cd7   Thumb Code    24  stm32f4xx_tim.o(.text)
    TIM_OC1PolarityConfig                    0x08006cef   Thumb Code    18  stm32f4xx_tim.o(.text)
    TIM_OC1NPolarityConfig                   0x08006d01   Thumb Code    18  stm32f4xx_tim.o(.text)
    TIM_OC2PolarityConfig                    0x08006d13   Thumb Code    26  stm32f4xx_tim.o(.text)
    TIM_OC2NPolarityConfig                   0x08006d2d   Thumb Code    26  stm32f4xx_tim.o(.text)
    TIM_OC3PolarityConfig                    0x08006d47   Thumb Code    26  stm32f4xx_tim.o(.text)
    TIM_OC3NPolarityConfig                   0x08006d61   Thumb Code    26  stm32f4xx_tim.o(.text)
    TIM_OC4PolarityConfig                    0x08006d7b   Thumb Code    26  stm32f4xx_tim.o(.text)
    TIM_CCxCmd                               0x08006d95   Thumb Code    30  stm32f4xx_tim.o(.text)
    TIM_CCxNCmd                              0x08006db3   Thumb Code    30  stm32f4xx_tim.o(.text)
    TIM_SetIC4Prescaler                      0x08006dd1   Thumb Code    26  stm32f4xx_tim.o(.text)
    TIM_SetIC3Prescaler                      0x08006e3b   Thumb Code    18  stm32f4xx_tim.o(.text)
    TIM_SetIC2Prescaler                      0x08006e95   Thumb Code    26  stm32f4xx_tim.o(.text)
    TIM_SetIC1Prescaler                      0x08006f09   Thumb Code    18  stm32f4xx_tim.o(.text)
    TIM_ICInit                               0x08006f55   Thumb Code   110  stm32f4xx_tim.o(.text)
    TIM_ICStructInit                         0x08006fc3   Thumb Code    18  stm32f4xx_tim.o(.text)
    TIM_PWMIConfig                           0x08006fd5   Thumb Code   124  stm32f4xx_tim.o(.text)
    TIM_GetCapture1                          0x08007051   Thumb Code     6  stm32f4xx_tim.o(.text)
    TIM_GetCapture2                          0x08007057   Thumb Code     6  stm32f4xx_tim.o(.text)
    TIM_GetCapture3                          0x0800705d   Thumb Code     6  stm32f4xx_tim.o(.text)
    TIM_GetCapture4                          0x08007063   Thumb Code     6  stm32f4xx_tim.o(.text)
    TIM_BDTRConfig                           0x08007069   Thumb Code    32  stm32f4xx_tim.o(.text)
    TIM_BDTRStructInit                       0x08007089   Thumb Code    18  stm32f4xx_tim.o(.text)
    TIM_CtrlPWMOutputs                       0x0800709b   Thumb Code    30  stm32f4xx_tim.o(.text)
    TIM_SelectCOM                            0x080070b9   Thumb Code    24  stm32f4xx_tim.o(.text)
    TIM_CCPreloadControl                     0x080070d1   Thumb Code    24  stm32f4xx_tim.o(.text)
    TIM_ITConfig                             0x080070e9   Thumb Code    18  stm32f4xx_tim.o(.text)
    TIM_GenerateEvent                        0x080070fb   Thumb Code     4  stm32f4xx_tim.o(.text)
    TIM_GetFlagStatus                        0x080070ff   Thumb Code    18  stm32f4xx_tim.o(.text)
    TIM_ClearFlag                            0x08007111   Thumb Code     6  stm32f4xx_tim.o(.text)
    TIM_GetITStatus                          0x08007117   Thumb Code    34  stm32f4xx_tim.o(.text)
    TIM_ClearITPendingBit                    0x08007139   Thumb Code     6  stm32f4xx_tim.o(.text)
    TIM_DMAConfig                            0x0800713f   Thumb Code    10  stm32f4xx_tim.o(.text)
    TIM_DMACmd                               0x08007149   Thumb Code    18  stm32f4xx_tim.o(.text)
    TIM_SelectCCDMA                          0x0800715b   Thumb Code    24  stm32f4xx_tim.o(.text)
    TIM_InternalClockConfig                  0x08007173   Thumb Code    12  stm32f4xx_tim.o(.text)
    TIM_SelectInputTrigger                   0x0800717f   Thumb Code    18  stm32f4xx_tim.o(.text)
    TIM_ITRxExternalClockConfig              0x08007191   Thumb Code    24  stm32f4xx_tim.o(.text)
    TIM_TIxExternalClockConfig               0x080071a9   Thumb Code    62  stm32f4xx_tim.o(.text)
    TIM_ETRConfig                            0x080071e7   Thumb Code    28  stm32f4xx_tim.o(.text)
    TIM_ETRClockMode1Config                  0x08007203   Thumb Code    54  stm32f4xx_tim.o(.text)
    TIM_ETRClockMode2Config                  0x08007239   Thumb Code    32  stm32f4xx_tim.o(.text)
    TIM_SelectOutputTrigger                  0x08007259   Thumb Code    18  stm32f4xx_tim.o(.text)
    TIM_SelectSlaveMode                      0x0800726b   Thumb Code    18  stm32f4xx_tim.o(.text)
    TIM_SelectMasterSlaveMode                0x0800727d   Thumb Code    18  stm32f4xx_tim.o(.text)
    TIM_EncoderInterfaceConfig               0x0800728f   Thumb Code    66  stm32f4xx_tim.o(.text)
    TIM_SelectHallSensor                     0x080072d1   Thumb Code    24  stm32f4xx_tim.o(.text)
    TIM_RemapConfig                          0x080072e9   Thumb Code     6  stm32f4xx_tim.o(.text)
    SPI_I2S_DeInit                           0x080072f1   Thumb Code   152  stm32f4xx_spi.o(.text)
    SPI_Init                                 0x08007389   Thumb Code    60  stm32f4xx_spi.o(.text)
    I2S_Init                                 0x080073c5   Thumb Code   396  stm32f4xx_spi.o(.text)
    SPI_StructInit                           0x08007551   Thumb Code    24  stm32f4xx_spi.o(.text)
    I2S_StructInit                           0x08007569   Thumb Code    20  stm32f4xx_spi.o(.text)
    SPI_Cmd                                  0x0800757d   Thumb Code    24  stm32f4xx_spi.o(.text)
    I2S_Cmd                                  0x08007595   Thumb Code    24  stm32f4xx_spi.o(.text)
    SPI_DataSizeConfig                       0x080075ad   Thumb Code    18  stm32f4xx_spi.o(.text)
    SPI_BiDirectionalLineConfig              0x080075bf   Thumb Code    28  stm32f4xx_spi.o(.text)
    SPI_NSSInternalSoftwareConfig            0x080075db   Thumb Code    30  stm32f4xx_spi.o(.text)
    SPI_SSOutputCmd                          0x080075f9   Thumb Code    24  stm32f4xx_spi.o(.text)
    SPI_TIModeCmd                            0x08007611   Thumb Code    14  stm32f4xx_spi.o(.text)
    I2S_FullDuplexConfig                     0x0800761f   Thumb Code    80  stm32f4xx_spi.o(.text)
    SPI_I2S_ReceiveData                      0x0800766f   Thumb Code     6  stm32f4xx_spi.o(.text)
    SPI_I2S_SendData                         0x08007675   Thumb Code     4  stm32f4xx_spi.o(.text)
    SPI_I2S_GetFlagStatus                    0x08007679   Thumb Code    18  stm32f4xx_spi.o(.text)
    SPI_TransmitReceive                      0x0800768b   Thumb Code   156  stm32f4xx_spi.o(.text)
    SPI_CalculateCRC                         0x08007727   Thumb Code    24  stm32f4xx_spi.o(.text)
    SPI_TransmitCRC                          0x0800773f   Thumb Code    10  stm32f4xx_spi.o(.text)
    SPI_GetCRC                               0x08007749   Thumb Code    16  stm32f4xx_spi.o(.text)
    SPI_GetCRCPolynomial                     0x08007759   Thumb Code     6  stm32f4xx_spi.o(.text)
    SPI_I2S_DMACmd                           0x0800775f   Thumb Code    18  stm32f4xx_spi.o(.text)
    SPI_I2S_ITConfig                         0x08007771   Thumb Code    32  stm32f4xx_spi.o(.text)
    SPI_I2S_ClearFlag                        0x08007791   Thumb Code     6  stm32f4xx_spi.o(.text)
    SPI_I2S_GetITStatus                      0x08007797   Thumb Code    52  stm32f4xx_spi.o(.text)
    SPI_I2S_ClearITPendingBit                0x080077cb   Thumb Code    20  stm32f4xx_spi.o(.text)
    FLASH_SetLatency                         0x080077e1   Thumb Code     6  stm32f4xx_flash.o(.text)
    FLASH_PrefetchBufferCmd                  0x080077e7   Thumb Code    30  stm32f4xx_flash.o(.text)
    FLASH_InstructionCacheCmd                0x08007805   Thumb Code    30  stm32f4xx_flash.o(.text)
    FLASH_DataCacheCmd                       0x08007823   Thumb Code    30  stm32f4xx_flash.o(.text)
    FLASH_InstructionCacheReset              0x08007841   Thumb Code    14  stm32f4xx_flash.o(.text)
    FLASH_DataCacheReset                     0x0800784f   Thumb Code    14  stm32f4xx_flash.o(.text)
    FLASH_Unlock                             0x0800785d   Thumb Code    26  stm32f4xx_flash.o(.text)
    FLASH_Lock                               0x08007877   Thumb Code    18  stm32f4xx_flash.o(.text)
    FLASH_GetStatus                          0x08007889   Thumb Code    90  stm32f4xx_flash.o(.text)
    FLASH_WaitForLastOperation               0x080078e3   Thumb Code    34  stm32f4xx_flash.o(.text)
    FLASH_EraseSector                        0x08007905   Thumb Code   140  stm32f4xx_flash.o(.text)
    FLASH_EraseAllSectors                    0x08007991   Thumb Code   118  stm32f4xx_flash.o(.text)
    FLASH_EraseAllBank1Sectors               0x08007a07   Thumb Code   112  stm32f4xx_flash.o(.text)
    FLASH_EraseAllBank2Sectors               0x08007a77   Thumb Code   112  stm32f4xx_flash.o(.text)
    FLASH_ProgramDoubleWord                  0x08007ae7   Thumb Code    86  stm32f4xx_flash.o(.text)
    FLASH_ProgramWord                        0x08007b3d   Thumb Code    82  stm32f4xx_flash.o(.text)
    FLASH_ProgramHalfWord                    0x08007b8f   Thumb Code    96  stm32f4xx_flash.o(.text)
    FLASH_ProgramByte                        0x08007bef   Thumb Code    70  stm32f4xx_flash.o(.text)
    FLASH_OB_Unlock                          0x08007c35   Thumb Code    26  stm32f4xx_flash.o(.text)
    FLASH_OB_Lock                            0x08007c4f   Thumb Code    18  stm32f4xx_flash.o(.text)
    FLASH_OB_WRPConfig                       0x08007c61   Thumb Code    54  stm32f4xx_flash.o(.text)
    FLASH_OB_WRP1Config                      0x08007c97   Thumb Code    54  stm32f4xx_flash.o(.text)
    FLASH_OB_PCROPSelectionConfig            0x08007ccd   Thumb Code    24  stm32f4xx_flash.o(.text)
    FLASH_OB_PCROPConfig                     0x08007ce5   Thumb Code    54  stm32f4xx_flash.o(.text)
    FLASH_OB_PCROP1Config                    0x08007d1b   Thumb Code    54  stm32f4xx_flash.o(.text)
    FLASH_OB_RDPConfig                       0x08007d51   Thumb Code    24  stm32f4xx_flash.o(.text)
    FLASH_OB_UserConfig                      0x08007d69   Thumb Code    46  stm32f4xx_flash.o(.text)
    FLASH_OB_BootConfig                      0x08007d97   Thumb Code    26  stm32f4xx_flash.o(.text)
    FLASH_OB_BORConfig                       0x08007db1   Thumb Code    26  stm32f4xx_flash.o(.text)
    FLASH_OB_Launch                          0x08007dcb   Thumb Code    30  stm32f4xx_flash.o(.text)
    FLASH_OB_GetUser                         0x08007de9   Thumb Code    12  stm32f4xx_flash.o(.text)
    FLASH_OB_GetWRP                          0x08007df5   Thumb Code     8  stm32f4xx_flash.o(.text)
    FLASH_OB_GetWRP1                         0x08007dfd   Thumb Code     8  stm32f4xx_flash.o(.text)
    FLASH_OB_GetPCROP                        0x08007e05   Thumb Code     8  stm32f4xx_flash.o(.text)
    FLASH_OB_GetPCROP1                       0x08007e0d   Thumb Code     8  stm32f4xx_flash.o(.text)
    FLASH_OB_GetRDP                          0x08007e15   Thumb Code    20  stm32f4xx_flash.o(.text)
    FLASH_OB_GetBOR                          0x08007e29   Thumb Code    12  stm32f4xx_flash.o(.text)
    FLASH_ITConfig                           0x08007e35   Thumb Code    26  stm32f4xx_flash.o(.text)
    FLASH_GetFlagStatus                      0x08007e4f   Thumb Code    22  stm32f4xx_flash.o(.text)
    FLASH_ClearFlag                          0x08007e65   Thumb Code     8  stm32f4xx_flash.o(.text)
    IWDG_WriteAccessCmd                      0x08007e79   Thumb Code     6  stm32f4xx_iwdg.o(.text)
    IWDG_SetPrescaler                        0x08007e7f   Thumb Code     6  stm32f4xx_iwdg.o(.text)
    IWDG_SetReload                           0x08007e85   Thumb Code     6  stm32f4xx_iwdg.o(.text)
    IWDG_ReloadCounter                       0x08007e8b   Thumb Code    10  stm32f4xx_iwdg.o(.text)
    IWDG_Enable                              0x08007e95   Thumb Code    10  stm32f4xx_iwdg.o(.text)
    IWDG_GetFlagStatus                       0x08007e9f   Thumb Code    20  stm32f4xx_iwdg.o(.text)
    NMI_Handler                              0x08007eb9   Thumb Code     2  stm32f4xx_it.o(.text)
    HardFault_Handler                        0x08007ebb   Thumb Code     4  stm32f4xx_it.o(.text)
    MemManage_Handler                        0x08007ebf   Thumb Code     4  stm32f4xx_it.o(.text)
    BusFault_Handler                         0x08007ec3   Thumb Code     4  stm32f4xx_it.o(.text)
    UsageFault_Handler                       0x08007ec7   Thumb Code     4  stm32f4xx_it.o(.text)
    SVC_Handler                              0x08007ecb   Thumb Code     2  stm32f4xx_it.o(.text)
    DebugMon_Handler                         0x08007ecd   Thumb Code     2  stm32f4xx_it.o(.text)
    PendSV_Handler                           0x08007ecf   Thumb Code     2  stm32f4xx_it.o(.text)
    SysTick_Handler                          0x08007ed1   Thumb Code     2  stm32f4xx_it.o(.text)
    SystemInit                               0x08007fe5   Thumb Code    88  system_stm32f4xx.o(.text)
    SystemCoreClockUpdate                    0x0800803d   Thumb Code   174  system_stm32f4xx.o(.text)
    EXTI_DeInit                              0x08008119   Thumb Code    28  stm32f4xx_exti.o(.text)
    EXTI_Init                                0x08008135   Thumb Code   142  stm32f4xx_exti.o(.text)
    EXTI_StructInit                          0x080081c3   Thumb Code    16  stm32f4xx_exti.o(.text)
    EXTI_GenerateSWInterrupt                 0x080081d3   Thumb Code    16  stm32f4xx_exti.o(.text)
    EXTI_GetFlagStatus                       0x080081e3   Thumb Code    22  stm32f4xx_exti.o(.text)
    EXTI_ClearFlag                           0x080081f9   Thumb Code     8  stm32f4xx_exti.o(.text)
    EXTI_GetITStatus                         0x08008201   Thumb Code    22  stm32f4xx_exti.o(.text)
    EXTI_ClearITPendingBit                   0x08008217   Thumb Code     8  stm32f4xx_exti.o(.text)
    Reset_Handler                            0x08008229   Thumb Code     8  startup_stm32f427_437xx.o(.text)
    ADC_IRQHandler                           0x08008243   Thumb Code     0  startup_stm32f427_437xx.o(.text)
    CAN1_RX1_IRQHandler                      0x08008243   Thumb Code     0  startup_stm32f427_437xx.o(.text)
    CAN1_SCE_IRQHandler                      0x08008243   Thumb Code     0  startup_stm32f427_437xx.o(.text)
    CAN2_RX1_IRQHandler                      0x08008243   Thumb Code     0  startup_stm32f427_437xx.o(.text)
    CAN2_SCE_IRQHandler                      0x08008243   Thumb Code     0  startup_stm32f427_437xx.o(.text)
    CRYP_IRQHandler                          0x08008243   Thumb Code     0  startup_stm32f427_437xx.o(.text)
    DCMI_IRQHandler                          0x08008243   Thumb Code     0  startup_stm32f427_437xx.o(.text)
    DMA1_Stream0_IRQHandler                  0x08008243   Thumb Code     0  startup_stm32f427_437xx.o(.text)
    DMA1_Stream2_IRQHandler                  0x08008243   Thumb Code     0  startup_stm32f427_437xx.o(.text)
    DMA1_Stream3_IRQHandler                  0x08008243   Thumb Code     0  startup_stm32f427_437xx.o(.text)
    DMA1_Stream4_IRQHandler                  0x08008243   Thumb Code     0  startup_stm32f427_437xx.o(.text)
    DMA1_Stream5_IRQHandler                  0x08008243   Thumb Code     0  startup_stm32f427_437xx.o(.text)
    DMA1_Stream6_IRQHandler                  0x08008243   Thumb Code     0  startup_stm32f427_437xx.o(.text)
    DMA1_Stream7_IRQHandler                  0x08008243   Thumb Code     0  startup_stm32f427_437xx.o(.text)
    DMA2D_IRQHandler                         0x08008243   Thumb Code     0  startup_stm32f427_437xx.o(.text)
    DMA2_Stream0_IRQHandler                  0x08008243   Thumb Code     0  startup_stm32f427_437xx.o(.text)
    DMA2_Stream1_IRQHandler                  0x08008243   Thumb Code     0  startup_stm32f427_437xx.o(.text)
    DMA2_Stream2_IRQHandler                  0x08008243   Thumb Code     0  startup_stm32f427_437xx.o(.text)
    DMA2_Stream3_IRQHandler                  0x08008243   Thumb Code     0  startup_stm32f427_437xx.o(.text)
    DMA2_Stream4_IRQHandler                  0x08008243   Thumb Code     0  startup_stm32f427_437xx.o(.text)
    DMA2_Stream6_IRQHandler                  0x08008243   Thumb Code     0  startup_stm32f427_437xx.o(.text)
    DMA2_Stream7_IRQHandler                  0x08008243   Thumb Code     0  startup_stm32f427_437xx.o(.text)
    ETH_IRQHandler                           0x08008243   Thumb Code     0  startup_stm32f427_437xx.o(.text)
    ETH_WKUP_IRQHandler                      0x08008243   Thumb Code     0  startup_stm32f427_437xx.o(.text)
    EXTI0_IRQHandler                         0x08008243   Thumb Code     0  startup_stm32f427_437xx.o(.text)
    EXTI2_IRQHandler                         0x08008243   Thumb Code     0  startup_stm32f427_437xx.o(.text)
    EXTI3_IRQHandler                         0x08008243   Thumb Code     0  startup_stm32f427_437xx.o(.text)
    EXTI4_IRQHandler                         0x08008243   Thumb Code     0  startup_stm32f427_437xx.o(.text)
    EXTI9_5_IRQHandler                       0x08008243   Thumb Code     0  startup_stm32f427_437xx.o(.text)
    FLASH_IRQHandler                         0x08008243   Thumb Code     0  startup_stm32f427_437xx.o(.text)
    FMC_IRQHandler                           0x08008243   Thumb Code     0  startup_stm32f427_437xx.o(.text)
    FPU_IRQHandler                           0x08008243   Thumb Code     0  startup_stm32f427_437xx.o(.text)
    HASH_RNG_IRQHandler                      0x08008243   Thumb Code     0  startup_stm32f427_437xx.o(.text)
    I2C1_ER_IRQHandler                       0x08008243   Thumb Code     0  startup_stm32f427_437xx.o(.text)
    I2C1_EV_IRQHandler                       0x08008243   Thumb Code     0  startup_stm32f427_437xx.o(.text)
    I2C2_ER_IRQHandler                       0x08008243   Thumb Code     0  startup_stm32f427_437xx.o(.text)
    I2C2_EV_IRQHandler                       0x08008243   Thumb Code     0  startup_stm32f427_437xx.o(.text)
    I2C3_ER_IRQHandler                       0x08008243   Thumb Code     0  startup_stm32f427_437xx.o(.text)
    I2C3_EV_IRQHandler                       0x08008243   Thumb Code     0  startup_stm32f427_437xx.o(.text)
    OTG_FS_IRQHandler                        0x08008243   Thumb Code     0  startup_stm32f427_437xx.o(.text)
    OTG_FS_WKUP_IRQHandler                   0x08008243   Thumb Code     0  startup_stm32f427_437xx.o(.text)
    OTG_HS_EP1_IN_IRQHandler                 0x08008243   Thumb Code     0  startup_stm32f427_437xx.o(.text)
    OTG_HS_EP1_OUT_IRQHandler                0x08008243   Thumb Code     0  startup_stm32f427_437xx.o(.text)
    OTG_HS_IRQHandler                        0x08008243   Thumb Code     0  startup_stm32f427_437xx.o(.text)
    OTG_HS_WKUP_IRQHandler                   0x08008243   Thumb Code     0  startup_stm32f427_437xx.o(.text)
    PVD_IRQHandler                           0x08008243   Thumb Code     0  startup_stm32f427_437xx.o(.text)
    RCC_IRQHandler                           0x08008243   Thumb Code     0  startup_stm32f427_437xx.o(.text)
    RTC_Alarm_IRQHandler                     0x08008243   Thumb Code     0  startup_stm32f427_437xx.o(.text)
    RTC_WKUP_IRQHandler                      0x08008243   Thumb Code     0  startup_stm32f427_437xx.o(.text)
    SAI1_IRQHandler                          0x08008243   Thumb Code     0  startup_stm32f427_437xx.o(.text)
    SDIO_IRQHandler                          0x08008243   Thumb Code     0  startup_stm32f427_437xx.o(.text)
    SPI1_IRQHandler                          0x08008243   Thumb Code     0  startup_stm32f427_437xx.o(.text)
    SPI2_IRQHandler                          0x08008243   Thumb Code     0  startup_stm32f427_437xx.o(.text)
    SPI3_IRQHandler                          0x08008243   Thumb Code     0  startup_stm32f427_437xx.o(.text)
    SPI4_IRQHandler                          0x08008243   Thumb Code     0  startup_stm32f427_437xx.o(.text)
    SPI5_IRQHandler                          0x08008243   Thumb Code     0  startup_stm32f427_437xx.o(.text)
    SPI6_IRQHandler                          0x08008243   Thumb Code     0  startup_stm32f427_437xx.o(.text)
    TAMP_STAMP_IRQHandler                    0x08008243   Thumb Code     0  startup_stm32f427_437xx.o(.text)
    TIM1_BRK_TIM9_IRQHandler                 0x08008243   Thumb Code     0  startup_stm32f427_437xx.o(.text)
    TIM1_CC_IRQHandler                       0x08008243   Thumb Code     0  startup_stm32f427_437xx.o(.text)
    TIM1_TRG_COM_TIM11_IRQHandler            0x08008243   Thumb Code     0  startup_stm32f427_437xx.o(.text)
    TIM1_UP_TIM10_IRQHandler                 0x08008243   Thumb Code     0  startup_stm32f427_437xx.o(.text)
    TIM5_IRQHandler                          0x08008243   Thumb Code     0  startup_stm32f427_437xx.o(.text)
    TIM6_DAC_IRQHandler                      0x08008243   Thumb Code     0  startup_stm32f427_437xx.o(.text)
    TIM7_IRQHandler                          0x08008243   Thumb Code     0  startup_stm32f427_437xx.o(.text)
    TIM8_BRK_TIM12_IRQHandler                0x08008243   Thumb Code     0  startup_stm32f427_437xx.o(.text)
    TIM8_CC_IRQHandler                       0x08008243   Thumb Code     0  startup_stm32f427_437xx.o(.text)
    TIM8_TRG_COM_TIM14_IRQHandler            0x08008243   Thumb Code     0  startup_stm32f427_437xx.o(.text)
    TIM8_UP_TIM13_IRQHandler                 0x08008243   Thumb Code     0  startup_stm32f427_437xx.o(.text)
    UART4_IRQHandler                         0x08008243   Thumb Code     0  startup_stm32f427_437xx.o(.text)
    UART5_IRQHandler                         0x08008243   Thumb Code     0  startup_stm32f427_437xx.o(.text)
    UART7_IRQHandler                         0x08008243   Thumb Code     0  startup_stm32f427_437xx.o(.text)
    UART8_IRQHandler                         0x08008243   Thumb Code     0  startup_stm32f427_437xx.o(.text)
    USART1_IRQHandler                        0x08008243   Thumb Code     0  startup_stm32f427_437xx.o(.text)
    USART3_IRQHandler                        0x08008243   Thumb Code     0  startup_stm32f427_437xx.o(.text)
    WWDG_IRQHandler                          0x08008243   Thumb Code     0  startup_stm32f427_437xx.o(.text)
    __user_initial_stackheap                 0x08008245   Thumb Code     0  startup_stm32f427_437xx.o(.text)
    __use_no_semihosting                     0x08008269   Thumb Code     2  use_no_semi_2.o(.text)
    __2printf                                0x0800826d   Thumb Code    20  noretval__2printf.o(.text)
    __printf                                 0x08008285   Thumb Code   104  __printf.o(.text)
    _printf_int_dec                          0x080082ed   Thumb Code   104  _printf_dec.o(.text)
    __aeabi_memcpy                           0x08008365   Thumb Code     0  rt_memcpy_v6.o(.text)
    __rt_memcpy                              0x08008365   Thumb Code   138  rt_memcpy_v6.o(.text)
    _memcpy_lastbytes                        0x080083cb   Thumb Code     0  rt_memcpy_v6.o(.text)
    __aeabi_memcpy4                          0x080083ef   Thumb Code     0  rt_memcpy_w.o(.text)
    __aeabi_memcpy8                          0x080083ef   Thumb Code     0  rt_memcpy_w.o(.text)
    __rt_memcpy_w                            0x080083ef   Thumb Code   100  rt_memcpy_w.o(.text)
    _memcpy_lastbytes_aligned                0x08008437   Thumb Code     0  rt_memcpy_w.o(.text)
    __aeabi_memclr4                          0x08008453   Thumb Code     0  rt_memclr_w.o(.text)
    __aeabi_memclr8                          0x08008453   Thumb Code     0  rt_memclr_w.o(.text)
    __rt_memclr_w                            0x08008453   Thumb Code    78  rt_memclr_w.o(.text)
    _memset_w                                0x08008457   Thumb Code     0  rt_memclr_w.o(.text)
    __use_two_region_memory                  0x080084a1   Thumb Code     2  heapauxi.o(.text)
    __rt_heap_escrow$2region                 0x080084a3   Thumb Code     2  heapauxi.o(.text)
    __rt_heap_expand$2region                 0x080084a5   Thumb Code     2  heapauxi.o(.text)
    __I$use$semihosting                      0x080084a7   Thumb Code     0  use_no_semi.o(.text)
    __use_no_semihosting_swi                 0x080084a7   Thumb Code     2  use_no_semi.o(.text)
    __read_errno                             0x080084a9   Thumb Code    10  _rserrno.o(.text)
    __set_errno                              0x080084b3   Thumb Code    12  _rserrno.o(.text)
    _printf_int_common                       0x080084bf   Thumb Code   178  _printf_intcommon.o(.text)
    __lib_sel_fp_printf                      0x08008571   Thumb Code     2  _printf_fp_dec.o(.text)
    _printf_fp_dec_real                      0x0800871f   Thumb Code   620  _printf_fp_dec.o(.text)
    _printf_char_file                        0x0800898d   Thumb Code    32  _printf_char_file.o(.text)
    __rt_locale                              0x080089b1   Thumb Code     8  rt_locale_intlibspace.o(.text)
    __aeabi_errno_addr                       0x080089b9   Thumb Code     8  rt_errno_addr_intlibspace.o(.text)
    __errno$intlibspace                      0x080089b9   Thumb Code     0  rt_errno_addr_intlibspace.o(.text)
    __rt_errno_addr$intlibspace              0x080089b9   Thumb Code     0  rt_errno_addr_intlibspace.o(.text)
    _ll_udiv10                               0x080089c1   Thumb Code   138  lludiv10.o(.text)
    _printf_char_common                      0x08008a57   Thumb Code    32  _printf_char_common.o(.text)
    _printf_fp_infnan                        0x08008a7d   Thumb Code   112  _printf_fp_infnan.o(.text)
    _btod_etento                             0x08008afd   Thumb Code   216  bigflt0.o(.text)
    ferror                                   0x08008bd9   Thumb Code     8  ferror.o(.text)
    __user_libspace                          0x08008be1   Thumb Code     8  libspace.o(.text)
    __user_perproc_libspace                  0x08008be1   Thumb Code     0  libspace.o(.text)
    __user_perthread_libspace                0x08008be1   Thumb Code     0  libspace.o(.text)
    __user_setup_stackheap                   0x08008be9   Thumb Code    74  sys_stackheap_outer.o(.text)
    exit                                     0x08008c33   Thumb Code    12  exit.o(.text)
    strcmp                                   0x08008c41   Thumb Code   128  strcmpv7m.o(.text)
    _btod_d2e                                0x08008cc1   Thumb Code    62  btod.o(CL$$btod_d2e)
    _d2e_denorm_low                          0x08008cff   Thumb Code    70  btod.o(CL$$btod_d2e_denorm_low)
    _d2e_norm_op1                            0x08008d45   Thumb Code    96  btod.o(CL$$btod_d2e_norm_op1)
    __btod_div_common                        0x08008da5   Thumb Code   696  btod.o(CL$$btod_div_common)
    _e2e                                     0x080090dd   Thumb Code   198  btod.o(CL$$btod_e2e)
    _btod_ediv                               0x080091a3   Thumb Code    40  btod.o(CL$$btod_ediv)
    _btod_emul                               0x080091cb   Thumb Code    40  btod.o(CL$$btod_emul)
    __btod_mult_common                       0x080091f3   Thumb Code   580  btod.o(CL$$btod_mult_common)
    __ARM_fpclassify                         0x08009437   Thumb Code    48  fpclassify.o(i.__ARM_fpclassify)
    __hardfp_asin                            0x08009469   Thumb Code   770  asin.o(i.__hardfp_asin)
    __hardfp_atan                            0x080097c9   Thumb Code   622  atan.o(i.__hardfp_atan)
    __hardfp_atan2                           0x08009aa1   Thumb Code   432  atan2.o(i.__hardfp_atan2)
    __hardfp_sqrt                            0x08009c91   Thumb Code   122  sqrt.o(i.__hardfp_sqrt)
    __kernel_poly                            0x08009d0b   Thumb Code   248  poly.o(i.__kernel_poly)
    __mathlib_dbl_infnan                     0x08009e03   Thumb Code    20  dunder.o(i.__mathlib_dbl_infnan)
    __mathlib_dbl_infnan2                    0x08009e17   Thumb Code    20  dunder.o(i.__mathlib_dbl_infnan2)
    __mathlib_dbl_invalid                    0x08009e31   Thumb Code    24  dunder.o(i.__mathlib_dbl_invalid)
    __mathlib_dbl_underflow                  0x08009e51   Thumb Code    24  dunder.o(i.__mathlib_dbl_underflow)
    atan                                     0x08009e71   Thumb Code    16  atan.o(i.atan)
    fabs                                     0x08009e81   Thumb Code    24  fabs.o(i.fabs)
    sqrt                                     0x08009e99   Thumb Code   110  sqrt.o(i.sqrt)
    _get_lc_numeric                          0x08009f09   Thumb Code    44  lc_numeric_c.o(locale$$code)
    __aeabi_dneg                             0x08009f35   Thumb Code     0  basic.o(x$fpl$basic)
    _dneg                                    0x08009f35   Thumb Code     6  basic.o(x$fpl$basic)
    __aeabi_fneg                             0x08009f3b   Thumb Code     0  basic.o(x$fpl$basic)
    _fneg                                    0x08009f3b   Thumb Code     6  basic.o(x$fpl$basic)
    _dabs                                    0x08009f41   Thumb Code     6  basic.o(x$fpl$basic)
    _fabs                                    0x08009f47   Thumb Code     6  basic.o(x$fpl$basic)
    __aeabi_d2f                              0x08009f4d   Thumb Code     0  d2f.o(x$fpl$d2f)
    _d2f                                     0x08009f4d   Thumb Code    98  d2f.o(x$fpl$d2f)
    __aeabi_dadd                             0x08009fb1   Thumb Code     0  daddsub_clz.o(x$fpl$dadd)
    _dadd                                    0x08009fb1   Thumb Code   332  daddsub_clz.o(x$fpl$dadd)
    __fpl_dcmp_Inf                           0x0800a101   Thumb Code    24  dcmpi.o(x$fpl$dcmpinf)
    __aeabi_ddiv                             0x0800a119   Thumb Code     0  ddiv.o(x$fpl$ddiv)
    _ddiv                                    0x0800a119   Thumb Code   552  ddiv.o(x$fpl$ddiv)
    __aeabi_d2iz                             0x0800a3c9   Thumb Code     0  dfix.o(x$fpl$dfix)
    _dfix                                    0x0800a3c9   Thumb Code    94  dfix.o(x$fpl$dfix)
    __aeabi_i2d                              0x0800a427   Thumb Code     0  dflt_clz.o(x$fpl$dflt)
    _dflt                                    0x0800a427   Thumb Code    46  dflt_clz.o(x$fpl$dflt)
    __aeabi_cdcmple                          0x0800a455   Thumb Code     0  dleqf.o(x$fpl$dleqf)
    _dcmple                                  0x0800a455   Thumb Code   120  dleqf.o(x$fpl$dleqf)
    __fpl_dcmple_InfNaN                      0x0800a4b7   Thumb Code     0  dleqf.o(x$fpl$dleqf)
    __aeabi_dmul                             0x0800a4cd   Thumb Code     0  dmul.o(x$fpl$dmul)
    _dmul                                    0x0800a4cd   Thumb Code   332  dmul.o(x$fpl$dmul)
    __fpl_dnaninf                            0x0800a621   Thumb Code   156  dnaninf.o(x$fpl$dnaninf)
    __fpl_dretinf                            0x0800a6bd   Thumb Code    12  dretinf.o(x$fpl$dretinf)
    __aeabi_cdrcmple                         0x0800a6c9   Thumb Code     0  drleqf.o(x$fpl$drleqf)
    _drcmple                                 0x0800a6c9   Thumb Code   108  drleqf.o(x$fpl$drleqf)
    __aeabi_drsub                            0x0800a735   Thumb Code     0  daddsub_clz.o(x$fpl$drsb)
    _drsb                                    0x0800a735   Thumb Code    22  daddsub_clz.o(x$fpl$drsb)
    _dsqrt                                   0x0800a74d   Thumb Code   404  dsqrt_umaal.o(x$fpl$dsqrt)
    __aeabi_dsub                             0x0800a8e5   Thumb Code     0  daddsub_clz.o(x$fpl$dsub)
    _dsub                                    0x0800a8e5   Thumb Code   464  daddsub_clz.o(x$fpl$dsub)
    __aeabi_f2d                              0x0800aab9   Thumb Code     0  f2d.o(x$fpl$f2d)
    _f2d                                     0x0800aab9   Thumb Code    86  f2d.o(x$fpl$f2d)
    __fpl_fnaninf                            0x0800ab0f   Thumb Code   140  fnaninf.o(x$fpl$fnaninf)
    _fp_init                                 0x0800ab9b   Thumb Code    10  fpinit.o(x$fpl$fpinit)
    __fplib_config_fpu_vfp                   0x0800aba3   Thumb Code     0  fpinit.o(x$fpl$fpinit)
    __fplib_config_pureend_doubles           0x0800aba3   Thumb Code     0  fpinit.o(x$fpl$fpinit)
    __fpl_fretinf                            0x0800aba5   Thumb Code    10  fretinf.o(x$fpl$fretinf)
    _printf_fp_dec                           0x0800abaf   Thumb Code     4  printf1.o(x$fpl$printf1)
    CRC8_INIT                                0x0800abb2   Data           1  referee.o(.constdata)
    __I$use$fp                               0x0800abb2   Number         0  usenofp.o(x$fpl$usenofp)
    CRC8_TAB                                 0x0800abb3   Data         256  referee.o(.constdata)
    __mathlib_zero                           0x0800adb0   Data           8  qnan.o(.constdata)
    Region$$Table$$Base                      0x0800ae4c   Number         0  anon$$obj.o(Region$$Table)
    Region$$Table$$Limit                     0x0800ae6c   Number         0  anon$$obj.o(Region$$Table)
    YawControl                               0x20000000   Data          56  my_api.o(.data)
    PitchControl                             0x20000038   Data          56  my_api.o(.data)
    workState                                0x20000070   Data           1  my_api.o(.data)
    debug_mode                               0x20000071   Data           1  my_api.o(.data)
    time_1ms                                 0x20000074   Data           4  my_api.o(.data)
    fire_fre                                 0x20000078   Data           4  my_api.o(.data)
    origion_yaw_encoder_val                  0x20000094   Data           4  cantask.o(.data)
    origion_pith_encoder_val                 0x20000098   Data           4  cantask.o(.data)
    init_flag                                0x2000009c   Data           1  cantask.o(.data)
    ID201_PID                                0x200000a0   Data          28  pid.o(.data)
    ID202_PID                                0x200000bc   Data          28  pid.o(.data)
    ID203_PID                                0x200000d8   Data          28  pid.o(.data)
    ID204_PID                                0x200000f4   Data          28  pid.o(.data)
    ID207_PID                                0x20000110   Data          28  pid.o(.data)
    GimbalInit                               0x20000134   Data           1  gimbaltask.o(.data)
    encoder_position                         0x2000014c   Data           4  cmtask.o(.data)
    position                                 0x20000150   Data           4  cmtask.o(.data)
    Encoder_Coli_flag                        0x20000154   Data           1  cmtask.o(.data)
    g_fire_speed                             0x20000156   Data           2  cmtask.o(.data)
    Auto_Origion                             0x20000166   Data           6  auto_attacktask.o(.data)
    last_rune_Mode                           0x2000016c   Data           1  auto_attacktask.o(.data)
    SendBuff                                 0x2000016d   Data           4  auto_attacktask.o(.data)
    Bsp                                      0x20000174   Data          16  bsp.o(.data)
    __stdout                                 0x20000184   Data           4  usart.o(.data)
    Dog                                      0x2000018c   Data          12  iwdg.o(.data)
    Usart1_RX_Cou                            0x2000019a   Data           2  referee.o(.data)
    Usart1_RX_Flag                           0x2000019c   Data           1  referee.o(.data)
    g_Referee_flag                           0x2000019d   Data           1  referee.o(.data)
    CRC_INIT                                 0x2000019e   Data           2  referee.o(.data)
    exInt                                    0x200001a4   Data           4  imu.o(.data)
    eyInt                                    0x200001a8   Data           4  imu.o(.data)
    ezInt                                    0x200001ac   Data           4  imu.o(.data)
    q0                                       0x200001b0   Data           4  imu.o(.data)
    q1                                       0x200001b4   Data           4  imu.o(.data)
    q2                                       0x200001b8   Data           4  imu.o(.data)
    q3                                       0x200001bc   Data           4  imu.o(.data)
    integralFBhand                           0x200001c0   Data           4  imu.o(.data)
    handdiff                                 0x200001c4   Data           4  imu.o(.data)
    lastUpdate                               0x200001c8   Data           4  imu.o(.data)
    now                                      0x200001cc   Data           4  imu.o(.data)
    Gx_offset                                0x200001d0   Data           2  mpu6500_driver.o(.data)
    Gy_offset                                0x200001d2   Data           2  mpu6500_driver.o(.data)
    Gz_offset                                0x200001d4   Data           2  mpu6500_driver.o(.data)
    MPU6500_Lastax                           0x200001d6   Data           2  mpu6500_driver.o(.data)
    MPU6500_Lastay                           0x200001d8   Data           2  mpu6500_driver.o(.data)
    MPU6500_Lastaz                           0x200001da   Data           2  mpu6500_driver.o(.data)
    MPU6500_Lastgx                           0x200001dc   Data           2  mpu6500_driver.o(.data)
    MPU6500_Lastgy                           0x200001de   Data           2  mpu6500_driver.o(.data)
    MPU6500_Lastgz                           0x200001e0   Data           2  mpu6500_driver.o(.data)
    gy_data                                  0x200001e2   Data           2  mpu6500_driver.o(.data)
    Error_Data                               0x200001e4   Data          40  mpu6500_driver.o(.data)
    SystemCoreClock                          0x20000224   Data           4  system_stm32f4xx.o(.data)
    AHBPrescTable                            0x20000228   Data          16  system_stm32f4xx.o(.data)
    CAN1_Motor_PID                           0x20000238   Data         640  pid_modify.o(.bss)
    CAN2_Motor_PID                           0x200004b8   Data         640  pid_modify.o(.bss)
    AutoData                                 0x20000754   Data          20  auto_attacktask.o(.bss)
    sbus_rx_buffer                           0x20000768   Data          25  dbus.o(.bss)
    myTerminal                               0x20000784   Data          48  usart.o(.bss)
    global_cout                              0x200007b4   Data          48  iwdg.o(.bss)
    Referee_date1                            0x2000085c   Data          66  referee.o(.bss)
    power                                    0x200008a0   Data          28  referee.o(.bss)
    mydata                                   0x200008d0   Data         168  imu.o(.bss)
    imu_data                                 0x20000978   Data          20  mpu6500_driver.o(.bss)
    imu_data_offest                          0x2000098c   Data          20  mpu6500_driver.o(.bss)
    __libspace_start                         0x20000a24   Data          96  libspace.o(.bss)
    __temporary_stack_top$libspace           0x20000a84   Data           0  libspace.o(.bss)



==============================================================================

Memory Map of the image

  Image Entry point : 0x080001ad

  Load Region LR_IROM1 (Base: 0x08000000, Size: 0x0000b0c0, Max: 0x00200000, ABSOLUTE, COMPRESSED[0x0000af1c])

    Execution Region ER_IROM1 (Base: 0x08000000, Size: 0x0000ae88, Max: 0x00200000, ABSOLUTE)

    Base Addr    Size         Type   Attr      Idx    E Section Name        Object

    0x08000000   0x000001ac   Data   RO         1272    RESET               startup_stm32f427_437xx.o
    0x080001ac   0x00000008   Code   RO         1320  * !!!main             c_w.l(__main.o)
    0x080001b4   0x00000034   Code   RO         1663    !!!scatter          c_w.l(__scatter.o)
    0x080001e8   0x0000005a   Code   RO         1661    !!dczerorl2         c_w.l(__dczerorl2.o)
    0x08000242   0x00000002   PAD
    0x08000244   0x0000001c   Code   RO         1665    !!handler_zi        c_w.l(__scatter_zi.o)
    0x08000260   0x00000000   Code   RO         1311    .ARM.Collect$$_printf_percent$$00000000  c_w.l(_printf_percent.o)
    0x08000260   0x00000006   Code   RO         1310    .ARM.Collect$$_printf_percent$$00000003  c_w.l(_printf_f.o)
    0x08000266   0x00000006   Code   RO         1309    .ARM.Collect$$_printf_percent$$00000009  c_w.l(_printf_d.o)
    0x0800026c   0x00000004   Code   RO         1405    .ARM.Collect$$_printf_percent$$00000017  c_w.l(_printf_percent_end.o)
    0x08000270   0x00000002   Code   RO         1539    .ARM.Collect$$libinit$$00000000  c_w.l(libinit.o)
    0x08000272   0x00000004   Code   RO         1540    .ARM.Collect$$libinit$$00000001  c_w.l(libinit2.o)
    0x08000276   0x00000000   Code   RO         1543    .ARM.Collect$$libinit$$00000004  c_w.l(libinit2.o)
    0x08000276   0x00000000   Code   RO         1546    .ARM.Collect$$libinit$$0000000A  c_w.l(libinit2.o)
    0x08000276   0x00000000   Code   RO         1548    .ARM.Collect$$libinit$$0000000C  c_w.l(libinit2.o)
    0x08000276   0x00000000   Code   RO         1550    .ARM.Collect$$libinit$$0000000E  c_w.l(libinit2.o)
    0x08000276   0x00000006   Code   RO         1551    .ARM.Collect$$libinit$$0000000F  c_w.l(libinit2.o)
    0x0800027c   0x00000000   Code   RO         1553    .ARM.Collect$$libinit$$00000011  c_w.l(libinit2.o)
    0x0800027c   0x00000000   Code   RO         1555    .ARM.Collect$$libinit$$00000013  c_w.l(libinit2.o)
    0x0800027c   0x00000000   Code   RO         1557    .ARM.Collect$$libinit$$00000015  c_w.l(libinit2.o)
    0x0800027c   0x0000000a   Code   RO         1558    .ARM.Collect$$libinit$$00000016  c_w.l(libinit2.o)
    0x08000286   0x00000000   Code   RO         1559    .ARM.Collect$$libinit$$00000017  c_w.l(libinit2.o)
    0x08000286   0x00000000   Code   RO         1561    .ARM.Collect$$libinit$$00000019  c_w.l(libinit2.o)
    0x08000286   0x00000000   Code   RO         1563    .ARM.Collect$$libinit$$0000001B  c_w.l(libinit2.o)
    0x08000286   0x00000000   Code   RO         1565    .ARM.Collect$$libinit$$0000001D  c_w.l(libinit2.o)
    0x08000286   0x00000000   Code   RO         1567    .ARM.Collect$$libinit$$0000001F  c_w.l(libinit2.o)
    0x08000286   0x00000000   Code   RO         1569    .ARM.Collect$$libinit$$00000021  c_w.l(libinit2.o)
    0x08000286   0x00000000   Code   RO         1571    .ARM.Collect$$libinit$$00000023  c_w.l(libinit2.o)
    0x08000286   0x00000000   Code   RO         1573    .ARM.Collect$$libinit$$00000025  c_w.l(libinit2.o)
    0x08000286   0x00000000   Code   RO         1577    .ARM.Collect$$libinit$$0000002C  c_w.l(libinit2.o)
    0x08000286   0x00000000   Code   RO         1579    .ARM.Collect$$libinit$$0000002E  c_w.l(libinit2.o)
    0x08000286   0x00000000   Code   RO         1581    .ARM.Collect$$libinit$$00000030  c_w.l(libinit2.o)
    0x08000286   0x00000000   Code   RO         1583    .ARM.Collect$$libinit$$00000032  c_w.l(libinit2.o)
    0x08000286   0x00000002   Code   RO         1584    .ARM.Collect$$libinit$$00000033  c_w.l(libinit2.o)
    0x08000288   0x00000002   Code   RO         1612    .ARM.Collect$$libshutdown$$00000000  c_w.l(libshutdown.o)
    0x0800028a   0x00000000   Code   RO         1622    .ARM.Collect$$libshutdown$$00000003  c_w.l(libshutdown2.o)
    0x0800028a   0x00000000   Code   RO         1625    .ARM.Collect$$libshutdown$$00000006  c_w.l(libshutdown2.o)
    0x0800028a   0x00000000   Code   RO         1628    .ARM.Collect$$libshutdown$$00000009  c_w.l(libshutdown2.o)
    0x0800028a   0x00000000   Code   RO         1630    .ARM.Collect$$libshutdown$$0000000B  c_w.l(libshutdown2.o)
    0x0800028a   0x00000000   Code   RO         1633    .ARM.Collect$$libshutdown$$0000000E  c_w.l(libshutdown2.o)
    0x0800028a   0x00000002   Code   RO         1634    .ARM.Collect$$libshutdown$$0000000F  c_w.l(libshutdown2.o)
    0x0800028c   0x00000000   Code   RO         1396    .ARM.Collect$$rtentry$$00000000  c_w.l(__rtentry.o)
    0x0800028c   0x00000000   Code   RO         1459    .ARM.Collect$$rtentry$$00000002  c_w.l(__rtentry2.o)
    0x0800028c   0x00000006   Code   RO         1471    .ARM.Collect$$rtentry$$00000004  c_w.l(__rtentry4.o)
    0x08000292   0x00000000   Code   RO         1461    .ARM.Collect$$rtentry$$00000009  c_w.l(__rtentry2.o)
    0x08000292   0x00000004   Code   RO         1462    .ARM.Collect$$rtentry$$0000000A  c_w.l(__rtentry2.o)
    0x08000296   0x00000000   Code   RO         1464    .ARM.Collect$$rtentry$$0000000C  c_w.l(__rtentry2.o)
    0x08000296   0x00000008   Code   RO         1465    .ARM.Collect$$rtentry$$0000000D  c_w.l(__rtentry2.o)
    0x0800029e   0x00000002   Code   RO         1585    .ARM.Collect$$rtexit$$00000000  c_w.l(rtexit.o)
    0x080002a0   0x00000000   Code   RO         1592    .ARM.Collect$$rtexit$$00000002  c_w.l(rtexit2.o)
    0x080002a0   0x00000004   Code   RO         1593    .ARM.Collect$$rtexit$$00000003  c_w.l(rtexit2.o)
    0x080002a4   0x00000006   Code   RO         1594    .ARM.Collect$$rtexit$$00000004  c_w.l(rtexit2.o)
    0x080002aa   0x00000002   PAD
    0x080002ac   0x0000003c   Code   RO            3    .text               main.o
    0x080002e8   0x000003a4   Code   RO          266    .text               my_api.o
    0x0800068c   0x000003a4   Code   RO          300    .text               dbustask.o
    0x08000a30   0x00000598   Code   RO          322    .text               cantask.o
    0x08000fc8   0x0000011c   Code   RO          368    .text               pid.o
    0x080010e4   0x000006e0   Code   RO          395    .text               gimbaltask.o
    0x080017c4   0x00000450   Code   RO          422    .text               cmtask.o
    0x08001c14   0x00000210   Code   RO          449    .text               pid_modify.o
    0x08001e24   0x00000344   Code   RO          475    .text               auto_attacktask.o
    0x08002168   0x00000084   Code   RO          502    .text               led.o
    0x080021ec   0x000000e8   Code   RO          522    .text               bsp.o
    0x080022d4   0x00000038   Code   RO          548    .text               laser.o
    0x0800230c   0x00000034   Code   RO          568    .text               beep.o
    0x08002340   0x00000158   Code   RO          588    .text               dbus.o
    0x08002498   0x00000184   Code   RO          614    .text               usart.o
    0x0800261c   0x00000174   Code   RO          645    .text               timer.o
    0x08002790   0x000001d0   Code   RO          665    .text               pwm.o
    0x08002960   0x00000114   Code   RO          685    .text               can1.o
    0x08002a74   0x00000114   Code   RO          705    .text               can2.o
    0x08002b88   0x00000104   Code   RO          725    .text               delay.o
    0x08002c8c   0x00000160   Code   RO          765    .text               stmflash.o
    0x08002dec   0x000000b0   Code   RO          785    .text               iwdg.o
    0x08002e9c   0x000004d8   Code   RO          812    .text               referee.o
    0x08003374   0x00000168   Code   RO          840    .text               encoder.o
    0x080034dc   0x00000a98   Code   RO          860    .text               imu.o
    0x08003f74   0x0000016c   Code   RO          887    .text               spi.o
    0x080040e0   0x0000086c   Code   RO          907    .text               mpu6500_driver.o
    0x0800494c   0x000000ac   Code   RO          935    .text               imu_int.o
    0x080049f8   0x000000e0   Code   RO          955    .text               misc.o
    0x08004ad8   0x00000294   Code   RO          975    .text               stm32f4xx_gpio.o
    0x08004d6c   0x00000660   Code   RO          995    .text               stm32f4xx_rcc.o
    0x080053cc   0x00000094   Code   RO         1017    .text               stm32f4xx_syscfg.o
    0x08005460   0x00000454   Code   RO         1037    .text               stm32f4xx_usart.o
    0x080058b4   0x000009f0   Code   RO         1057    .text               stm32f4xx_can.o
    0x080062a4   0x000003a8   Code   RO         1077    .text               stm32f4xx_dma.o
    0x0800664c   0x00000ca2   Code   RO         1097    .text               stm32f4xx_tim.o
    0x080072ee   0x00000002   PAD
    0x080072f0   0x000004ee   Code   RO         1117    .text               stm32f4xx_spi.o
    0x080077de   0x00000002   PAD
    0x080077e0   0x00000698   Code   RO         1137    .text               stm32f4xx_flash.o
    0x08007e78   0x00000040   Code   RO         1157    .text               stm32f4xx_iwdg.o
    0x08007eb8   0x0000001a   Code   RO         1177    .text               stm32f4xx_it.o
    0x08007ed2   0x00000002   PAD
    0x08007ed4   0x00000244   Code   RO         1226    .text               system_stm32f4xx.o
    0x08008118   0x00000110   Code   RO         1252    .text               stm32f4xx_exti.o
    0x08008228   0x00000040   Code   RO         1273    .text               startup_stm32f427_437xx.o
    0x08008268   0x00000002   Code   RO         1279    .text               c_w.l(use_no_semi_2.o)
    0x0800826a   0x00000002   PAD
    0x0800826c   0x00000018   Code   RO         1283    .text               c_w.l(noretval__2printf.o)
    0x08008284   0x00000068   Code   RO         1285    .text               c_w.l(__printf.o)
    0x080082ec   0x00000078   Code   RO         1287    .text               c_w.l(_printf_dec.o)
    0x08008364   0x0000008a   Code   RO         1312    .text               c_w.l(rt_memcpy_v6.o)
    0x080083ee   0x00000064   Code   RO         1314    .text               c_w.l(rt_memcpy_w.o)
    0x08008452   0x0000004e   Code   RO         1316    .text               c_w.l(rt_memclr_w.o)
    0x080084a0   0x00000006   Code   RO         1318    .text               c_w.l(heapauxi.o)
    0x080084a6   0x00000002   Code   RO         1394    .text               c_w.l(use_no_semi.o)
    0x080084a8   0x00000016   Code   RO         1397    .text               c_w.l(_rserrno.o)
    0x080084be   0x000000b2   Code   RO         1399    .text               c_w.l(_printf_intcommon.o)
    0x08008570   0x0000041a   Code   RO         1401    .text               c_w.l(_printf_fp_dec.o)
    0x0800898a   0x00000002   PAD
    0x0800898c   0x00000024   Code   RO         1403    .text               c_w.l(_printf_char_file.o)
    0x080089b0   0x00000008   Code   RO         1476    .text               c_w.l(rt_locale_intlibspace.o)
    0x080089b8   0x00000008   Code   RO         1481    .text               c_w.l(rt_errno_addr_intlibspace.o)
    0x080089c0   0x0000008a   Code   RO         1483    .text               c_w.l(lludiv10.o)
    0x08008a4a   0x00000002   PAD
    0x08008a4c   0x00000030   Code   RO         1485    .text               c_w.l(_printf_char_common.o)
    0x08008a7c   0x00000080   Code   RO         1487    .text               c_w.l(_printf_fp_infnan.o)
    0x08008afc   0x000000dc   Code   RO         1489    .text               c_w.l(bigflt0.o)
    0x08008bd8   0x00000008   Code   RO         1514    .text               c_w.l(ferror.o)
    0x08008be0   0x00000008   Code   RO         1523    .text               c_w.l(libspace.o)
    0x08008be8   0x0000004a   Code   RO         1526    .text               c_w.l(sys_stackheap_outer.o)
    0x08008c32   0x0000000c   Code   RO         1530    .text               c_w.l(exit.o)
    0x08008c3e   0x00000002   PAD
    0x08008c40   0x00000080   Code   RO         1532    .text               c_w.l(strcmpv7m.o)
    0x08008cc0   0x0000003e   Code   RO         1492    CL$$btod_d2e        c_w.l(btod.o)
    0x08008cfe   0x00000046   Code   RO         1494    CL$$btod_d2e_denorm_low  c_w.l(btod.o)
    0x08008d44   0x00000060   Code   RO         1493    CL$$btod_d2e_norm_op1  c_w.l(btod.o)
    0x08008da4   0x00000338   Code   RO         1502    CL$$btod_div_common  c_w.l(btod.o)
    0x080090dc   0x000000c6   Code   RO         1499    CL$$btod_e2e        c_w.l(btod.o)
    0x080091a2   0x00000028   Code   RO         1496    CL$$btod_ediv       c_w.l(btod.o)
    0x080091ca   0x00000028   Code   RO         1495    CL$$btod_emul       c_w.l(btod.o)
    0x080091f2   0x00000244   Code   RO         1501    CL$$btod_mult_common  c_w.l(btod.o)
    0x08009436   0x00000030   Code   RO         1453    i.__ARM_fpclassify  m_wm.l(fpclassify.o)
    0x08009466   0x00000002   PAD
    0x08009468   0x00000360   Code   RO         1356    i.__hardfp_asin     m_wm.l(asin.o)
    0x080097c8   0x000002d8   Code   RO         1419    i.__hardfp_atan     m_wm.l(atan.o)
    0x08009aa0   0x000001f0   Code   RO         1370    i.__hardfp_atan2    m_wm.l(atan2.o)
    0x08009c90   0x0000007a   Code   RO         1382    i.__hardfp_sqrt     m_wm.l(sqrt.o)
    0x08009d0a   0x000000f8   Code   RO         1455    i.__kernel_poly     m_wm.l(poly.o)
    0x08009e02   0x00000014   Code   RO         1434    i.__mathlib_dbl_infnan  m_wm.l(dunder.o)
    0x08009e16   0x00000014   Code   RO         1435    i.__mathlib_dbl_infnan2  m_wm.l(dunder.o)
    0x08009e2a   0x00000006   PAD
    0x08009e30   0x00000020   Code   RO         1436    i.__mathlib_dbl_invalid  m_wm.l(dunder.o)
    0x08009e50   0x00000020   Code   RO         1439    i.__mathlib_dbl_underflow  m_wm.l(dunder.o)
    0x08009e70   0x00000010   Code   RO         1421    i.atan              m_wm.l(atan.o)
    0x08009e80   0x00000018   Code   RO         1449    i.fabs              m_wm.l(fabs.o)
    0x08009e98   0x0000006e   Code   RO         1384    i.sqrt              m_wm.l(sqrt.o)
    0x08009f06   0x00000002   PAD
    0x08009f08   0x0000002c   Code   RO         1519    locale$$code        c_w.l(lc_numeric_c.o)
    0x08009f34   0x00000018   Code   RO         1322    x$fpl$basic         fz_wm.l(basic.o)
    0x08009f4c   0x00000062   Code   RO         1324    x$fpl$d2f           fz_wm.l(d2f.o)
    0x08009fae   0x00000002   PAD
    0x08009fb0   0x00000150   Code   RO         1326    x$fpl$dadd          fz_wm.l(daddsub_clz.o)
    0x0800a100   0x00000018   Code   RO         1406    x$fpl$dcmpinf       fz_wm.l(dcmpi.o)
    0x0800a118   0x000002b0   Code   RO         1333    x$fpl$ddiv          fz_wm.l(ddiv.o)
    0x0800a3c8   0x0000005e   Code   RO         1336    x$fpl$dfix          fz_wm.l(dfix.o)
    0x0800a426   0x0000002e   Code   RO         1341    x$fpl$dflt          fz_wm.l(dflt_clz.o)
    0x0800a454   0x00000078   Code   RO         1346    x$fpl$dleqf         fz_wm.l(dleqf.o)
    0x0800a4cc   0x00000154   Code   RO         1348    x$fpl$dmul          fz_wm.l(dmul.o)
    0x0800a620   0x0000009c   Code   RO         1408    x$fpl$dnaninf       fz_wm.l(dnaninf.o)
    0x0800a6bc   0x0000000c   Code   RO         1410    x$fpl$dretinf       fz_wm.l(dretinf.o)
    0x0800a6c8   0x0000006c   Code   RO         1350    x$fpl$drleqf        fz_wm.l(drleqf.o)
    0x0800a734   0x00000016   Code   RO         1327    x$fpl$drsb          fz_wm.l(daddsub_clz.o)
    0x0800a74a   0x00000002   PAD
    0x0800a74c   0x00000198   Code   RO         1412    x$fpl$dsqrt         fz_wm.l(dsqrt_umaal.o)
    0x0800a8e4   0x000001d4   Code   RO         1328    x$fpl$dsub          fz_wm.l(daddsub_clz.o)
    0x0800aab8   0x00000056   Code   RO         1352    x$fpl$f2d           fz_wm.l(f2d.o)
    0x0800ab0e   0x0000008c   Code   RO         1414    x$fpl$fnaninf       fz_wm.l(fnaninf.o)
    0x0800ab9a   0x0000000a   Code   RO         1589    x$fpl$fpinit        fz_wm.l(fpinit.o)
    0x0800aba4   0x0000000a   Code   RO         1416    x$fpl$fretinf       fz_wm.l(fretinf.o)
    0x0800abae   0x00000004   Code   RO         1354    x$fpl$printf1       fz_wm.l(printf1.o)
    0x0800abb2   0x00000000   Code   RO         1418    x$fpl$usenofp       fz_wm.l(usenofp.o)
    0x0800abb2   0x00000101   Data   RO          814    .constdata          referee.o
    0x0800acb3   0x00000001   PAD
    0x0800acb4   0x00000014   Data   RO          909    .constdata          mpu6500_driver.o
    0x0800acc8   0x00000050   Data   RO         1359    .constdata          m_wm.l(asin.o)
    0x0800ad18   0x00000098   Data   RO         1422    .constdata          m_wm.l(atan.o)
    0x0800adb0   0x00000008   Data   RO         1457    .constdata          m_wm.l(qnan.o)
    0x0800adb8   0x00000094   Data   RO         1490    .constdata          c_w.l(bigflt0.o)
    0x0800ae4c   0x00000020   Data   RO         1659    Region$$Table       anon$$obj.o
    0x0800ae6c   0x0000001c   Data   RO         1518    locale$$data        c_w.l(lc_numeric_c.o)


    Execution Region RW_IRAM1 (Base: 0x20000000, Size: 0x00001088, Max: 0x00030000, ABSOLUTE, COMPRESSED[0x00000094])

    Base Addr    Size         Type   Attr      Idx    E Section Name        Object

    0x20000000   0x0000007d   Data   RW          267    .data               my_api.o
    0x2000007d   0x00000001   Data   RW          301    .data               dbustask.o
    0x2000007e   0x00000002   PAD
    0x20000080   0x0000001d   Data   RW          323    .data               cantask.o
    0x2000009d   0x00000003   PAD
    0x200000a0   0x00000092   Data   RW          370    .data               pid.o
    0x20000132   0x00000002   PAD
    0x20000134   0x00000015   Data   RW          396    .data               gimbaltask.o
    0x20000149   0x00000003   PAD
    0x2000014c   0x0000001a   Data   RW          423    .data               cmtask.o
    0x20000166   0x0000000c   Data   RW          477    .data               auto_attacktask.o
    0x20000172   0x00000002   PAD
    0x20000174   0x00000010   Data   RW          523    .data               bsp.o
    0x20000184   0x00000004   Data   RW          616    .data               usart.o
    0x20000188   0x00000004   Data   RW          726    .data               delay.o
    0x2000018c   0x0000000d   Data   RW          787    .data               iwdg.o
    0x20000199   0x00000001   PAD
    0x2000019a   0x00000007   Data   RW          815    .data               referee.o
    0x200001a1   0x00000003   PAD
    0x200001a4   0x0000002c   Data   RW          862    .data               imu.o
    0x200001d0   0x00000041   Data   RW          910    .data               mpu6500_driver.o
    0x20000211   0x00000010   Data   RW          996    .data               stm32f4xx_rcc.o
    0x20000221   0x00000003   PAD
    0x20000224   0x00000014   Data   RW         1227    .data               system_stm32f4xx.o
    0x20000238   0x00000500   Zero   RW          450    .bss                pid_modify.o
    0x20000738   0x00000030   Zero   RW          476    .bss                auto_attacktask.o
    0x20000768   0x00000019   Zero   RW          589    .bss                dbus.o
    0x20000781   0x00000003   PAD
    0x20000784   0x00000030   Zero   RW          615    .bss                usart.o
    0x200007b4   0x00000030   Zero   RW          786    .bss                iwdg.o
    0x200007e4   0x000000ec   Zero   RW          813    .bss                referee.o
    0x200008d0   0x000000a8   Zero   RW          861    .bss                imu.o
    0x20000978   0x000000ac   Zero   RW          908    .bss                mpu6500_driver.o
    0x20000a24   0x00000060   Zero   RW         1524    .bss                c_w.l(libspace.o)
    0x20000a84   0x00000004   PAD
    0x20000a88   0x00000200   Zero   RW         1271    HEAP                startup_stm32f427_437xx.o
    0x20000c88   0x00000400   Zero   RW         1270    STACK               startup_stm32f427_437xx.o


==============================================================================

Image component sizes


      Code (inc. data)   RO Data    RW Data    ZI Data      Debug   Object Name

       836         58          0         12         48       4181   auto_attacktask.o
        52          4          0          0          0        513   beep.o
       232         22          0         16          0       2248   bsp.o
       276         10          0          0          0       1029   can1.o
       276          8          0          0          0       1033   can2.o
      1432        110          0         29          0       4489   cantask.o
      1104         70          0         26          0       2757   cmtask.o
       344         22          0          0         25       1771   dbus.o
       932         70          0          1          0       2329   dbustask.o
       260          8          0          4          0       1422   delay.o
       360         18          0          0          0       1567   encoder.o
      1760        138          0         21          0       5461   gimbaltask.o
      2712        102          0         44        168       3819   imu.o
       172         10          0          0          0       1086   imu_int.o
       176         18          0         13         48       3089   iwdg.o
        56          6          0          0          0        518   laser.o
       132         14          0          0          0        690   led.o
        60          4          0          0          0     331983   main.o
       224         20          0          0          0       1825   misc.o
      2156        112         20         65        172       6941   mpu6500_driver.o
       932        106          0        125          0       4371   my_api.o
       284         14          0        146          0       2853   pid.o
       528         14          0          0       1280       3417   pid_modify.o
       464         20          0          0          0       1189   pwm.o
      1240        118        257          7        236       5542   referee.o
       364          8          0          0          0       1418   spi.o
        64         26        428          0       1536        840   startup_stm32f427_437xx.o
      2544         38          0          0          0       7980   stm32f4xx_can.o
       936         32          0          0          0       6305   stm32f4xx_dma.o
       272         10          0          0          0       2271   stm32f4xx_exti.o
      1688         24          0          0          0       9162   stm32f4xx_flash.o
       660         44          0          0          0       4105   stm32f4xx_gpio.o
        26          0          0          0          0       1226   stm32f4xx_it.o
        64          6          0          0          0       1337   stm32f4xx_iwdg.o
      1632         54          0         16          0      12952   stm32f4xx_rcc.o
      1262         38          0          0          0       7305   stm32f4xx_spi.o
       148         12          0          0          0       1849   stm32f4xx_syscfg.o
      3234         60          0          0          0      22308   stm32f4xx_tim.o
      1108         34          0          0          0       7804   stm32f4xx_usart.o
       352         48          0          0          0       2348   stmflash.o
       580         46          0         20          0       1819   system_stm32f4xx.o
       372         10          0          0          0       1805   timer.o
       388         14          0          4         48       3968   usart.o

    ----------------------------------------------------------------------
     32700       1600        738        568       3564     492925   Object Totals
         0          0         32          0          0          0   (incl. Generated)
         6          0          1         19          3          0   (incl. Padding)

    ----------------------------------------------------------------------

      Code (inc. data)   RO Data    RW Data    ZI Data      Debug   Library Member Name

        90          0          0          0          0          0   __dczerorl2.o
         8          0          0          0          0         68   __main.o
       104          0          0          0          0         84   __printf.o
         0          0          0          0          0          0   __rtentry.o
        12          0          0          0          0          0   __rtentry2.o
         6          0          0          0          0          0   __rtentry4.o
        52          8          0          0          0          0   __scatter.o
        28          0          0          0          0          0   __scatter_zi.o
        48          6          0          0          0         96   _printf_char_common.o
        36          4          0          0          0         80   _printf_char_file.o
         6          0          0          0          0          0   _printf_d.o
       120         16          0          0          0         92   _printf_dec.o
         6          0          0          0          0          0   _printf_f.o
      1050          0          0          0          0        216   _printf_fp_dec.o
       128         16          0          0          0         84   _printf_fp_infnan.o
       178          0          0          0          0         88   _printf_intcommon.o
         0          0          0          0          0          0   _printf_percent.o
         4          0          0          0          0          0   _printf_percent_end.o
        22          0          0          0          0        100   _rserrno.o
       220          4        148          0          0         96   bigflt0.o
      1910        128          0          0          0        672   btod.o
        12          0          0          0          0         72   exit.o
         8          0          0          0          0         68   ferror.o
         6          0          0          0          0        152   heapauxi.o
        44         10         28          0          0         76   lc_numeric_c.o
         2          0          0          0          0          0   libinit.o
        22          0          0          0          0          0   libinit2.o
         2          0          0          0          0          0   libshutdown.o
         2          0          0          0          0          0   libshutdown2.o
         8          4          0          0         96         68   libspace.o
       138          0          0          0          0         80   lludiv10.o
        24          4          0          0          0         84   noretval__2printf.o
         8          4          0          0          0         68   rt_errno_addr_intlibspace.o
         8          4          0          0          0         68   rt_locale_intlibspace.o
        78          0          0          0          0         80   rt_memclr_w.o
       138          0          0          0          0         68   rt_memcpy_v6.o
       100          0          0          0          0         80   rt_memcpy_w.o
         2          0          0          0          0          0   rtexit.o
        10          0          0          0          0          0   rtexit2.o
       128          0          0          0          0         68   strcmpv7m.o
        74          0          0          0          0         80   sys_stackheap_outer.o
         2          0          0          0          0         68   use_no_semi.o
         2          0          0          0          0         68   use_no_semi_2.o
        24          0          0          0          0        164   basic.o
        98          4          0          0          0        140   d2f.o
       826         16          0          0          0        492   daddsub_clz.o
        24          0          0          0          0        116   dcmpi.o
       688        140          0          0          0        256   ddiv.o
        94          4          0          0          0        140   dfix.o
        46          0          0          0          0        116   dflt_clz.o
       120          4          0          0          0        140   dleqf.o
       340         12          0          0          0        152   dmul.o
       156          4          0          0          0        140   dnaninf.o
        12          0          0          0          0        116   dretinf.o
       108          0          0          0          0        128   drleqf.o
       408         56          0          0          0        168   dsqrt_umaal.o
        86          4          0          0          0        132   f2d.o
       140          4          0          0          0        132   fnaninf.o
        10          0          0          0          0        116   fpinit.o
        10          0          0          0          0        116   fretinf.o
         4          0          0          0          0        116   printf1.o
         0          0          0          0          0          0   usenofp.o
       864         94         80          0          0        280   asin.o
       744        106        152          0          0        352   atan.o
       496         64          0          0          0        192   atan2.o
       104         16          0          0          0        496   dunder.o
        24          0          0          0          0        124   fabs.o
        48          0          0          0          0        124   fpclassify.o
       248          0          0          0          0        152   poly.o
         0          0          8          0          0          0   qnan.o
       232          0          0          0          0        296   sqrt.o

    ----------------------------------------------------------------------
     10826        736        416          0        100       7820   Library Totals
        26          0          0          0          4          0   (incl. Padding)

    ----------------------------------------------------------------------

      Code (inc. data)   RO Data    RW Data    ZI Data      Debug   Library Name

      4846        208        176          0         96       2924   c_w.l
      3194        248          0          0          0       2880   fz_wm.l
      2760        280        240          0          0       2016   m_wm.l

    ----------------------------------------------------------------------
     10826        736        416          0        100       7820   Library Totals

    ----------------------------------------------------------------------

==============================================================================


      Code (inc. data)   RO Data    RW Data    ZI Data      Debug   

     43526       2336       1154        568       3664     487433   Grand Totals
     43526       2336       1154        148       3664     487433   ELF Image Totals (compressed)
     43526       2336       1154        148          0          0   ROM Totals

==============================================================================

    Total RO  Size (Code + RO Data)                44680 (  43.63kB)
    Total RW  Size (RW Data + ZI Data)              4232 (   4.13kB)
    Total ROM Size (Code + RO Data + RW Data)      44828 (  43.78kB)

==============================================================================

