<html>
<body>
<pre>
<h1>礦ision Build Log</h1>
<h2>Tool Versions:</h2>
IDE-Version: μVision V5.26.2.0
Copyright (C) 2018 ARM Ltd and ARM Germany GmbH. All rights reserved.
License Information: wky wky, wre, LIC=KRMFW-QWRHU-61NPW-QND0Y-DLA2P-BACZY
 
Tool Versions:
Toolchain:       MDK-ARM Plus  Version: 5.26.2.0
Toolchain Path:  C:\Keil_v5\ARM\ARMCC\Bin
C Compiler:      Armcc.exe V5.06 update 6 (build 750)
Assembler:       Armasm.exe V5.06 update 6 (build 750)
Linker/Locator:  ArmLink.exe V5.06 update 6 (build 750)
Library Manager: ArmAr.exe V5.06 update 6 (build 750)
Hex Converter:   FromElf.exe V5.06 update 6 (build 750)
CPU DLL:         SARMCM3.DLL V5.26.2.0
Dialog DLL:      DCM.DLL V1.17.2.0
Target DLL:      Segger\JL2CM3.dll V2.99.31.0
Dialog DLL:      TCM.DLL V1.36.1.0
 
<h2>Project:</h2>
D:\RMDownload\2018分区赛\步兵\version2_5_1\infantry\USER\CAN.uvprojx
Project File Date:  12/08/2018

<h2>Output:</h2>
*** Using Compiler 'V5.06 update 6 (build 750)', folder: 'C:\Keil_v5\ARM\ARMCC\Bin'
Build target 'CAN'
compiling pid.c...
compiling my_api.c...
..\Task\my_api.c(167): warning:  #177-D: variable "cali_success_flag"  was declared but never referenced
  	  static char cali_success_flag = 0;
..\Task\my_api.c(168): warning:  #177-D: variable "cnt"  was declared but never referenced
      static char cnt = 0,cnt1 = 0;
..\Task\my_api.c(168): warning:  #177-D: variable "cnt1"  was declared but never referenced
      static char cnt = 0,cnt1 = 0;
..\Task\my_api.c: 3 warnings, 0 errors
compiling main.c...
compiling RemoteTask.c...
compiling GimbalTask.c...
..\Task\GimbalTask.c(64): warning:  #177-D: variable "Position_Ki"  was declared but never referenced
  	static const float Position_Ki = 0.001;
..\Task\GimbalTask.c(176): warning:  #1035-D: single-precision operand implicitly converted to double-precision
  		  PositionOutPut = (AutoData.PitchAxiaAngle + 2.6) * 8.0f;
..\Task\GimbalTask.c(140): warning:  #177-D: variable "Encoder_E"  was declared but never referenced
  		static float Encoder_init = 0, Encoder_E, Gimbal_MaxOutPut = 0;
..\Task\GimbalTask.c(141): warning:  #177-D: variable "mode"  was declared but never referenced
  		static u8 mode = 0;
..\Task\GimbalTask.c(142): warning:  #177-D: variable "cout"  was declared but never referenced
  		static int cout = 0;
..\Task\GimbalTask.c(144): warning:  #177-D: variable "angle2zero"  was declared but never referenced
  	  static char angle2zero = 0;
..\Task\GimbalTask.c(47): warning:  #550-D: variable "yaw_ierror"  was set but never used
  static float yaw_ierror = 0;
..\Task\GimbalTask.c: 7 warnings, 0 errors
compiling CanTask.c...
..\Task\CanTask.c(352): warning:  #177-D: variable "i"  was declared but never referenced
  	  int i=0;
..\Task\CanTask.c(353): warning:  #550-D: variable "mbox"  was set but never used
  	  u8 mbox;
..\Task\CanTask.c: 2 warnings, 0 errors
compiling DbusTask.c...
compiling bsp.c...
compiling laser.c...
compiling pid_modify.c...
compiling Auto_attackTask.c...
compiling led.c...
compiling CmTask.c...
compiling beep.c...
compiling can2.c...
compiling delay.c...
compiling timer.c...
compiling usart.c...
..\BSP\usart.c(147): warning:  #177-D: variable "NVIC_InitStructure_USART3"  was declared but never referenced
  	NVIC_InitTypeDef NVIC_InitStructure_USART3;
..\BSP\usart.c: 1 warning, 0 errors
compiling can1.c...
compiling dbus.c...
compiling pwm.c...
compiling sys.c...
compiling stmflash.c...
compiling MPU6500_driver.c...
compiling iwdg.c...
compiling Referee.c...
..\BSP\Referee.c(90): warning:  #550-D: variable "i"  was set but never used
      u16 i=0 ;  
..\BSP\Referee.c: 1 warning, 0 errors
compiling spi.c...
compiling imu.c...
compiling imu_int.c...
compiling misc.c...
compiling stm32f4xx_syscfg.c...
compiling stm32f4xx_can.c...
compiling stm32f4xx_gpio.c...
compiling stm32f4xx_rcc.c...
compiling stm32f4xx_usart.c...
compiling stm32f4xx_iwdg.c...
compiling stm32f4xx_it.c...
compiling system_stm32f4xx.c...
compiling stm32f4xx_dma.c...
compiling stm32f4xx_tim.c...
compiling stm32f4xx_spi.c...
assembling startup_stm32f427_437xx.s...
compiling stm32f4xx_flash.c...
compiling stm32f4xx_exti.c...
linking...
Program Size: Code=40622 RO-data=978 RW-data=596 ZI-data=4052  
FromELF: creating hex file...
"..\OBJ\CAN.axf" - 0 Error(s), 14 Warning(s).

<h2>Software Packages used:</h2>

Package Vendor: Keil
                http://www.keil.com/pack/Keil.STM32F4xx_DFP.1.0.8.pack
                Keil.STM32F4xx_DFP.1.0.8
                STMicroelectronics STM32F4 Series Device Support, Drivers and Examples

<h2>Collection of Component include folders:</h2>
  .\RTE\_CAN
  C:\Keil_v5\ARM\PACK\Keil\STM32F4xx_DFP\1.0.8\Device\Include

<h2>Collection of Component Files used:</h2>
Build Time Elapsed:  00:00:13
</pre>
</body>
</html>
